Archive member included to satisfy reference by file (symbol)

d:/tools/gnuarm~1/102021~1.10/bin/../lib/gcc/arm-none-eabi/10.3.1/../../../../arm-none-eabi/lib/thumb/v6-m/nofp\libc_nano.a(lib_a-exit.o)
                              d:/tools/gnuarm~1/102021~1.10/bin/../lib/gcc/arm-none-eabi/10.3.1/../../../../arm-none-eabi/lib/thumb/v6-m/nofp/crt0.o (exit)
d:/tools/gnuarm~1/102021~1.10/bin/../lib/gcc/arm-none-eabi/10.3.1/../../../../arm-none-eabi/lib/thumb/v6-m/nofp\libc_nano.a(lib_a-impure.o)
                              d:/tools/gnuarm~1/102021~1.10/bin/../lib/gcc/arm-none-eabi/10.3.1/../../../../arm-none-eabi/lib/thumb/v6-m/nofp\libc_nano.a(lib_a-exit.o) (_global_impure_ptr)
d:/tools/gnuarm~1/102021~1.10/bin/../lib/gcc/arm-none-eabi/10.3.1/../../../../arm-none-eabi/lib/thumb/v6-m/nofp\libc_nano.a(lib_a-init.o)
                              d:/tools/gnuarm~1/102021~1.10/bin/../lib/gcc/arm-none-eabi/10.3.1/../../../../arm-none-eabi/lib/thumb/v6-m/nofp/crt0.o (__libc_init_array)
d:/tools/gnuarm~1/102021~1.10/bin/../lib/gcc/arm-none-eabi/10.3.1/../../../../arm-none-eabi/lib/thumb/v6-m/nofp\libc_nano.a(lib_a-memset.o)
                              d:/tools/gnuarm~1/102021~1.10/bin/../lib/gcc/arm-none-eabi/10.3.1/../../../../arm-none-eabi/lib/thumb/v6-m/nofp/crt0.o (memset)
d:/tools/gnuarm~1/102021~1.10/bin/../lib/gcc/arm-none-eabi/10.3.1/thumb/v6-m/nofp\libgcc.a(_udivsi3.o)
                              CMakeFiles/ABCPhase_LowPowerControlModeule.dir/Drivers/STM32L0xx_HAL_Driver/Src/stm32l0xx_hal.c.obj (__aeabi_uidiv)
d:/tools/gnuarm~1/102021~1.10/bin/../lib/gcc/arm-none-eabi/10.3.1/thumb/v6-m/nofp\libgcc.a(_dvmd_tls.o)
                              d:/tools/gnuarm~1/102021~1.10/bin/../lib/gcc/arm-none-eabi/10.3.1/thumb/v6-m/nofp\libgcc.a(_udivsi3.o) (__aeabi_idiv0)
d:/tools/gnuarm~1/102021~1.10/bin/../lib/gcc/arm-none-eabi/10.3.1/thumb/v6-m/nofp\libgcc.a(_aeabi_uldivmod.o)
                              CMakeFiles/ABCPhase_LowPowerControlModeule.dir/Drivers/STM32L0xx_HAL_Driver/Src/stm32l0xx_hal_uart.c.obj (__aeabi_uldivmod)
d:/tools/gnuarm~1/102021~1.10/bin/../lib/gcc/arm-none-eabi/10.3.1/thumb/v6-m/nofp\libgcc.a(_udivmoddi4.o)
                              d:/tools/gnuarm~1/102021~1.10/bin/../lib/gcc/arm-none-eabi/10.3.1/thumb/v6-m/nofp\libgcc.a(_aeabi_uldivmod.o) (__udivmoddi4)
d:/tools/gnuarm~1/102021~1.10/bin/../lib/gcc/arm-none-eabi/10.3.1/thumb/v6-m/nofp\libgcc.a(_clzdi2.o)
                              d:/tools/gnuarm~1/102021~1.10/bin/../lib/gcc/arm-none-eabi/10.3.1/thumb/v6-m/nofp\libgcc.a(_udivmoddi4.o) (__clzdi2)
d:/tools/gnuarm~1/102021~1.10/bin/../lib/gcc/arm-none-eabi/10.3.1/thumb/v6-m/nofp\libgcc.a(_clzsi2.o)
                              d:/tools/gnuarm~1/102021~1.10/bin/../lib/gcc/arm-none-eabi/10.3.1/thumb/v6-m/nofp\libgcc.a(_clzdi2.o) (__clzsi2)
d:/tools/gnuarm~1/102021~1.10/bin/../lib/gcc/arm-none-eabi/10.3.1/../../../../arm-none-eabi/lib/thumb/v6-m/nofp\libg_nano.a(lib_a-errno.o)
                              CMakeFiles/ABCPhase_LowPowerControlModeule.dir/Core/Src/sysmem.c.obj (__errno)
d:/tools/gnuarm~1/102021~1.10/bin/../lib/gcc/arm-none-eabi/10.3.1/../../../../arm-none-eabi/lib/thumb/v6-m/nofp\libg_nano.a(lib_a-vsnprintf.o)
                              CMakeFiles/ABCPhase_LowPowerControlModeule.dir/Bsp/bsp_dbg_uart.c.obj (vsnprintf)
d:/tools/gnuarm~1/102021~1.10/bin/../lib/gcc/arm-none-eabi/10.3.1/../../../../arm-none-eabi/lib/thumb/v6-m/nofp\libg_nano.a(lib_a-nano-svfprintf.o)
                              d:/tools/gnuarm~1/102021~1.10/bin/../lib/gcc/arm-none-eabi/10.3.1/../../../../arm-none-eabi/lib/thumb/v6-m/nofp\libg_nano.a(lib_a-vsnprintf.o) (_svfprintf_r)
d:/tools/gnuarm~1/102021~1.10/bin/../lib/gcc/arm-none-eabi/10.3.1/../../../../arm-none-eabi/lib/thumb/v6-m/nofp\libg_nano.a(lib_a-nano-vfprintf_i.o)
                              d:/tools/gnuarm~1/102021~1.10/bin/../lib/gcc/arm-none-eabi/10.3.1/../../../../arm-none-eabi/lib/thumb/v6-m/nofp\libg_nano.a(lib_a-nano-svfprintf.o) (_printf_i)
d:/tools/gnuarm~1/102021~1.10/bin/../lib/gcc/arm-none-eabi/10.3.1/../../../../arm-none-eabi/lib/thumb/v6-m/nofp\libg_nano.a(lib_a-memchr-stub.o)
                              d:/tools/gnuarm~1/102021~1.10/bin/../lib/gcc/arm-none-eabi/10.3.1/../../../../arm-none-eabi/lib/thumb/v6-m/nofp\libg_nano.a(lib_a-nano-svfprintf.o) (memchr)
d:/tools/gnuarm~1/102021~1.10/bin/../lib/gcc/arm-none-eabi/10.3.1/../../../../arm-none-eabi/lib/thumb/v6-m/nofp\libg_nano.a(lib_a-memcpy-stub.o)
                              d:/tools/gnuarm~1/102021~1.10/bin/../lib/gcc/arm-none-eabi/10.3.1/../../../../arm-none-eabi/lib/thumb/v6-m/nofp\libg_nano.a(lib_a-nano-svfprintf.o) (memcpy)
d:/tools/gnuarm~1/102021~1.10/bin/../lib/gcc/arm-none-eabi/10.3.1/../../../../arm-none-eabi/lib/thumb/v6-m/nofp\libg_nano.a(lib_a-memmove.o)
                              d:/tools/gnuarm~1/102021~1.10/bin/../lib/gcc/arm-none-eabi/10.3.1/../../../../arm-none-eabi/lib/thumb/v6-m/nofp\libg_nano.a(lib_a-nano-svfprintf.o) (memmove)
[...]
Memory Configuration

Name             Origin             Length             Attributes
RAM              0x20000000         0x00002000         xrw
FLASH            0x08000000         0x00008000         xr
*default*        0x00000000         0xffffffff

Linker script and memory map

LOAD d:/tools/gnuarm~1/102021~1.10/bin/../lib/gcc/arm-none-eabi/10.3.1/thumb/v6-m/nofp/crti.o
LOAD d:/tools/gnuarm~1/102021~1.10/bin/../lib/gcc/arm-none-eabi/10.3.1/thumb/v6-m/nofp/crtbegin.o
LOAD d:/tools/gnuarm~1/102021~1.10/bin/../lib/gcc/arm-none-eabi/10.3.1/../../../../arm-none-eabi/lib/thumb/v6-m/nofp/crt0.o
START GROUP
LOAD d:/tools/gnuarm~1/102021~1.10/bin/../lib/gcc/arm-none-eabi/10.3.1/../../../../arm-none-eabi/lib/thumb/v6-m/nofp\libc_nano.a
LOAD d:/tools/gnuarm~1/102021~1.10/bin/../lib/gcc/arm-none-eabi/10.3.1/../../../../arm-none-eabi/lib/thumb/v6-m/nofp\libm.a
END GROUP
LOAD CMakeFiles/ABCPhase_LowPowerControlModeule.dir/App/app_main.c.obj
LOAD CMakeFiles/ABCPhase_LowPowerControlModeule.dir/App/app_lora.c.obj
LOAD CMakeFiles/ABCPhase_LowPowerControlModeule.dir/App/app_lora_procotol.c.obj
LOAD CMakeFiles/ABCPhase_LowPowerControlModeule.dir/Bsp/bsp_dbg_uart.c.obj
LOAD CMakeFiles/ABCPhase_LowPowerControlModeule.dir/Bsp/bsp_lora_uart.c.obj
LOAD CMakeFiles/ABCPhase_LowPowerControlModeule.dir/Bsp/bsp_gpio.c.obj
LOAD CMakeFiles/ABCPhase_LowPowerControlModeule.dir/Bsp/bsp_system.c.obj
LOAD CMakeFiles/ABCPhase_LowPowerControlModeule.dir/Core/Src/main.c.obj
LOAD CMakeFiles/ABCPhase_LowPowerControlModeule.dir/Core/Src/gpio.c.obj
LOAD CMakeFiles/ABCPhase_LowPowerControlModeule.dir/Core/Src/dma.c.obj
LOAD CMakeFiles/ABCPhase_LowPowerControlModeule.dir/Core/Src/iwdg.c.obj
LOAD CMakeFiles/ABCPhase_LowPowerControlModeule.dir/Core/Src/usart.c.obj
LOAD CMakeFiles/ABCPhase_LowPowerControlModeule.dir/Core/Src/stm32l0xx_it.c.obj
LOAD CMakeFiles/ABCPhase_LowPowerControlModeule.dir/Core/Src/stm32l0xx_hal_msp.c.obj
LOAD CMakeFiles/ABCPhase_LowPowerControlModeule.dir/Drivers/STM32L0xx_HAL_Driver/Src/stm32l0xx_hal_iwdg.c.obj
LOAD CMakeFiles/ABCPhase_LowPowerControlModeule.dir/Drivers/STM32L0xx_HAL_Driver/Src/stm32l0xx_hal.c.obj
LOAD CMakeFiles/ABCPhase_LowPowerControlModeule.dir/Drivers/STM32L0xx_HAL_Driver/Src/stm32l0xx_hal_i2c.c.obj
LOAD CMakeFiles/ABCPhase_LowPowerControlModeule.dir/Drivers/STM32L0xx_HAL_Driver/Src/stm32l0xx_hal_lptim.c.obj
LOAD CMakeFiles/ABCPhase_LowPowerControlModeule.dir/Drivers/STM32L0xx_HAL_Driver/Src/stm32l0xx_hal_i2c_ex.c.obj
LOAD CMakeFiles/ABCPhase_LowPowerControlModeule.dir/Drivers/STM32L0xx_HAL_Driver/Src/stm32l0xx_hal_rcc.c.obj
LOAD CMakeFiles/ABCPhase_LowPowerControlModeule.dir/Drivers/STM32L0xx_HAL_Driver/Src/stm32l0xx_hal_rcc_ex.c.obj
LOAD CMakeFiles/ABCPhase_LowPowerControlModeule.dir/Drivers/STM32L0xx_HAL_Driver/Src/stm32l0xx_hal_flash_ramfunc.c.obj
LOAD CMakeFiles/ABCPhase_LowPowerControlModeule.dir/Drivers/STM32L0xx_HAL_Driver/Src/stm32l0xx_hal_flash.c.obj
LOAD CMakeFiles/ABCPhase_LowPowerControlModeule.dir/Drivers/STM32L0xx_HAL_Driver/Src/stm32l0xx_hal_flash_ex.c.obj
LOAD CMakeFiles/ABCPhase_LowPowerControlModeule.dir/Drivers/STM32L0xx_HAL_Driver/Src/stm32l0xx_hal_gpio.c.obj
LOAD CMakeFiles/ABCPhase_LowPowerControlModeule.dir/Drivers/STM32L0xx_HAL_Driver/Src/stm32l0xx_hal_dma.c.obj
LOAD CMakeFiles/ABCPhase_LowPowerControlModeule.dir/Drivers/STM32L0xx_HAL_Driver/Src/stm32l0xx_hal_pwr.c.obj
LOAD CMakeFiles/ABCPhase_LowPowerControlModeule.dir/Drivers/STM32L0xx_HAL_Driver/Src/stm32l0xx_hal_pwr_ex.c.obj
LOAD CMakeFiles/ABCPhase_LowPowerControlModeule.dir/Drivers/STM32L0xx_HAL_Driver/Src/stm32l0xx_hal_cortex.c.obj
LOAD CMakeFiles/ABCPhase_LowPowerControlModeule.dir/Drivers/STM32L0xx_HAL_Driver/Src/stm32l0xx_hal_exti.c.obj
LOAD CMakeFiles/ABCPhase_LowPowerControlModeule.dir/Drivers/STM32L0xx_HAL_Driver/Src/stm32l0xx_hal_uart.c.obj
LOAD CMakeFiles/ABCPhase_LowPowerControlModeule.dir/Drivers/STM32L0xx_HAL_Driver/Src/stm32l0xx_hal_uart_ex.c.obj
LOAD CMakeFiles/ABCPhase_LowPowerControlModeule.dir/Core/Src/system_stm32l0xx.c.obj
LOAD CMakeFiles/ABCPhase_LowPowerControlModeule.dir/Core/Src/sysmem.c.obj
LOAD CMakeFiles/ABCPhase_LowPowerControlModeule.dir/Core/Src/syscalls.c.obj
LOAD CMakeFiles/ABCPhase_LowPowerControlModeule.dir/startup_stm32l031xx.s.obj
START GROUP
LOAD d:/tools/gnuarm~1/102021~1.10/bin/../lib/gcc/arm-none-eabi/10.3.1/thumb/v6-m/nofp\libgcc.a
LOAD d:/tools/gnuarm~1/102021~1.10/bin/../lib/gcc/arm-none-eabi/10.3.1/../../../../arm-none-eabi/lib/thumb/v6-m/nofp\libg_nano.a
LOAD d:/tools/gnuarm~1/102021~1.10/bin/../lib/gcc/arm-none-eabi/10.3.1/../../../../arm-none-eabi/lib/thumb/v6-m/nofp\libc_nano.a
END GROUP
START GROUP
LOAD d:/tools/gnuarm~1/102021~1.10/bin/../lib/gcc/arm-none-eabi/10.3.1/thumb/v6-m/nofp\libgcc.a
LOAD d:/tools/gnuarm~1/102021~1.10/bin/../lib/gcc/arm-none-eabi/10.3.1/../../../../arm-none-eabi/lib/thumb/v6-m/nofp\libc_nano.a
END GROUP
LOAD d:/tools/gnuarm~1/102021~1.10/bin/../lib/gcc/arm-none-eabi/10.3.1/thumb/v6-m/nofp/crtend.o
LOAD d:/tools/gnuarm~1/102021~1.10/bin/../lib/gcc/arm-none-eabi/10.3.1/thumb/v6-m/nofp/crtn.o
                0x20002000                _estack = (ORIGIN (RAM) + LENGTH (RAM))
                0x00000200                _Min_Heap_Size = 0x200
                0x00000400                _Min_Stack_Size = 0x400

.isr_vector     0x08000000       0xc0
                0x08000000                . = ALIGN (0x4)
 *(.isr_vector)
 .isr_vector    0x08000000       0xc0 CMakeFiles/ABCPhase_LowPowerControlModeule.dir/startup_stm32l031xx.s.obj
                0x08000000                g_pfnVectors
                0x080000c0                . = ALIGN (0x4)

.text           0x080000c0     0x5664
                0x080000c0                . = ALIGN (0x4)
 *(.text)
 .text          0x080000c0       0x48 d:/tools/gnuarm~1/102021~1.10/bin/../lib/gcc/arm-none-eabi/10.3.1/thumb/v6-m/nofp/crtbegin.o
 .text          0x08000108      0x114 d:/tools/gnuarm~1/102021~1.10/bin/../lib/gcc/arm-none-eabi/10.3.1/thumb/v6-m/nofp\libgcc.a(_udivsi3.o)
                0x08000108                __aeabi_uidiv
                0x08000108                __udivsi3
                0x08000214                __aeabi_uidivmod
 .text          0x0800021c        0x4 d:/tools/gnuarm~1/102021~1.10/bin/../lib/gcc/arm-none-eabi/10.3.1/thumb/v6-m/nofp\libgcc.a(_dvmd_tls.o)
                0x0800021c                __aeabi_idiv0
                0x0800021c                __aeabi_ldiv0
 .text          0x08000220       0x40 d:/tools/gnuarm~1/102021~1.10/bin/../lib/gcc/arm-none-eabi/10.3.1/thumb/v6-m/nofp\libgcc.a(_aeabi_uldivmod.o)
                0x08000220                __aeabi_uldivmod
 .text          0x08000260      0x198 d:/tools/gnuarm~1/102021~1.10/bin/../lib/gcc/arm-none-eabi/10.3.1/thumb/v6-m/nofp\libgcc.a(_udivmoddi4.o)
                0x08000260                __udivmoddi4
 .text          0x080003f8       0x18 d:/tools/gnuarm~1/102021~1.10/bin/../lib/gcc/arm-none-eabi/10.3.1/thumb/v6-m/nofp\libgcc.a(_clzdi2.o)
                0x080003f8                __clzdi2
 .text          0x08000410       0x3c d:/tools/gnuarm~1/102021~1.10/bin/../lib/gcc/arm-none-eabi/10.3.1/thumb/v6-m/nofp\libgcc.a(_clzsi2.o)
                0x08000410                __clzsi2
 .text          0x0800044c       0x14 d:/tools/gnuarm~1/102021~1.10/bin/../lib/gcc/arm-none-eabi/10.3.1/thumb/v6-m/nofp\libgcc.a(_thumb1_case_shi.o)
                0x0800044c                __gnu_thumb1_case_shi
 *(.text*)
 .text.__libc_init_array
                0x08000460       0x48 d:/tools/gnuarm~1/102021~1.10/bin/../lib/gcc/arm-none-eabi/10.3.1/../../../../arm-none-eabi/lib/thumb/v6-m/nofp\libc_nano.a(lib_a-init.o)
                0x08000460                __libc_init_array
 .text.memset   0x080004a8       0x10 d:/tools/gnuarm~1/102021~1.10/bin/../lib/gcc/arm-none-eabi/10.3.1/../../../../arm-none-eabi/lib/thumb/v6-m/nofp\libc_nano.a(lib_a-memset.o)
                0x080004a8                memset
 .text.app_sig_debounce_confirm
                0x080004b8       0x50 CMakeFiles/ABCPhase_LowPowerControlModeule.dir/App/app_main.c.obj
 .text.app_init
                0x08000508       0x50 CMakeFiles/ABCPhase_LowPowerControlModeule.dir/App/app_main.c.obj
                0x08000508                app_init
 .text.app_task
                0x08000558       0x9c CMakeFiles/ABCPhase_LowPowerControlModeule.dir/App/app_main.c.obj
                0x08000558                app_task
 .text.lora_callback
                0x080005f4       0x30 CMakeFiles/ABCPhase_LowPowerControlModeule.dir/App/app_lora.c.obj
 .text.app_lora_init
                0x08000624       0x38 CMakeFiles/ABCPhase_LowPowerControlModeule.dir/App/app_lora.c.obj
                0x08000624                app_lora_init
 .text.app_lora_set_mode
                0x0800065c       0x54 CMakeFiles/ABCPhase_LowPowerControlModeule.dir/App/app_lora.c.obj
                0x0800065c                app_lora_set_mode
 .text.app_lora_update
                0x080006b0        0xa CMakeFiles/ABCPhase_LowPowerControlModeule.dir/App/app_lora_procotol.c.obj
                0x080006b0                app_lora_update
 *fill*         0x080006ba        0x2 
 .text.dbg_fifo_push
                0x080006bc       0x5c CMakeFiles/ABCPhase_LowPowerControlModeule.dir/Bsp/bsp_dbg_uart.c.obj
 .text.dbg_rx_start
                0x08000718       0x20 CMakeFiles/ABCPhase_LowPowerControlModeule.dir/Bsp/bsp_dbg_uart.c.obj
 .text.dbg_wait_tx_done
                0x08000738       0x42 CMakeFiles/ABCPhase_LowPowerControlModeule.dir/Bsp/bsp_dbg_uart.c.obj
 .text.dbg_uart_init
                0x0800077a        0xe CMakeFiles/ABCPhase_LowPowerControlModeule.dir/Bsp/bsp_dbg_uart.c.obj
                0x0800077a                dbg_uart_init
 .text.dbg_send
                0x08000788       0x5c CMakeFiles/ABCPhase_LowPowerControlModeule.dir/Bsp/bsp_dbg_uart.c.obj
                0x08000788                dbg_send
 .text.dbg_printf
                0x080007e4       0x58 CMakeFiles/ABCPhase_LowPowerControlModeule.dir/Bsp/bsp_dbg_uart.c.obj
                0x080007e4                dbg_printf
 .text.dbg_uart_rx_event
                0x0800083c       0x5c CMakeFiles/ABCPhase_LowPowerControlModeule.dir/Bsp/bsp_dbg_uart.c.obj
 .text.dbg_uart_rx_restart
                0x08000898        0xe CMakeFiles/ABCPhase_LowPowerControlModeule.dir/Bsp/bsp_dbg_uart.c.obj
 *fill*         0x080008a6        0x2 
 .text.HAL_UARTEx_RxEventCallback
                0x080008a8       0x5c CMakeFiles/ABCPhase_LowPowerControlModeule.dir/Bsp/bsp_dbg_uart.c.obj
                0x080008a8                HAL_UARTEx_RxEventCallback
 .text.HAL_UART_ErrorCallback
                0x08000904       0x38 CMakeFiles/ABCPhase_LowPowerControlModeule.dir/Bsp/bsp_dbg_uart.c.obj
                0x08000904                HAL_UART_ErrorCallback
 .text.lora_fifo_push
                0x0800093c       0x5c CMakeFiles/ABCPhase_LowPowerControlModeule.dir/Bsp/bsp_lora_uart.c.obj
 .text.lora_rx_start
                0x08000998       0x20 CMakeFiles/ABCPhase_LowPowerControlModeule.dir/Bsp/bsp_lora_uart.c.obj
 .text.lora_uart_init
                0x080009b8        0xe CMakeFiles/ABCPhase_LowPowerControlModeule.dir/Bsp/bsp_lora_uart.c.obj
                0x080009b8                lora_uart_init
 *fill*         0x080009c6        0x2 
 .text.lora_uart_rx_event
                0x080009c8       0x5c CMakeFiles/ABCPhase_LowPowerControlModeule.dir/Bsp/bsp_lora_uart.c.obj
                0x080009c8                lora_uart_rx_event
 .text.lora_uart_rx_restart
                0x08000a24        0xe CMakeFiles/ABCPhase_LowPowerControlModeule.dir/Bsp/bsp_lora_uart.c.obj
                0x08000a24                lora_uart_rx_restart
 *fill*         0x08000a32        0x2 
 .text.bsp_gpio_init
                0x08000a34      0x1b8 CMakeFiles/ABCPhase_LowPowerControlModeule.dir/Bsp/bsp_gpio.c.obj
                0x08000a34                bsp_gpio_init
 .text.bsp_gpio_sig_level
                0x08000bec       0x58 CMakeFiles/ABCPhase_LowPowerControlModeule.dir/Bsp/bsp_gpio.c.obj
                0x08000bec                bsp_gpio_sig_level
 .text.bsp_gpio_set_level
                0x08000c44       0x5c CMakeFiles/ABCPhase_LowPowerControlModeule.dir/Bsp/bsp_gpio.c.obj
                0x08000c44                bsp_gpio_set_level
 .text.bsp_gpio_register_exti_callback
                0x08000ca0       0x4c CMakeFiles/ABCPhase_LowPowerControlModeule.dir/Bsp/bsp_gpio.c.obj
                0x08000ca0                bsp_gpio_register_exti_callback
 .text.bsp_gpio_clear_wake_events
                0x08000cec       0x14 CMakeFiles/ABCPhase_LowPowerControlModeule.dir/Bsp/bsp_gpio.c.obj
                0x08000cec                bsp_gpio_clear_wake_events
 .text.HAL_GPIO_EXTI_Callback
                0x08000d00       0xdc CMakeFiles/ABCPhase_LowPowerControlModeule.dir/Bsp/bsp_gpio.c.obj
                0x08000d00                HAL_GPIO_EXTI_Callback
 .text.HAL_LPTIM_MspInit
                0x08000ddc       0x5c CMakeFiles/ABCPhase_LowPowerControlModeule.dir/Bsp/bsp_system.c.obj
                0x08000ddc                HAL_LPTIM_MspInit
 .text.HAL_LPTIM_AutoReloadMatchCallback
                0x08000e38       0x1c CMakeFiles/ABCPhase_LowPowerControlModeule.dir/Bsp/bsp_system.c.obj
                0x08000e38                HAL_LPTIM_AutoReloadMatchCallback
 .text.bsp_system_init
                0x08000e54       0xac CMakeFiles/ABCPhase_LowPowerControlModeule.dir/Bsp/bsp_system.c.obj
                0x08000e54                bsp_system_init
 .text.bsp_feed_wdg
                0x08000f00       0x18 CMakeFiles/ABCPhase_LowPowerControlModeule.dir/Bsp/bsp_system.c.obj
                0x08000f00                bsp_feed_wdg
 .text.bsp_system_debug_enable_stop_watch
                0x08000f18       0x3c CMakeFiles/ABCPhase_LowPowerControlModeule.dir/Bsp/bsp_system.c.obj
                0x08000f18                bsp_system_debug_enable_stop_watch
 .text.main     0x08000f54       0x2a CMakeFiles/ABCPhase_LowPowerControlModeule.dir/Core/Src/main.c.obj
                0x08000f54                main
 *fill*         0x08000f7e        0x2 
 .text.SystemClock_Config
                0x08000f80       0xf0 CMakeFiles/ABCPhase_LowPowerControlModeule.dir/Core/Src/main.c.obj
                0x08000f80                SystemClock_Config
 .text.Error_Handler
                0x08001070        0xa CMakeFiles/ABCPhase_LowPowerControlModeule.dir/Core/Src/main.c.obj
                0x08001070                Error_Handler
 *fill*         0x0800107a        0x2 
 .text.MX_GPIO_Init
                0x0800107c       0xd0 CMakeFiles/ABCPhase_LowPowerControlModeule.dir/Core/Src/gpio.c.obj
                0x0800107c                MX_GPIO_Init
 .text.MX_DMA_Init
                0x0800114c       0x4c CMakeFiles/ABCPhase_LowPowerControlModeule.dir/Core/Src/dma.c.obj
                0x0800114c                MX_DMA_Init
 .text.MX_IWDG_Init
                0x08001198       0x40 CMakeFiles/ABCPhase_LowPowerControlModeule.dir/Core/Src/iwdg.c.obj
                0x08001198                MX_IWDG_Init
 .text.MX_LPUART1_UART_Init
                0x080011d8       0x5c CMakeFiles/ABCPhase_LowPowerControlModeule.dir/Core/Src/usart.c.obj
                0x080011d8                MX_LPUART1_UART_Init
 .text.MX_USART2_UART_Init
                0x08001234       0x60 CMakeFiles/ABCPhase_LowPowerControlModeule.dir/Core/Src/usart.c.obj
                0x08001234                MX_USART2_UART_Init
 .text.HAL_UART_MspInit
                0x08001294      0x27c CMakeFiles/ABCPhase_LowPowerControlModeule.dir/Core/Src/usart.c.obj
                0x08001294                HAL_UART_MspInit
 .text.NMI_Handler
                0x08001510        0x6 CMakeFiles/ABCPhase_LowPowerControlModeule.dir/Core/Src/stm32l0xx_it.c.obj
                0x08001510                NMI_Handler
 .text.HardFault_Handler
                0x08001516        0x6 CMakeFiles/ABCPhase_LowPowerControlModeule.dir/Core/Src/stm32l0xx_it.c.obj
                0x08001516                HardFault_Handler
 .text.SVC_Handler
                0x0800151c        0xa CMakeFiles/ABCPhase_LowPowerControlModeule.dir/Core/Src/stm32l0xx_it.c.obj
                0x0800151c                SVC_Handler
 .text.PendSV_Handler
                0x08001526        0xa CMakeFiles/ABCPhase_LowPowerControlModeule.dir/Core/Src/stm32l0xx_it.c.obj
                0x08001526                PendSV_Handler
 .text.SysTick_Handler
                0x08001530        0xe CMakeFiles/ABCPhase_LowPowerControlModeule.dir/Core/Src/stm32l0xx_it.c.obj
                0x08001530                SysTick_Handler
 *fill*         0x0800153e        0x2 
 .text.DMA1_Channel2_3_IRQHandler
                0x08001540       0x24 CMakeFiles/ABCPhase_LowPowerControlModeule.dir/Core/Src/stm32l0xx_it.c.obj
                0x08001540                DMA1_Channel2_3_IRQHandler
 .text.DMA1_Channel4_5_6_7_IRQHandler
                0x08001564       0x24 CMakeFiles/ABCPhase_LowPowerControlModeule.dir/Core/Src/stm32l0xx_it.c.obj
                0x08001564                DMA1_Channel4_5_6_7_IRQHandler
 .text.USART2_IRQHandler
                0x08001588       0x18 CMakeFiles/ABCPhase_LowPowerControlModeule.dir/Core/Src/stm32l0xx_it.c.obj
                0x08001588                USART2_IRQHandler
 .text.LPUART1_IRQHandler
                0x080015a0       0x18 CMakeFiles/ABCPhase_LowPowerControlModeule.dir/Core/Src/stm32l0xx_it.c.obj
                0x080015a0                LPUART1_IRQHandler
 .text.EXTI0_1_IRQHandler
                0x080015b8       0x16 CMakeFiles/ABCPhase_LowPowerControlModeule.dir/Core/Src/stm32l0xx_it.c.obj
                0x080015b8                EXTI0_1_IRQHandler
 .text.EXTI2_3_IRQHandler
                0x080015ce       0x10 CMakeFiles/ABCPhase_LowPowerControlModeule.dir/Core/Src/stm32l0xx_it.c.obj
                0x080015ce                EXTI2_3_IRQHandler
 *fill*         0x080015de        0x2 
 .text.LPTIM1_IRQHandler
                0x080015e0       0x18 CMakeFiles/ABCPhase_LowPowerControlModeule.dir/Core/Src/stm32l0xx_it.c.obj
                0x080015e0                LPTIM1_IRQHandler
 .text.HAL_MspInit
                0x080015f8       0x28 CMakeFiles/ABCPhase_LowPowerControlModeule.dir/Core/Src/stm32l0xx_hal_msp.c.obj
                0x080015f8                HAL_MspInit
 .text.HAL_IWDG_Init
                0x08001620       0xa4 CMakeFiles/ABCPhase_LowPowerControlModeule.dir/Drivers/STM32L0xx_HAL_Driver/Src/stm32l0xx_hal_iwdg.c.obj
                0x08001620                HAL_IWDG_Init
 .text.HAL_IWDG_Refresh
                0x080016c4       0x20 CMakeFiles/ABCPhase_LowPowerControlModeule.dir/Drivers/STM32L0xx_HAL_Driver/Src/stm32l0xx_hal_iwdg.c.obj
                0x080016c4                HAL_IWDG_Refresh
 .text.HAL_Init
                0x080016e4       0x40 CMakeFiles/ABCPhase_LowPowerControlModeule.dir/Drivers/STM32L0xx_HAL_Driver/Src/stm32l0xx_hal.c.obj
                0x080016e4                HAL_Init
 .text.HAL_InitTick
                0x08001724       0x68 CMakeFiles/ABCPhase_LowPowerControlModeule.dir/Drivers/STM32L0xx_HAL_Driver/Src/stm32l0xx_hal.c.obj
                0x08001724                HAL_InitTick
 .text.HAL_IncTick
                0x0800178c       0x24 CMakeFiles/ABCPhase_LowPowerControlModeule.dir/Drivers/STM32L0xx_HAL_Driver/Src/stm32l0xx_hal.c.obj
                0x0800178c                HAL_IncTick
 .text.HAL_GetTick
                0x080017b0       0x14 CMakeFiles/ABCPhase_LowPowerControlModeule.dir/Drivers/STM32L0xx_HAL_Driver/Src/stm32l0xx_hal.c.obj
                0x080017b0                HAL_GetTick
 .text.HAL_Delay
                0x080017c4       0x48 CMakeFiles/ABCPhase_LowPowerControlModeule.dir/Drivers/STM32L0xx_HAL_Driver/Src/stm32l0xx_hal.c.obj
                0x080017c4                HAL_Delay
 .text.HAL_LPTIM_Init
                0x0800180c      0x118 CMakeFiles/ABCPhase_LowPowerControlModeule.dir/Drivers/STM32L0xx_HAL_Driver/Src/stm32l0xx_hal_lptim.c.obj
                0x0800180c                HAL_LPTIM_Init
 .text.HAL_LPTIM_Counter_Start_IT
                0x08001924       0xec CMakeFiles/ABCPhase_LowPowerControlModeule.dir/Drivers/STM32L0xx_HAL_Driver/Src/stm32l0xx_hal_lptim.c.obj
                0x08001924                HAL_LPTIM_Counter_Start_IT
 .text.HAL_LPTIM_IRQHandler
                0x08001a10      0x144 CMakeFiles/ABCPhase_LowPowerControlModeule.dir/Drivers/STM32L0xx_HAL_Driver/Src/stm32l0xx_hal_lptim.c.obj
                0x08001a10                HAL_LPTIM_IRQHandler
 .text.HAL_LPTIM_CompareMatchCallback
                0x08001b54       0x10 CMakeFiles/ABCPhase_LowPowerControlModeule.dir/Drivers/STM32L0xx_HAL_Driver/Src/stm32l0xx_hal_lptim.c.obj
                0x08001b54                HAL_LPTIM_CompareMatchCallback
 .text.HAL_LPTIM_TriggerCallback
                0x08001b64       0x10 CMakeFiles/ABCPhase_LowPowerControlModeule.dir/Drivers/STM32L0xx_HAL_Driver/Src/stm32l0xx_hal_lptim.c.obj
                0x08001b64                HAL_LPTIM_TriggerCallback
 .text.HAL_LPTIM_CompareWriteCallback
                0x08001b74       0x10 CMakeFiles/ABCPhase_LowPowerControlModeule.dir/Drivers/STM32L0xx_HAL_Driver/Src/stm32l0xx_hal_lptim.c.obj
                0x08001b74                HAL_LPTIM_CompareWriteCallback
 .text.HAL_LPTIM_AutoReloadWriteCallback
                0x08001b84       0x10 CMakeFiles/ABCPhase_LowPowerControlModeule.dir/Drivers/STM32L0xx_HAL_Driver/Src/stm32l0xx_hal_lptim.c.obj
                0x08001b84                HAL_LPTIM_AutoReloadWriteCallback
 .text.HAL_LPTIM_DirectionUpCallback
                0x08001b94       0x10 CMakeFiles/ABCPhase_LowPowerControlModeule.dir/Drivers/STM32L0xx_HAL_Driver/Src/stm32l0xx_hal_lptim.c.obj
                0x08001b94                HAL_LPTIM_DirectionUpCallback
 .text.HAL_LPTIM_DirectionDownCallback
                0x08001ba4       0x10 CMakeFiles/ABCPhase_LowPowerControlModeule.dir/Drivers/STM32L0xx_HAL_Driver/Src/stm32l0xx_hal_lptim.c.obj
                0x08001ba4                HAL_LPTIM_DirectionDownCallback
 .text.HAL_LPTIM_GetState
                0x08001bb4       0x18 CMakeFiles/ABCPhase_LowPowerControlModeule.dir/Drivers/STM32L0xx_HAL_Driver/Src/stm32l0xx_hal_lptim.c.obj
                0x08001bb4                HAL_LPTIM_GetState
 .text.LPTIM_WaitForFlag
                0x08001bcc       0x70 CMakeFiles/ABCPhase_LowPowerControlModeule.dir/Drivers/STM32L0xx_HAL_Driver/Src/stm32l0xx_hal_lptim.c.obj
 .text.LPTIM_Disable
                0x08001c3c      0x194 CMakeFiles/ABCPhase_LowPowerControlModeule.dir/Drivers/STM32L0xx_HAL_Driver/Src/stm32l0xx_hal_lptim.c.obj
                0x08001c3c                LPTIM_Disable
 .text.HAL_RCC_OscConfig
                0x08001dd0      0x6f8 CMakeFiles/ABCPhase_LowPowerControlModeule.dir/Drivers/STM32L0xx_HAL_Driver/Src/stm32l0xx_hal_rcc.c.obj
                0x08001dd0                HAL_RCC_OscConfig
 .text.HAL_RCC_ClockConfig
                0x080024c8      0x290 CMakeFiles/ABCPhase_LowPowerControlModeule.dir/Drivers/STM32L0xx_HAL_Driver/Src/stm32l0xx_hal_rcc.c.obj
                0x080024c8                HAL_RCC_ClockConfig
 .text.HAL_RCC_GetSysClockFreq
                0x08002758      0x10c CMakeFiles/ABCPhase_LowPowerControlModeule.dir/Drivers/STM32L0xx_HAL_Driver/Src/stm32l0xx_hal_rcc.c.obj
                0x08002758                HAL_RCC_GetSysClockFreq
 .text.HAL_RCC_GetHCLKFreq
                0x08002864       0x14 CMakeFiles/ABCPhase_LowPowerControlModeule.dir/Drivers/STM32L0xx_HAL_Driver/Src/stm32l0xx_hal_rcc.c.obj
                0x08002864                HAL_RCC_GetHCLKFreq
 .text.HAL_RCC_GetPCLK1Freq
                0x08002878       0x2c CMakeFiles/ABCPhase_LowPowerControlModeule.dir/Drivers/STM32L0xx_HAL_Driver/Src/stm32l0xx_hal_rcc.c.obj
                0x08002878                HAL_RCC_GetPCLK1Freq
 .text.HAL_RCC_GetPCLK2Freq
                0x080028a4       0x2c CMakeFiles/ABCPhase_LowPowerControlModeule.dir/Drivers/STM32L0xx_HAL_Driver/Src/stm32l0xx_hal_rcc.c.obj
                0x080028a4                HAL_RCC_GetPCLK2Freq
 .text.HAL_RCCEx_PeriphCLKConfig
                0x080028d0      0x258 CMakeFiles/ABCPhase_LowPowerControlModeule.dir/Drivers/STM32L0xx_HAL_Driver/Src/stm32l0xx_hal_rcc_ex.c.obj
                0x080028d0                HAL_RCCEx_PeriphCLKConfig
 .text.HAL_GPIO_Init
                0x08002b28      0x2dc CMakeFiles/ABCPhase_LowPowerControlModeule.dir/Drivers/STM32L0xx_HAL_Driver/Src/stm32l0xx_hal_gpio.c.obj
                0x08002b28                HAL_GPIO_Init
 .text.HAL_GPIO_ReadPin
                0x08002e04       0x3a CMakeFiles/ABCPhase_LowPowerControlModeule.dir/Drivers/STM32L0xx_HAL_Driver/Src/stm32l0xx_hal_gpio.c.obj
                0x08002e04                HAL_GPIO_ReadPin
 .text.HAL_GPIO_WritePin
                0x08002e3e       0x3a CMakeFiles/ABCPhase_LowPowerControlModeule.dir/Drivers/STM32L0xx_HAL_Driver/Src/stm32l0xx_hal_gpio.c.obj
                0x08002e3e                HAL_GPIO_WritePin
 .text.HAL_GPIO_EXTI_IRQHandler
                0x08002e78       0x38 CMakeFiles/ABCPhase_LowPowerControlModeule.dir/Drivers/STM32L0xx_HAL_Driver/Src/stm32l0xx_hal_gpio.c.obj
                0x08002e78                HAL_GPIO_EXTI_IRQHandler
 .text.HAL_DMA_Init
                0x08002eb0       0xf0 CMakeFiles/ABCPhase_LowPowerControlModeule.dir/Drivers/STM32L0xx_HAL_Driver/Src/stm32l0xx_hal_dma.c.obj
                0x08002eb0                HAL_DMA_Init
 .text.HAL_DMA_Start_IT
                0x08002fa0       0xcc CMakeFiles/ABCPhase_LowPowerControlModeule.dir/Drivers/STM32L0xx_HAL_Driver/Src/stm32l0xx_hal_dma.c.obj
                0x08002fa0                HAL_DMA_Start_IT
 .text.HAL_DMA_Abort
                0x0800306c       0x80 CMakeFiles/ABCPhase_LowPowerControlModeule.dir/Drivers/STM32L0xx_HAL_Driver/Src/stm32l0xx_hal_dma.c.obj
                0x0800306c                HAL_DMA_Abort
 .text.HAL_DMA_Abort_IT
                0x080030ec       0x8e CMakeFiles/ABCPhase_LowPowerControlModeule.dir/Drivers/STM32L0xx_HAL_Driver/Src/stm32l0xx_hal_dma.c.obj
                0x080030ec                HAL_DMA_Abort_IT
 .text.HAL_DMA_IRQHandler
                0x0800317a      0x15c CMakeFiles/ABCPhase_LowPowerControlModeule.dir/Drivers/STM32L0xx_HAL_Driver/Src/stm32l0xx_hal_dma.c.obj
                0x0800317a                HAL_DMA_IRQHandler
 .text.DMA_SetConfig
                0x080032d6       0x5c CMakeFiles/ABCPhase_LowPowerControlModeule.dir/Drivers/STM32L0xx_HAL_Driver/Src/stm32l0xx_hal_dma.c.obj
 *fill*         0x08003332        0x2 
 .text.__NVIC_EnableIRQ
                0x08003334       0x34 CMakeFiles/ABCPhase_LowPowerControlModeule.dir/Drivers/STM32L0xx_HAL_Driver/Src/stm32l0xx_hal_cortex.c.obj
 .text.__NVIC_SetPriority
                0x08003368       0xdc CMakeFiles/ABCPhase_LowPowerControlModeule.dir/Drivers/STM32L0xx_HAL_Driver/Src/stm32l0xx_hal_cortex.c.obj
 .text.SysTick_Config
                0x08003444       0x48 CMakeFiles/ABCPhase_LowPowerControlModeule.dir/Drivers/STM32L0xx_HAL_Driver/Src/stm32l0xx_hal_cortex.c.obj
 .text.HAL_NVIC_SetPriority
                0x0800348c       0x2a CMakeFiles/ABCPhase_LowPowerControlModeule.dir/Drivers/STM32L0xx_HAL_Driver/Src/stm32l0xx_hal_cortex.c.obj
                0x0800348c                HAL_NVIC_SetPriority
 .text.HAL_NVIC_EnableIRQ
                0x080034b6       0x20 CMakeFiles/ABCPhase_LowPowerControlModeule.dir/Drivers/STM32L0xx_HAL_Driver/Src/stm32l0xx_hal_cortex.c.obj
                0x080034b6                HAL_NVIC_EnableIRQ
 .text.HAL_SYSTICK_Config
                0x080034d6       0x1a CMakeFiles/ABCPhase_LowPowerControlModeule.dir/Drivers/STM32L0xx_HAL_Driver/Src/stm32l0xx_hal_cortex.c.obj
                0x080034d6                HAL_SYSTICK_Config
 .text.HAL_UART_Init
                0x080034f0       0xa8 CMakeFiles/ABCPhase_LowPowerControlModeule.dir/Drivers/STM32L0xx_HAL_Driver/Src/stm32l0xx_hal_uart.c.obj
                0x080034f0                HAL_UART_Init
 .text.HAL_UART_Transmit
                0x08003598      0x13e CMakeFiles/ABCPhase_LowPowerControlModeule.dir/Drivers/STM32L0xx_HAL_Driver/Src/stm32l0xx_hal_uart.c.obj
                0x08003598                HAL_UART_Transmit
 *fill*         0x080036d6        0x2 
 .text.HAL_UART_Transmit_DMA
                0x080036d8      0x120 CMakeFiles/ABCPhase_LowPowerControlModeule.dir/Drivers/STM32L0xx_HAL_Driver/Src/stm32l0xx_hal_uart.c.obj
                0x080036d8                HAL_UART_Transmit_DMA
 .text.HAL_UART_IRQHandler
                0x080037f8      0x600 CMakeFiles/ABCPhase_LowPowerControlModeule.dir/Drivers/STM32L0xx_HAL_Driver/Src/stm32l0xx_hal_uart.c.obj
                0x080037f8                HAL_UART_IRQHandler
 .text.HAL_UART_TxCpltCallback
                0x08003df8       0x10 CMakeFiles/ABCPhase_LowPowerControlModeule.dir/Drivers/STM32L0xx_HAL_Driver/Src/stm32l0xx_hal_uart.c.obj
                0x08003df8                HAL_UART_TxCpltCallback
 .text.HAL_UART_TxHalfCpltCallback
                0x08003e08       0x10 CMakeFiles/ABCPhase_LowPowerControlModeule.dir/Drivers/STM32L0xx_HAL_Driver/Src/stm32l0xx_hal_uart.c.obj
                0x08003e08                HAL_UART_TxHalfCpltCallback
 .text.HAL_UART_RxCpltCallback
                0x08003e18       0x10 CMakeFiles/ABCPhase_LowPowerControlModeule.dir/Drivers/STM32L0xx_HAL_Driver/Src/stm32l0xx_hal_uart.c.obj
                0x08003e18                HAL_UART_RxCpltCallback
 .text.HAL_UART_RxHalfCpltCallback
                0x08003e28       0x10 CMakeFiles/ABCPhase_LowPowerControlModeule.dir/Drivers/STM32L0xx_HAL_Driver/Src/stm32l0xx_hal_uart.c.obj
                0x08003e28                HAL_UART_RxHalfCpltCallback
 .text.UART_SetConfig
                0x08003e38      0x494 CMakeFiles/ABCPhase_LowPowerControlModeule.dir/Drivers/STM32L0xx_HAL_Driver/Src/stm32l0xx_hal_uart.c.obj
                0x08003e38                UART_SetConfig
 .text.UART_AdvFeatureConfig
                0x080042cc      0x168 CMakeFiles/ABCPhase_LowPowerControlModeule.dir/Drivers/STM32L0xx_HAL_Driver/Src/stm32l0xx_hal_uart.c.obj
                0x080042cc                UART_AdvFeatureConfig
 .text.UART_CheckIdleState
                0x08004434      0x150 CMakeFiles/ABCPhase_LowPowerControlModeule.dir/Drivers/STM32L0xx_HAL_Driver/Src/stm32l0xx_hal_uart.c.obj
                0x08004434                UART_CheckIdleState
 .text.UART_WaitOnFlagUntilTimeout
                0x08004584       0xde CMakeFiles/ABCPhase_LowPowerControlModeule.dir/Drivers/STM32L0xx_HAL_Driver/Src/stm32l0xx_hal_uart.c.obj
                0x08004584                UART_WaitOnFlagUntilTimeout
 *fill*         0x08004662        0x2 
 .text.UART_Start_Receive_DMA
                0x08004664      0x140 CMakeFiles/ABCPhase_LowPowerControlModeule.dir/Drivers/STM32L0xx_HAL_Driver/Src/stm32l0xx_hal_uart.c.obj
                0x08004664                UART_Start_Receive_DMA
 .text.UART_EndTxTransfer
                0x080047a4       0x48 CMakeFiles/ABCPhase_LowPowerControlModeule.dir/Drivers/STM32L0xx_HAL_Driver/Src/stm32l0xx_hal_uart.c.obj
 .text.UART_EndRxTransfer
                0x080047ec       0xc8 CMakeFiles/ABCPhase_LowPowerControlModeule.dir/Drivers/STM32L0xx_HAL_Driver/Src/stm32l0xx_hal_uart.c.obj
 .text.UART_DMATransmitCplt
                0x080048b4       0x98 CMakeFiles/ABCPhase_LowPowerControlModeule.dir/Drivers/STM32L0xx_HAL_Driver/Src/stm32l0xx_hal_uart.c.obj
 .text.UART_DMATxHalfCplt
                0x0800494c       0x1e CMakeFiles/ABCPhase_LowPowerControlModeule.dir/Drivers/STM32L0xx_HAL_Driver/Src/stm32l0xx_hal_uart.c.obj
 *fill*         0x0800496a        0x2 
 .text.UART_DMAReceiveCplt
                0x0800496c      0x168 CMakeFiles/ABCPhase_LowPowerControlModeule.dir/Drivers/STM32L0xx_HAL_Driver/Src/stm32l0xx_hal_uart.c.obj
 .text.UART_DMARxHalfCplt
                0x08004ad4       0x7e CMakeFiles/ABCPhase_LowPowerControlModeule.dir/Drivers/STM32L0xx_HAL_Driver/Src/stm32l0xx_hal_uart.c.obj
 .text.UART_DMAError
                0x08004b52       0x84 CMakeFiles/ABCPhase_LowPowerControlModeule.dir/Drivers/STM32L0xx_HAL_Driver/Src/stm32l0xx_hal_uart.c.obj
 .text.UART_DMAAbortOnError
                0x08004bd6       0x26 CMakeFiles/ABCPhase_LowPowerControlModeule.dir/Drivers/STM32L0xx_HAL_Driver/Src/stm32l0xx_hal_uart.c.obj
 .text.UART_EndTransmit_IT
                0x08004bfc       0x56 CMakeFiles/ABCPhase_LowPowerControlModeule.dir/Drivers/STM32L0xx_HAL_Driver/Src/stm32l0xx_hal_uart.c.obj
 .text.HAL_UARTEx_WakeupCallback
                0x08004c52       0x10 CMakeFiles/ABCPhase_LowPowerControlModeule.dir/Drivers/STM32L0xx_HAL_Driver/Src/stm32l0xx_hal_uart_ex.c.obj
                0x08004c52                HAL_UARTEx_WakeupCallback
 .text.HAL_UARTEx_ReceiveToIdle_DMA
                0x08004c62       0xd0 CMakeFiles/ABCPhase_LowPowerControlModeule.dir/Drivers/STM32L0xx_HAL_Driver/Src/stm32l0xx_hal_uart_ex.c.obj
                0x08004c62                HAL_UARTEx_ReceiveToIdle_DMA
 .text.SystemInit
                0x08004d32        0xa CMakeFiles/ABCPhase_LowPowerControlModeule.dir/Core/Src/system_stm32l0xx.c.obj
                0x08004d32                SystemInit
 .text._sbrk    0x08004d3c       0x6c CMakeFiles/ABCPhase_LowPowerControlModeule.dir/Core/Src/sysmem.c.obj
                0x08004d3c                _sbrk
 .text.Reset_Handler
                0x08004da8       0x50 CMakeFiles/ABCPhase_LowPowerControlModeule.dir/startup_stm32l031xx.s.obj
                0x08004da8                Reset_Handler
 .text.Default_Handler
                0x08004df8        0x2 CMakeFiles/ABCPhase_LowPowerControlModeule.dir/startup_stm32l031xx.s.obj
                0x08004df8                ADC1_COMP_IRQHandler
                0x08004df8                PVD_IRQHandler
                0x08004df8                I2C1_IRQHandler
                0x08004df8                SPI1_IRQHandler
                0x08004df8                RTC_IRQHandler
                0x08004df8                EXTI4_15_IRQHandler
                0x08004df8                RCC_IRQHandler
                0x08004df8                DMA1_Channel1_IRQHandler
                0x08004df8                Default_Handler
                0x08004df8                TIM22_IRQHandler
                0x08004df8                TIM21_IRQHandler
                0x08004df8                WWDG_IRQHandler
                0x08004df8                TIM2_IRQHandler
                0x08004df8                FLASH_IRQHandler
 *fill*         0x08004dfa        0x2 
 .text.__errno  0x08004dfc        0xc d:/tools/gnuarm~1/102021~1.10/bin/../lib/gcc/arm-none-eabi/10.3.1/../../../../arm-none-eabi/lib/thumb/v6-m/nofp\libg_nano.a(lib_a-errno.o)
                0x08004dfc                __errno
 .text._vsnprintf_r
                0x08004e08       0x56 d:/tools/gnuarm~1/102021~1.10/bin/../lib/gcc/arm-none-eabi/10.3.1/../../../../arm-none-eabi/lib/thumb/v6-m/nofp\libg_nano.a(lib_a-vsnprintf.o)
                0x08004e08                _vsniprintf_r
                0x08004e08                _vsnprintf_r
 *fill*         0x08004e5e        0x2 
 .text.vsnprintf
                0x08004e60       0x18 d:/tools/gnuarm~1/102021~1.10/bin/../lib/gcc/arm-none-eabi/10.3.1/../../../../arm-none-eabi/lib/thumb/v6-m/nofp\libg_nano.a(lib_a-vsnprintf.o)
                0x08004e60                vsniprintf
                0x08004e60                vsnprintf
 .text.__ssputs_r
                0x08004e78       0xc4 d:/tools/gnuarm~1/102021~1.10/bin/../lib/gcc/arm-none-eabi/10.3.1/../../../../arm-none-eabi/lib/thumb/v6-m/nofp\libg_nano.a(lib_a-nano-svfprintf.o)
                0x08004e78                __ssputs_r
 .text._svfprintf_r
                0x08004f3c      0x200 d:/tools/gnuarm~1/102021~1.10/bin/../lib/gcc/arm-none-eabi/10.3.1/../../../../arm-none-eabi/lib/thumb/v6-m/nofp\libg_nano.a(lib_a-nano-svfprintf.o)
                0x08004f3c                _svfiprintf_r
                0x08004f3c                _svfprintf_r
 .text._printf_common
                0x0800513c       0xde d:/tools/gnuarm~1/102021~1.10/bin/../lib/gcc/arm-none-eabi/10.3.1/../../../../arm-none-eabi/lib/thumb/v6-m/nofp\libg_nano.a(lib_a-nano-vfprintf_i.o)
                0x0800513c                _printf_common
 *fill*         0x0800521a        0x2 
 .text._printf_i
                0x0800521c      0x224 d:/tools/gnuarm~1/102021~1.10/bin/../lib/gcc/arm-none-eabi/10.3.1/../../../../arm-none-eabi/lib/thumb/v6-m/nofp\libg_nano.a(lib_a-nano-vfprintf_i.o)
                0x0800521c                _printf_i
 .text.memchr   0x08005440       0x16 d:/tools/gnuarm~1/102021~1.10/bin/../lib/gcc/arm-none-eabi/10.3.1/../../../../arm-none-eabi/lib/thumb/v6-m/nofp\libg_nano.a(lib_a-memchr-stub.o)
                0x08005440                memchr
 .text.memcpy   0x08005456       0x12 d:/tools/gnuarm~1/102021~1.10/bin/../lib/gcc/arm-none-eabi/10.3.1/../../../../arm-none-eabi/lib/thumb/v6-m/nofp\libg_nano.a(lib_a-memcpy-stub.o)
                0x08005456                memcpy
 .text.memmove  0x08005468       0x26 d:/tools/gnuarm~1/102021~1.10/bin/../lib/gcc/arm-none-eabi/10.3.1/../../../../arm-none-eabi/lib/thumb/v6-m/nofp\libg_nano.a(lib_a-memmove.o)
                0x08005468                memmove
 *fill*         0x0800548e        0x2 
 .text._free_r  0x08005490       0x94 d:/tools/gnuarm~1/102021~1.10/bin/../lib/gcc/arm-none-eabi/10.3.1/../../../../arm-none-eabi/lib/thumb/v6-m/nofp\libg_nano.a(lib_a-nano-freer.o)
                0x08005490                _free_r
 .text.sbrk_aligned
                0x08005524       0x44 d:/tools/gnuarm~1/102021~1.10/bin/../lib/gcc/arm-none-eabi/10.3.1/../../../../arm-none-eabi/lib/thumb/v6-m/nofp\libg_nano.a(lib_a-nano-mallocr.o)
 .text._malloc_r
                0x08005568       0xec d:/tools/gnuarm~1/102021~1.10/bin/../lib/gcc/arm-none-eabi/10.3.1/../../../../arm-none-eabi/lib/thumb/v6-m/nofp\libg_nano.a(lib_a-nano-mallocr.o)
                0x08005568                _malloc_r
 .text._realloc_r
                0x08005654       0x5e d:/tools/gnuarm~1/102021~1.10/bin/../lib/gcc/arm-none-eabi/10.3.1/../../../../arm-none-eabi/lib/thumb/v6-m/nofp\libg_nano.a(lib_a-nano-reallocr.o)
                0x08005654                _realloc_r
 *fill*         0x080056b2        0x2 
 .text._sbrk_r  0x080056b4       0x24 d:/tools/gnuarm~1/102021~1.10/bin/../lib/gcc/arm-none-eabi/10.3.1/../../../../arm-none-eabi/lib/thumb/v6-m/nofp\libg_nano.a(lib_a-sbrkr.o)
                0x080056b4                _sbrk_r
 .text.__malloc_lock
                0x080056d8       0x10 d:/tools/gnuarm~1/102021~1.10/bin/../lib/gcc/arm-none-eabi/10.3.1/../../../../arm-none-eabi/lib/thumb/v6-m/nofp\libg_nano.a(lib_a-mlock.o)
                0x080056d8                __malloc_lock
 .text.__malloc_unlock
                0x080056e8       0x10 d:/tools/gnuarm~1/102021~1.10/bin/../lib/gcc/arm-none-eabi/10.3.1/../../../../arm-none-eabi/lib/thumb/v6-m/nofp\libg_nano.a(lib_a-mlock.o)
                0x080056e8                __malloc_unlock
 .text._malloc_usable_size_r
                0x080056f8       0x10 d:/tools/gnuarm~1/102021~1.10/bin/../lib/gcc/arm-none-eabi/10.3.1/../../../../arm-none-eabi/lib/thumb/v6-m/nofp\libg_nano.a(lib_a-nano-msizer.o)
                0x080056f8                _malloc_usable_size_r
 .text.__retarget_lock_acquire_recursive
                0x08005708        0x2 d:/tools/gnuarm~1/102021~1.10/bin/../lib/gcc/arm-none-eabi/10.3.1/../../../../arm-none-eabi/lib/thumb/v6-m/nofp\libg_nano.a(lib_a-lock.o)
                0x08005708                __retarget_lock_acquire_recursive
 .text.__retarget_lock_release_recursive
                0x0800570a        0x2 d:/tools/gnuarm~1/102021~1.10/bin/../lib/gcc/arm-none-eabi/10.3.1/../../../../arm-none-eabi/lib/thumb/v6-m/nofp\libg_nano.a(lib_a-lock.o)
                0x0800570a                __retarget_lock_release_recursive
 *(.glue_7)
 .glue_7        0x0800570c        0x0 linker stubs
 *(.glue_7t)
 .glue_7t       0x0800570c        0x0 linker stubs
 *(.eh_frame)
 .eh_frame      0x0800570c        0x0 d:/tools/gnuarm~1/102021~1.10/bin/../lib/gcc/arm-none-eabi/10.3.1/thumb/v6-m/nofp/crtbegin.o
 *(.init)
 .init          0x0800570c        0x4 d:/tools/gnuarm~1/102021~1.10/bin/../lib/gcc/arm-none-eabi/10.3.1/thumb/v6-m/nofp/crti.o
                0x0800570c                _init
 .init          0x08005710        0x8 d:/tools/gnuarm~1/102021~1.10/bin/../lib/gcc/arm-none-eabi/10.3.1/thumb/v6-m/nofp/crtn.o
 *(.fini)
 .fini          0x08005718        0x4 d:/tools/gnuarm~1/102021~1.10/bin/../lib/gcc/arm-none-eabi/10.3.1/thumb/v6-m/nofp/crti.o
                0x08005718                _fini
 .fini          0x0800571c        0x8 d:/tools/gnuarm~1/102021~1.10/bin/../lib/gcc/arm-none-eabi/10.3.1/thumb/v6-m/nofp/crtn.o
                0x08005724                . = ALIGN (0x4)
                0x08005724                _etext = .

.vfp11_veneer   0x08005724        0x0
 .vfp11_veneer  0x08005724        0x0 linker stubs

.v4_bx          0x08005724        0x0
 .v4_bx         0x08005724        0x0 linker stubs

.iplt           0x08005724        0x0
 .iplt          0x08005724        0x0 d:/tools/gnuarm~1/102021~1.10/bin/../lib/gcc/arm-none-eabi/10.3.1/thumb/v6-m/nofp/crtbegin.o

.rodata         0x08005724      0x1f8
                0x08005724                . = ALIGN (0x4)
 *(.rodata)
 .rodata        0x08005724       0x82 CMakeFiles/ABCPhase_LowPowerControlModeule.dir/App/app_main.c.obj
 *(.rodata*)
 *fill*         0x080057a6        0x2 
 .rodata.s_sig_map
                0x080057a8       0xd8 CMakeFiles/ABCPhase_LowPowerControlModeule.dir/Bsp/bsp_gpio.c.obj
 .rodata.UART_SetConfig
                0x08005880       0x48 CMakeFiles/ABCPhase_LowPowerControlModeule.dir/Drivers/STM32L0xx_HAL_Driver/Src/stm32l0xx_hal_uart.c.obj
 .rodata.AHBPrescTable
                0x080058c8       0x10 CMakeFiles/ABCPhase_LowPowerControlModeule.dir/Core/Src/system_stm32l0xx.c.obj
                0x080058c8                AHBPrescTable
 .rodata.APBPrescTable
                0x080058d8        0x8 CMakeFiles/ABCPhase_LowPowerControlModeule.dir/Core/Src/system_stm32l0xx.c.obj
                0x080058d8                APBPrescTable
 .rodata.PLLMulTable
                0x080058e0        0x9 CMakeFiles/ABCPhase_LowPowerControlModeule.dir/Core/Src/system_stm32l0xx.c.obj
                0x080058e0                PLLMulTable
 .rodata._svfprintf_r.str1.1
                0x080058e9       0x11 d:/tools/gnuarm~1/102021~1.10/bin/../lib/gcc/arm-none-eabi/10.3.1/../../../../arm-none-eabi/lib/thumb/v6-m/nofp\libg_nano.a(lib_a-nano-svfprintf.o)
 .rodata._printf_i.str1.1
                0x080058fa       0x22 d:/tools/gnuarm~1/102021~1.10/bin/../lib/gcc/arm-none-eabi/10.3.1/../../../../arm-none-eabi/lib/thumb/v6-m/nofp\libg_nano.a(lib_a-nano-vfprintf_i.o)
                0x0800591c                . = ALIGN (0x4)

.ARM.extab
 *(.ARM.extab* .gnu.linkonce.armextab.*)

.ARM            0x0800591c        0x8
                0x0800591c                __exidx_start = .
 *(.ARM.exidx*)
 .ARM.exidx     0x0800591c        0x8 d:/tools/gnuarm~1/102021~1.10/bin/../lib/gcc/arm-none-eabi/10.3.1/thumb/v6-m/nofp\libgcc.a(_udivmoddi4.o)
                0x08005924                __exidx_end = .

.rel.dyn        0x08005924        0x0
 .rel.iplt      0x08005924        0x0 d:/tools/gnuarm~1/102021~1.10/bin/../lib/gcc/arm-none-eabi/10.3.1/thumb/v6-m/nofp/crtbegin.o

.preinit_array  0x08005924        0x0
                0x08005924                PROVIDE (__preinit_array_start = .)
 *(.preinit_array*)
                0x08005924                PROVIDE (__preinit_array_end = .)

.init_array     0x08005924        0x4
                0x08005924                PROVIDE (__init_array_start = .)
 *(SORT_BY_NAME(.init_array.*))
 *(.init_array*)
 .init_array    0x08005924        0x4 d:/tools/gnuarm~1/102021~1.10/bin/../lib/gcc/arm-none-eabi/10.3.1/thumb/v6-m/nofp/crtbegin.o
                0x08005928                PROVIDE (__init_array_end = .)

.fini_array     0x08005928        0x4
                [!provide]                PROVIDE (__fini_array_start = .)
 *(SORT_BY_NAME(.fini_array.*))
 *(.fini_array*)
 .fini_array    0x08005928        0x4 d:/tools/gnuarm~1/102021~1.10/bin/../lib/gcc/arm-none-eabi/10.3.1/thumb/v6-m/nofp/crtbegin.o
                [!provide]                PROVIDE (__fini_array_end = .)
                0x0800592c                _sidata = LOADADDR (.data)

.data           0x20000000       0x78 load address 0x0800592c
                0x20000000                . = ALIGN (0x4)
                0x20000000                _sdata = .
 *(.data)
 *(.data*)
 .data._impure_ptr
                0x20000000        0x4 d:/tools/gnuarm~1/102021~1.10/bin/../lib/gcc/arm-none-eabi/10.3.1/../../../../arm-none-eabi/lib/thumb/v6-m/nofp\libc_nano.a(lib_a-impure.o)
                0x20000000                _impure_ptr
 .data.impure_data
                0x20000004       0x60 d:/tools/gnuarm~1/102021~1.10/bin/../lib/gcc/arm-none-eabi/10.3.1/../../../../arm-none-eabi/lib/thumb/v6-m/nofp\libc_nano.a(lib_a-impure.o)
 .data.app_lora_status_t
                0x20000064        0x8 CMakeFiles/ABCPhase_LowPowerControlModeule.dir/App/app_lora.c.obj
 .data.uwTickPrio
                0x2000006c        0x4 CMakeFiles/ABCPhase_LowPowerControlModeule.dir/Drivers/STM32L0xx_HAL_Driver/Src/stm32l0xx_hal.c.obj
                0x2000006c                uwTickPrio
 .data.uwTickFreq
                0x20000070        0x1 CMakeFiles/ABCPhase_LowPowerControlModeule.dir/Drivers/STM32L0xx_HAL_Driver/Src/stm32l0xx_hal.c.obj
                0x20000070                uwTickFreq
 *fill*         0x20000071        0x3 
 .data.SystemCoreClock
                0x20000074        0x4 CMakeFiles/ABCPhase_LowPowerControlModeule.dir/Core/Src/system_stm32l0xx.c.obj
                0x20000074                SystemCoreClock
                0x20000078                . = ALIGN (0x4)
                0x20000078                _edata = .

.igot.plt       0x20000078        0x0 load address 0x080059a4
 .igot.plt      0x20000078        0x0 d:/tools/gnuarm~1/102021~1.10/bin/../lib/gcc/arm-none-eabi/10.3.1/thumb/v6-m/nofp/crtbegin.o
                0x20000078                . = ALIGN (0x4)

.bss            0x20000078      0x500 load address 0x080059a4
                0x20000078                _sbss = .
                0x20000078                __bss_start__ = _sbss
 *(.bss)
 .bss           0x20000078       0x1c d:/tools/gnuarm~1/102021~1.10/bin/../lib/gcc/arm-none-eabi/10.3.1/thumb/v6-m/nofp/crtbegin.o
 *(.bss*)
 .bss.s_prev_low.0
                0x20000094        0x6 CMakeFiles/ABCPhase_LowPowerControlModeule.dir/App/app_main.c.obj
 *fill*         0x2000009a        0x2 
 .bss.lora      0x2000009c        0x6 CMakeFiles/ABCPhase_LowPowerControlModeule.dir/App/app_lora.c.obj
 .bss.lora_wakeup
                0x200000a2        0x1 CMakeFiles/ABCPhase_LowPowerControlModeule.dir/App/app_lora.c.obj
                0x200000a2                lora_wakeup
 *fill*         0x200000a3        0x1 
 .bss.lora_wakeup_cb
                0x200000a4        0x4 CMakeFiles/ABCPhase_LowPowerControlModeule.dir/App/app_lora.c.obj
 .bss.s_rx_dma  0x200000a8       0x40 CMakeFiles/ABCPhase_LowPowerControlModeule.dir/Bsp/bsp_dbg_uart.c.obj
 .bss.s_rx_fifo
                0x200000e8       0x80 CMakeFiles/ABCPhase_LowPowerControlModeule.dir/Bsp/bsp_dbg_uart.c.obj
 .bss.s_rx_head
                0x20000168        0x2 CMakeFiles/ABCPhase_LowPowerControlModeule.dir/Bsp/bsp_dbg_uart.c.obj
 .bss.s_rx_tail
                0x2000016a        0x2 CMakeFiles/ABCPhase_LowPowerControlModeule.dir/Bsp/bsp_dbg_uart.c.obj
 .bss.s_printf_buf
                0x2000016c       0xa0 CMakeFiles/ABCPhase_LowPowerControlModeule.dir/Bsp/bsp_dbg_uart.c.obj
 .bss.s_rx_dma  0x2000020c       0x40 CMakeFiles/ABCPhase_LowPowerControlModeule.dir/Bsp/bsp_lora_uart.c.obj
 .bss.s_rx_fifo
                0x2000024c       0x80 CMakeFiles/ABCPhase_LowPowerControlModeule.dir/Bsp/bsp_lora_uart.c.obj
 .bss.s_rx_head
                0x200002cc        0x2 CMakeFiles/ABCPhase_LowPowerControlModeule.dir/Bsp/bsp_lora_uart.c.obj
 .bss.s_rx_tail
                0x200002ce        0x2 CMakeFiles/ABCPhase_LowPowerControlModeule.dir/Bsp/bsp_lora_uart.c.obj
 .bss.s_wake_events
                0x200002d0        0x4 CMakeFiles/ABCPhase_LowPowerControlModeule.dir/Bsp/bsp_gpio.c.obj
 .bss.s_exti_callbacks
                0x200002d4       0x18 CMakeFiles/ABCPhase_LowPowerControlModeule.dir/Bsp/bsp_gpio.c.obj
 .bss.hlptim    0x200002ec       0x30 CMakeFiles/ABCPhase_LowPowerControlModeule.dir/Bsp/bsp_system.c.obj
                0x200002ec                hlptim
 .bss.s_lptim_tick
                0x2000031c        0x1 CMakeFiles/ABCPhase_LowPowerControlModeule.dir/Bsp/bsp_system.c.obj
 *fill*         0x2000031d        0x3 
 .bss.hiwdg     0x20000320       0x10 CMakeFiles/ABCPhase_LowPowerControlModeule.dir/Core/Src/iwdg.c.obj
                0x20000320                hiwdg
 .bss.hlpuart1  0x20000330       0x88 CMakeFiles/ABCPhase_LowPowerControlModeule.dir/Core/Src/usart.c.obj
                0x20000330                hlpuart1
 .bss.huart2    0x200003b8       0x88 CMakeFiles/ABCPhase_LowPowerControlModeule.dir/Core/Src/usart.c.obj
                0x200003b8                huart2
 .bss.hdma_lpuart1_rx
                0x20000440       0x48 CMakeFiles/ABCPhase_LowPowerControlModeule.dir/Core/Src/usart.c.obj
                0x20000440                hdma_lpuart1_rx
 .bss.hdma_lpuart1_tx
                0x20000488       0x48 CMakeFiles/ABCPhase_LowPowerControlModeule.dir/Core/Src/usart.c.obj
                0x20000488                hdma_lpuart1_tx
 .bss.hdma_usart2_rx
                0x200004d0       0x48 CMakeFiles/ABCPhase_LowPowerControlModeule.dir/Core/Src/usart.c.obj
                0x200004d0                hdma_usart2_rx
 .bss.hdma_usart2_tx
                0x20000518       0x48 CMakeFiles/ABCPhase_LowPowerControlModeule.dir/Core/Src/usart.c.obj
                0x20000518                hdma_usart2_tx
 .bss.uwTick    0x20000560        0x4 CMakeFiles/ABCPhase_LowPowerControlModeule.dir/Drivers/STM32L0xx_HAL_Driver/Src/stm32l0xx_hal.c.obj
                0x20000560                uwTick
 .bss.__sbrk_heap_end
                0x20000564        0x4 CMakeFiles/ABCPhase_LowPowerControlModeule.dir/Core/Src/sysmem.c.obj
 .bss.__malloc_free_list
                0x20000568        0x4 d:/tools/gnuarm~1/102021~1.10/bin/../lib/gcc/arm-none-eabi/10.3.1/../../../../arm-none-eabi/lib/thumb/v6-m/nofp\libg_nano.a(lib_a-nano-mallocr.o)
                0x20000568                __malloc_free_list
 .bss.__malloc_sbrk_start
                0x2000056c        0x4 d:/tools/gnuarm~1/102021~1.10/bin/../lib/gcc/arm-none-eabi/10.3.1/../../../../arm-none-eabi/lib/thumb/v6-m/nofp\libg_nano.a(lib_a-nano-mallocr.o)
                0x2000056c                __malloc_sbrk_start
 .bss.errno     0x20000570        0x4 d:/tools/gnuarm~1/102021~1.10/bin/../lib/gcc/arm-none-eabi/10.3.1/../../../../arm-none-eabi/lib/thumb/v6-m/nofp\libg_nano.a(lib_a-reent.o)
                0x20000570                errno
 .bss.__lock___malloc_recursive_mutex
                0x20000574        0x1 d:/tools/gnuarm~1/102021~1.10/bin/../lib/gcc/arm-none-eabi/10.3.1/../../../../arm-none-eabi/lib/thumb/v6-m/nofp\libg_nano.a(lib_a-lock.o)
                0x20000574                __lock___malloc_recursive_mutex
 *(COMMON)
                0x20000578                . = ALIGN (0x4)
 *fill*         0x20000575        0x3 
                0x20000578                _ebss = .
                0x20000578                __bss_end__ = _ebss

._user_heap_stack
                0x20000578      0x600 load address 0x080059a4
                0x20000578                . = ALIGN (0x8)
                [!provide]                PROVIDE (end = .)
                0x20000578                PROVIDE (_end = .)
                0x20000778                . = (. + _Min_Heap_Size)
 *fill*         0x20000578      0x200 
                0x20000b78                . = (. + _Min_Stack_Size)
 *fill*         0x20000778      0x400 
                0x20000b78                . = ALIGN (0x8)

/DISCARD/
 libc.a(*)
 libm.a(*)
 libgcc.a(*)
OUTPUT(ABCPhase_LowPowerControlModeule.elf elf32-littlearm)
LOAD linker stubs
LOAD d:/tools/gnuarm~1/102021~1.10/bin/../lib/gcc/arm-none-eabi/10.3.1/../../../../arm-none-eabi/lib/thumb/v6-m/nofp\libc.a
LOAD d:/tools/gnuarm~1/102021~1.10/bin/../lib/gcc/arm-none-eabi/10.3.1/../../../../arm-none-eabi/lib/thumb/v6-m/nofp\libm.a
LOAD d:/tools/gnuarm~1/102021~1.10/bin/../lib/gcc/arm-none-eabi/10.3.1/thumb/v6-m/nofp\libgcc.a

.ARM.attributes
                0x00000000       0x28
 .ARM.attributes
                0x00000000       0x1e d:/tools/gnuarm~1/102021~1.10/bin/../lib/gcc/arm-none-eabi/10.3.1/thumb/v6-m/nofp/crti.o
 .ARM.attributes
                0x0000001e       0x2c d:/tools/gnuarm~1/102021~1.10/bin/../lib/gcc/arm-none-eabi/10.3.1/thumb/v6-m/nofp/crtbegin.o
 .ARM.attributes
                0x0000004a       0x2c d:/tools/gnuarm~1/102021~1.10/bin/../lib/gcc/arm-none-eabi/10.3.1/../../../../arm-none-eabi/lib/thumb/v6-m/nofp\libc_nano.a(lib_a-impure.o)
 .ARM.attributes
                0x00000076       0x2c d:/tools/gnuarm~1/102021~1.10/bin/../lib/gcc/arm-none-eabi/10.3.1/../../../../arm-none-eabi/lib/thumb/v6-m/nofp\libc_nano.a(lib_a-init.o)
 .ARM.attributes
                0x000000a2       0x2c d:/tools/gnuarm~1/102021~1.10/bin/../lib/gcc/arm-none-eabi/10.3.1/../../../../arm-none-eabi/lib/thumb/v6-m/nofp\libc_nano.a(lib_a-memset.o)
 .ARM.attributes
                0x000000ce       0x2c CMakeFiles/ABCPhase_LowPowerControlModeule.dir/App/app_main.c.obj
 .ARM.attributes
                0x000000fa       0x2c CMakeFiles/ABCPhase_LowPowerControlModeule.dir/App/app_lora.c.obj
 .ARM.attributes
                0x00000126       0x2c CMakeFiles/ABCPhase_LowPowerControlModeule.dir/App/app_lora_procotol.c.obj
 .ARM.attributes
                0x00000152       0x2c CMakeFiles/ABCPhase_LowPowerControlModeule.dir/Bsp/bsp_dbg_uart.c.obj
 .ARM.attributes
                0x0000017e       0x2c CMakeFiles/ABCPhase_LowPowerControlModeule.dir/Bsp/bsp_lora_uart.c.obj
 .ARM.attributes
                0x000001aa       0x2c CMakeFiles/ABCPhase_LowPowerControlModeule.dir/Bsp/bsp_gpio.c.obj
 .ARM.attributes
                0x000001d6       0x2c CMakeFiles/ABCPhase_LowPowerControlModeule.dir/Bsp/bsp_system.c.obj
 .ARM.attributes
                0x00000202       0x2c CMakeFiles/ABCPhase_LowPowerControlModeule.dir/Core/Src/main.c.obj
 .ARM.attributes
                0x0000022e       0x2c CMakeFiles/ABCPhase_LowPowerControlModeule.dir/Core/Src/gpio.c.obj
 .ARM.attributes
                0x0000025a       0x2c CMakeFiles/ABCPhase_LowPowerControlModeule.dir/Core/Src/dma.c.obj
 .ARM.attributes
                0x00000286       0x2c CMakeFiles/ABCPhase_LowPowerControlModeule.dir/Core/Src/iwdg.c.obj
 .ARM.attributes
                0x000002b2       0x2c CMakeFiles/ABCPhase_LowPowerControlModeule.dir/Core/Src/usart.c.obj
 .ARM.attributes
                0x000002de       0x2c CMakeFiles/ABCPhase_LowPowerControlModeule.dir/Core/Src/stm32l0xx_it.c.obj
 .ARM.attributes
                0x0000030a       0x2c CMakeFiles/ABCPhase_LowPowerControlModeule.dir/Core/Src/stm32l0xx_hal_msp.c.obj
 .ARM.attributes
                0x00000336       0x2c CMakeFiles/ABCPhase_LowPowerControlModeule.dir/Drivers/STM32L0xx_HAL_Driver/Src/stm32l0xx_hal_iwdg.c.obj
 .ARM.attributes
                0x00000362       0x2c CMakeFiles/ABCPhase_LowPowerControlModeule.dir/Drivers/STM32L0xx_HAL_Driver/Src/stm32l0xx_hal.c.obj
 .ARM.attributes
                0x0000038e       0x2c CMakeFiles/ABCPhase_LowPowerControlModeule.dir/Drivers/STM32L0xx_HAL_Driver/Src/stm32l0xx_hal_lptim.c.obj
 .ARM.attributes
                0x000003ba       0x2c CMakeFiles/ABCPhase_LowPowerControlModeule.dir/Drivers/STM32L0xx_HAL_Driver/Src/stm32l0xx_hal_rcc.c.obj
 .ARM.attributes
                0x000003e6       0x2c CMakeFiles/ABCPhase_LowPowerControlModeule.dir/Drivers/STM32L0xx_HAL_Driver/Src/stm32l0xx_hal_rcc_ex.c.obj
 .ARM.attributes
                0x00000412       0x2c CMakeFiles/ABCPhase_LowPowerControlModeule.dir/Drivers/STM32L0xx_HAL_Driver/Src/stm32l0xx_hal_gpio.c.obj
 .ARM.attributes
                0x0000043e       0x2c CMakeFiles/ABCPhase_LowPowerControlModeule.dir/Drivers/STM32L0xx_HAL_Driver/Src/stm32l0xx_hal_dma.c.obj
 .ARM.attributes
                0x0000046a       0x2c CMakeFiles/ABCPhase_LowPowerControlModeule.dir/Drivers/STM32L0xx_HAL_Driver/Src/stm32l0xx_hal_cortex.c.obj
 .ARM.attributes
                0x00000496       0x2c CMakeFiles/ABCPhase_LowPowerControlModeule.dir/Drivers/STM32L0xx_HAL_Driver/Src/stm32l0xx_hal_uart.c.obj
 .ARM.attributes
                0x000004c2       0x2c CMakeFiles/ABCPhase_LowPowerControlModeule.dir/Drivers/STM32L0xx_HAL_Driver/Src/stm32l0xx_hal_uart_ex.c.obj
 .ARM.attributes
                0x000004ee       0x2c CMakeFiles/ABCPhase_LowPowerControlModeule.dir/Core/Src/system_stm32l0xx.c.obj
 .ARM.attributes
                0x0000051a       0x2c CMakeFiles/ABCPhase_LowPowerControlModeule.dir/Core/Src/sysmem.c.obj
 .ARM.attributes
                0x00000546       0x22 CMakeFiles/ABCPhase_LowPowerControlModeule.dir/startup_stm32l031xx.s.obj
 .ARM.attributes
                0x00000568       0x1e d:/tools/gnuarm~1/102021~1.10/bin/../lib/gcc/arm-none-eabi/10.3.1/thumb/v6-m/nofp\libgcc.a(_udivsi3.o)
 .ARM.attributes
                0x00000586       0x1e d:/tools/gnuarm~1/102021~1.10/bin/../lib/gcc/arm-none-eabi/10.3.1/thumb/v6-m/nofp\libgcc.a(_dvmd_tls.o)
 .ARM.attributes
                0x000005a4       0x1e d:/tools/gnuarm~1/102021~1.10/bin/../lib/gcc/arm-none-eabi/10.3.1/thumb/v6-m/nofp\libgcc.a(_aeabi_uldivmod.o)
 .ARM.attributes
                0x000005c2       0x2c d:/tools/gnuarm~1/102021~1.10/bin/../lib/gcc/arm-none-eabi/10.3.1/thumb/v6-m/nofp\libgcc.a(_udivmoddi4.o)
 .ARM.attributes
                0x000005ee       0x1e d:/tools/gnuarm~1/102021~1.10/bin/../lib/gcc/arm-none-eabi/10.3.1/thumb/v6-m/nofp\libgcc.a(_clzdi2.o)
 .ARM.attributes
                0x0000060c       0x1e d:/tools/gnuarm~1/102021~1.10/bin/../lib/gcc/arm-none-eabi/10.3.1/thumb/v6-m/nofp\libgcc.a(_clzsi2.o)
 .ARM.attributes
                0x0000062a       0x2c d:/tools/gnuarm~1/102021~1.10/bin/../lib/gcc/arm-none-eabi/10.3.1/../../../../arm-none-eabi/lib/thumb/v6-m/nofp\libg_nano.a(lib_a-errno.o)
 .ARM.attributes
                0x00000656       0x2c d:/tools/gnuarm~1/102021~1.10/bin/../lib/gcc/arm-none-eabi/10.3.1/../../../../arm-none-eabi/lib/thumb/v6-m/nofp\libg_nano.a(lib_a-vsnprintf.o)
 .ARM.attributes
                0x00000682       0x2c d:/tools/gnuarm~1/102021~1.10/bin/../lib/gcc/arm-none-eabi/10.3.1/../../../../arm-none-eabi/lib/thumb/v6-m/nofp\libg_nano.a(lib_a-nano-svfprintf.o)
 .ARM.attributes
                0x000006ae       0x2c d:/tools/gnuarm~1/102021~1.10/bin/../lib/gcc/arm-none-eabi/10.3.1/../../../../arm-none-eabi/lib/thumb/v6-m/nofp\libg_nano.a(lib_a-nano-vfprintf_i.o)
 .ARM.attributes
                0x000006da       0x2c d:/tools/gnuarm~1/102021~1.10/bin/../lib/gcc/arm-none-eabi/10.3.1/../../../../arm-none-eabi/lib/thumb/v6-m/nofp\libg_nano.a(lib_a-memchr-stub.o)
 .ARM.attributes
                0x00000706       0x2c d:/tools/gnuarm~1/102021~1.10/bin/../lib/gcc/arm-none-eabi/10.3.1/../../../../arm-none-eabi/lib/thumb/v6-m/nofp\libg_nano.a(lib_a-memcpy-stub.o)
 .ARM.attributes
                0x00000732       0x2c d:/tools/gnuarm~1/102021~1.10/bin/../lib/gcc/arm-none-eabi/10.3.1/../../../../arm-none-eabi/lib/thumb/v6-m/nofp\libg_nano.a(lib_a-memmove.o)
 .ARM.attributes
                0x0000075e       0x2c d:/tools/gnuarm~1/102021~1.10/bin/../lib/gcc/arm-none-eabi/10.3.1/../../../../arm-none-eabi/lib/thumb/v6-m/nofp\libg_nano.a(lib_a-nano-freer.o)
 .ARM.attributes
                0x0000078a       0x2c d:/tools/gnuarm~1/102021~1.10/bin/../lib/gcc/arm-none-eabi/10.3.1/../../../../arm-none-eabi/lib/thumb/v6-m/nofp\libg_nano.a(lib_a-nano-mallocr.o)
 .ARM.attributes
                0x000007b6       0x2c d:/tools/gnuarm~1/102021~1.10/bin/../lib/gcc/arm-none-eabi/10.3.1/../../../../arm-none-eabi/lib/thumb/v6-m/nofp\libg_nano.a(lib_a-nano-reallocr.o)
 .ARM.attributes
                0x000007e2       0x2c d:/tools/gnuarm~1/102021~1.10/bin/../lib/gcc/arm-none-eabi/10.3.1/../../../../arm-none-eabi/lib/thumb/v6-m/nofp\libg_nano.a(lib_a-sbrkr.o)
 .ARM.attributes
                0x0000080e       0x2c d:/tools/gnuarm~1/102021~1.10/bin/../lib/gcc/arm-none-eabi/10.3.1/../../../../arm-none-eabi/lib/thumb/v6-m/nofp\libg_nano.a(lib_a-mlock.o)
 .ARM.attributes
                0x0000083a       0x2c d:/tools/gnuarm~1/102021~1.10/bin/../lib/gcc/arm-none-eabi/10.3.1/../../../../arm-none-eabi/lib/thumb/v6-m/nofp\libg_nano.a(lib_a-nano-msizer.o)
 .ARM.attributes
                0x00000866       0x2c d:/tools/gnuarm~1/102021~1.10/bin/../lib/gcc/arm-none-eabi/10.3.1/../../../../arm-none-eabi/lib/thumb/v6-m/nofp\libg_nano.a(lib_a-reent.o)
 .ARM.attributes
                0x00000892       0x2c d:/tools/gnuarm~1/102021~1.10/bin/../lib/gcc/arm-none-eabi/10.3.1/../../../../arm-none-eabi/lib/thumb/v6-m/nofp\libg_nano.a(lib_a-lock.o)
 .ARM.attributes
                0x000008be       0x1e d:/tools/gnuarm~1/102021~1.10/bin/../lib/gcc/arm-none-eabi/10.3.1/thumb/v6-m/nofp\libgcc.a(_thumb1_case_shi.o)
 .ARM.attributes
                0x000008dc       0x1e d:/tools/gnuarm~1/102021~1.10/bin/../lib/gcc/arm-none-eabi/10.3.1/thumb/v6-m/nofp/crtn.o

.comment        0x00000000       0x49
 .comment       0x00000000       0x49 CMakeFiles/ABCPhase_LowPowerControlModeule.dir/App/app_main.c.obj
                                 0x4a (size before relaxing)
 .comment       0x00000049       0x4a CMakeFiles/ABCPhase_LowPowerControlModeule.dir/App/app_lora.c.obj
 .comment       0x00000049       0x4a CMakeFiles/ABCPhase_LowPowerControlModeule.dir/App/app_lora_procotol.c.obj
 .comment       0x00000049       0x4a CMakeFiles/ABCPhase_LowPowerControlModeule.dir/Bsp/bsp_dbg_uart.c.obj
 .comment       0x00000049       0x4a CMakeFiles/ABCPhase_LowPowerControlModeule.dir/Bsp/bsp_lora_uart.c.obj
 .comment       0x00000049       0x4a CMakeFiles/ABCPhase_LowPowerControlModeule.dir/Bsp/bsp_gpio.c.obj
 .comment       0x00000049       0x4a CMakeFiles/ABCPhase_LowPowerControlModeule.dir/Bsp/bsp_system.c.obj
 .comment       0x00000049       0x4a CMakeFiles/ABCPhase_LowPowerControlModeule.dir/Core/Src/main.c.obj
 .comment       0x00000049       0x4a CMakeFiles/ABCPhase_LowPowerControlModeule.dir/Core/Src/gpio.c.obj
 .comment       0x00000049       0x4a CMakeFiles/ABCPhase_LowPowerControlModeule.dir/Core/Src/dma.c.obj
 .comment       0x00000049       0x4a CMakeFiles/ABCPhase_LowPowerControlModeule.dir/Core/Src/iwdg.c.obj
 .comment       0x00000049       0x4a CMakeFiles/ABCPhase_LowPowerControlModeule.dir/Core/Src/usart.c.obj
 .comment       0x00000049       0x4a CMakeFiles/ABCPhase_LowPowerControlModeule.dir/Core/Src/stm32l0xx_it.c.obj
 .comment       0x00000049       0x4a CMakeFiles/ABCPhase_LowPowerControlModeule.dir/Core/Src/stm32l0xx_hal_msp.c.obj
 .comment       0x00000049       0x4a CMakeFiles/ABCPhase_LowPowerControlModeule.dir/Drivers/STM32L0xx_HAL_Driver/Src/stm32l0xx_hal_iwdg.c.obj
 .comment       0x00000049       0x4a CMakeFiles/ABCPhase_LowPowerControlModeule.dir/Drivers/STM32L0xx_HAL_Driver/Src/stm32l0xx_hal.c.obj
 .comment       0x00000049       0x4a CMakeFiles/ABCPhase_LowPowerControlModeule.dir/Drivers/STM32L0xx_HAL_Driver/Src/stm32l0xx_hal_lptim.c.obj
 .comment       0x00000049       0x4a CMakeFiles/ABCPhase_LowPowerControlModeule.dir/Drivers/STM32L0xx_HAL_Driver/Src/stm32l0xx_hal_rcc.c.obj
 .comment       0x00000049       0x4a CMakeFiles/ABCPhase_LowPowerControlModeule.dir/Drivers/STM32L0xx_HAL_Driver/Src/stm32l0xx_hal_rcc_ex.c.obj
 .comment       0x00000049       0x4a CMakeFiles/ABCPhase_LowPowerControlModeule.dir/Drivers/STM32L0xx_HAL_Driver/Src/stm32l0xx_hal_gpio.c.obj
 .comment       0x00000049       0x4a CMakeFiles/ABCPhase_LowPowerControlModeule.dir/Drivers/STM32L0xx_HAL_Driver/Src/stm32l0xx_hal_dma.c.obj
 .comment       0x00000049       0x4a CMakeFiles/ABCPhase_LowPowerControlModeule.dir/Drivers/STM32L0xx_HAL_Driver/Src/stm32l0xx_hal_cortex.c.obj
 .comment       0x00000049       0x4a CMakeFiles/ABCPhase_LowPowerControlModeule.dir/Drivers/STM32L0xx_HAL_Driver/Src/stm32l0xx_hal_uart.c.obj
 .comment       0x00000049       0x4a CMakeFiles/ABCPhase_LowPowerControlModeule.dir/Drivers/STM32L0xx_HAL_Driver/Src/stm32l0xx_hal_uart_ex.c.obj
 .comment       0x00000049       0x4a CMakeFiles/ABCPhase_LowPowerControlModeule.dir/Core/Src/system_stm32l0xx.c.obj
 .comment       0x00000049       0x4a CMakeFiles/ABCPhase_LowPowerControlModeule.dir/Core/Src/sysmem.c.obj

.debug_frame    0x00000000     0x2b3c
 .debug_frame   0x00000000       0x2c d:/tools/gnuarm~1/102021~1.10/bin/../lib/gcc/arm-none-eabi/10.3.1/../../../../arm-none-eabi/lib/thumb/v6-m/nofp\libc_nano.a(lib_a-init.o)
 .debug_frame   0x0000002c       0x20 d:/tools/gnuarm~1/102021~1.10/bin/../lib/gcc/arm-none-eabi/10.3.1/../../../../arm-none-eabi/lib/thumb/v6-m/nofp\libc_nano.a(lib_a-memset.o)
 .debug_frame   0x0000004c       0x88 CMakeFiles/ABCPhase_LowPowerControlModeule.dir/App/app_main.c.obj
 .debug_frame   0x000000d4      0x160 CMakeFiles/ABCPhase_LowPowerControlModeule.dir/App/app_lora.c.obj
 .debug_frame   0x00000234      0x168 CMakeFiles/ABCPhase_LowPowerControlModeule.dir/App/app_lora_procotol.c.obj
 .debug_frame   0x0000039c      0x1a0 CMakeFiles/ABCPhase_LowPowerControlModeule.dir/Bsp/bsp_dbg_uart.c.obj
 .debug_frame   0x0000053c      0x140 CMakeFiles/ABCPhase_LowPowerControlModeule.dir/Bsp/bsp_lora_uart.c.obj
 .debug_frame   0x0000067c       0xe8 CMakeFiles/ABCPhase_LowPowerControlModeule.dir/Bsp/bsp_gpio.c.obj
 .debug_frame   0x00000764       0xe8 CMakeFiles/ABCPhase_LowPowerControlModeule.dir/Bsp/bsp_system.c.obj
 .debug_frame   0x0000084c       0x68 CMakeFiles/ABCPhase_LowPowerControlModeule.dir/Core/Src/main.c.obj
 .debug_frame   0x000008b4       0x30 CMakeFiles/ABCPhase_LowPowerControlModeule.dir/Core/Src/gpio.c.obj
 .debug_frame   0x000008e4       0x30 CMakeFiles/ABCPhase_LowPowerControlModeule.dir/Core/Src/dma.c.obj
 .debug_frame   0x00000914       0x2c CMakeFiles/ABCPhase_LowPowerControlModeule.dir/Core/Src/iwdg.c.obj
 .debug_frame   0x00000940       0x88 CMakeFiles/ABCPhase_LowPowerControlModeule.dir/Core/Src/usart.c.obj
 .debug_frame   0x000009c8      0x160 CMakeFiles/ABCPhase_LowPowerControlModeule.dir/Core/Src/stm32l0xx_it.c.obj
 .debug_frame   0x00000b28       0x2c CMakeFiles/ABCPhase_LowPowerControlModeule.dir/Core/Src/stm32l0xx_hal_msp.c.obj
 .debug_frame   0x00000b54       0x50 CMakeFiles/ABCPhase_LowPowerControlModeule.dir/Drivers/STM32L0xx_HAL_Driver/Src/stm32l0xx_hal_iwdg.c.obj
 .debug_frame   0x00000ba4      0x394 CMakeFiles/ABCPhase_LowPowerControlModeule.dir/Drivers/STM32L0xx_HAL_Driver/Src/stm32l0xx_hal.c.obj
 .debug_frame   0x00000f38      0x550 CMakeFiles/ABCPhase_LowPowerControlModeule.dir/Drivers/STM32L0xx_HAL_Driver/Src/stm32l0xx_hal_lptim.c.obj
 .debug_frame   0x00001488      0x1a4 CMakeFiles/ABCPhase_LowPowerControlModeule.dir/Drivers/STM32L0xx_HAL_Driver/Src/stm32l0xx_hal_rcc.c.obj
 .debug_frame   0x0000162c       0xfc CMakeFiles/ABCPhase_LowPowerControlModeule.dir/Drivers/STM32L0xx_HAL_Driver/Src/stm32l0xx_hal_rcc_ex.c.obj
 .debug_frame   0x00001728      0x110 CMakeFiles/ABCPhase_LowPowerControlModeule.dir/Drivers/STM32L0xx_HAL_Driver/Src/stm32l0xx_hal_gpio.c.obj
 .debug_frame   0x00001838      0x1b0 CMakeFiles/ABCPhase_LowPowerControlModeule.dir/Drivers/STM32L0xx_HAL_Driver/Src/stm32l0xx_hal_dma.c.obj
 .debug_frame   0x000019e8      0x2a0 CMakeFiles/ABCPhase_LowPowerControlModeule.dir/Drivers/STM32L0xx_HAL_Driver/Src/stm32l0xx_hal_cortex.c.obj
 .debug_frame   0x00001c88      0x854 CMakeFiles/ABCPhase_LowPowerControlModeule.dir/Drivers/STM32L0xx_HAL_Driver/Src/stm32l0xx_hal_uart.c.obj
 .debug_frame   0x000024dc      0x1b4 CMakeFiles/ABCPhase_LowPowerControlModeule.dir/Drivers/STM32L0xx_HAL_Driver/Src/stm32l0xx_hal_uart_ex.c.obj
 .debug_frame   0x00002690       0x4c CMakeFiles/ABCPhase_LowPowerControlModeule.dir/Core/Src/system_stm32l0xx.c.obj
 .debug_frame   0x000026dc       0x30 CMakeFiles/ABCPhase_LowPowerControlModeule.dir/Core/Src/sysmem.c.obj
 .debug_frame   0x0000270c       0x20 d:/tools/gnuarm~1/102021~1.10/bin/../lib/gcc/arm-none-eabi/10.3.1/thumb/v6-m/nofp\libgcc.a(_udivsi3.o)
 .debug_frame   0x0000272c       0x3c d:/tools/gnuarm~1/102021~1.10/bin/../lib/gcc/arm-none-eabi/10.3.1/thumb/v6-m/nofp\libgcc.a(_udivmoddi4.o)
 .debug_frame   0x00002768       0x20 d:/tools/gnuarm~1/102021~1.10/bin/../lib/gcc/arm-none-eabi/10.3.1/../../../../arm-none-eabi/lib/thumb/v6-m/nofp\libg_nano.a(lib_a-errno.o)
 .debug_frame   0x00002788       0x48 d:/tools/gnuarm~1/102021~1.10/bin/../lib/gcc/arm-none-eabi/10.3.1/../../../../arm-none-eabi/lib/thumb/v6-m/nofp\libg_nano.a(lib_a-vsnprintf.o)
 .debug_frame   0x000027d0       0x74 d:/tools/gnuarm~1/102021~1.10/bin/../lib/gcc/arm-none-eabi/10.3.1/../../../../arm-none-eabi/lib/thumb/v6-m/nofp\libg_nano.a(lib_a-nano-svfprintf.o)
 .debug_frame   0x00002844       0x54 d:/tools/gnuarm~1/102021~1.10/bin/../lib/gcc/arm-none-eabi/10.3.1/../../../../arm-none-eabi/lib/thumb/v6-m/nofp\libg_nano.a(lib_a-nano-vfprintf_i.o)
 .debug_frame   0x00002898       0x20 d:/tools/gnuarm~1/102021~1.10/bin/../lib/gcc/arm-none-eabi/10.3.1/../../../../arm-none-eabi/lib/thumb/v6-m/nofp\libg_nano.a(lib_a-memchr-stub.o)
 .debug_frame   0x000028b8       0x28 d:/tools/gnuarm~1/102021~1.10/bin/../lib/gcc/arm-none-eabi/10.3.1/../../../../arm-none-eabi/lib/thumb/v6-m/nofp\libg_nano.a(lib_a-memcpy-stub.o)
 .debug_frame   0x000028e0       0x28 d:/tools/gnuarm~1/102021~1.10/bin/../lib/gcc/arm-none-eabi/10.3.1/../../../../arm-none-eabi/lib/thumb/v6-m/nofp\libg_nano.a(lib_a-memmove.o)
 .debug_frame   0x00002908       0x2c d:/tools/gnuarm~1/102021~1.10/bin/../lib/gcc/arm-none-eabi/10.3.1/../../../../arm-none-eabi/lib/thumb/v6-m/nofp\libg_nano.a(lib_a-nano-freer.o)
 .debug_frame   0x00002934       0x50 d:/tools/gnuarm~1/102021~1.10/bin/../lib/gcc/arm-none-eabi/10.3.1/../../../../arm-none-eabi/lib/thumb/v6-m/nofp\libg_nano.a(lib_a-nano-mallocr.o)
 .debug_frame   0x00002984       0x34 d:/tools/gnuarm~1/102021~1.10/bin/../lib/gcc/arm-none-eabi/10.3.1/../../../../arm-none-eabi/lib/thumb/v6-m/nofp\libg_nano.a(lib_a-nano-reallocr.o)
 .debug_frame   0x000029b8       0x2c d:/tools/gnuarm~1/102021~1.10/bin/../lib/gcc/arm-none-eabi/10.3.1/../../../../arm-none-eabi/lib/thumb/v6-m/nofp\libg_nano.a(lib_a-sbrkr.o)
 .debug_frame   0x000029e4       0x40 d:/tools/gnuarm~1/102021~1.10/bin/../lib/gcc/arm-none-eabi/10.3.1/../../../../arm-none-eabi/lib/thumb/v6-m/nofp\libg_nano.a(lib_a-mlock.o)
 .debug_frame   0x00002a24       0x20 d:/tools/gnuarm~1/102021~1.10/bin/../lib/gcc/arm-none-eabi/10.3.1/../../../../arm-none-eabi/lib/thumb/v6-m/nofp\libg_nano.a(lib_a-nano-msizer.o)
 .debug_frame   0x00002a44       0x48 d:/tools/gnuarm~1/102021~1.10/bin/../lib/gcc/arm-none-eabi/10.3.1/../../../../arm-none-eabi/lib/thumb/v6-m/nofp\libg_nano.a(lib_a-reent.o)
 .debug_frame   0x00002a8c       0xb0 d:/tools/gnuarm~1/102021~1.10/bin/../lib/gcc/arm-none-eabi/10.3.1/../../../../arm-none-eabi/lib/thumb/v6-m/nofp\libg_nano.a(lib_a-lock.o)

.debug_info     0x00000000     0xd76a
 .debug_info    0x00000000      0x1b3 CMakeFiles/ABCPhase_LowPowerControlModeule.dir/App/app_main.c.obj
 .debug_info    0x000001b3      0x4c9 CMakeFiles/ABCPhase_LowPowerControlModeule.dir/App/app_lora.c.obj
 .debug_info    0x0000067c      0x49a CMakeFiles/ABCPhase_LowPowerControlModeule.dir/App/app_lora_procotol.c.obj
 .debug_info    0x00000b16      0x996 CMakeFiles/ABCPhase_LowPowerControlModeule.dir/Bsp/bsp_dbg_uart.c.obj
 .debug_info    0x000014ac      0x899 CMakeFiles/ABCPhase_LowPowerControlModeule.dir/Bsp/bsp_lora_uart.c.obj
 .debug_info    0x00001d45      0x6cd CMakeFiles/ABCPhase_LowPowerControlModeule.dir/Bsp/bsp_gpio.c.obj
 .debug_info    0x00002412      0x7a5 CMakeFiles/ABCPhase_LowPowerControlModeule.dir/Bsp/bsp_system.c.obj
 .debug_info    0x00002bb7      0x324 CMakeFiles/ABCPhase_LowPowerControlModeule.dir/Core/Src/main.c.obj
 .debug_info    0x00002edb      0x353 CMakeFiles/ABCPhase_LowPowerControlModeule.dir/Core/Src/gpio.c.obj
 .debug_info    0x0000322e      0x2a2 CMakeFiles/ABCPhase_LowPowerControlModeule.dir/Core/Src/dma.c.obj
 .debug_info    0x000034d0      0x1b5 CMakeFiles/ABCPhase_LowPowerControlModeule.dir/Core/Src/iwdg.c.obj
 .debug_info    0x00003685      0xa99 CMakeFiles/ABCPhase_LowPowerControlModeule.dir/Core/Src/usart.c.obj
 .debug_info    0x0000411e      0x9cc CMakeFiles/ABCPhase_LowPowerControlModeule.dir/Core/Src/stm32l0xx_it.c.obj
 .debug_info    0x00004aea      0x1e3 CMakeFiles/ABCPhase_LowPowerControlModeule.dir/Core/Src/stm32l0xx_hal_msp.c.obj
 .debug_info    0x00004ccd      0x1fc CMakeFiles/ABCPhase_LowPowerControlModeule.dir/Drivers/STM32L0xx_HAL_Driver/Src/stm32l0xx_hal_iwdg.c.obj
 .debug_info    0x00004ec9      0x831 CMakeFiles/ABCPhase_LowPowerControlModeule.dir/Drivers/STM32L0xx_HAL_Driver/Src/stm32l0xx_hal.c.obj
 .debug_info    0x000056fa      0xe80 CMakeFiles/ABCPhase_LowPowerControlModeule.dir/Drivers/STM32L0xx_HAL_Driver/Src/stm32l0xx_hal_lptim.c.obj
 .debug_info    0x0000657a      0x968 CMakeFiles/ABCPhase_LowPowerControlModeule.dir/Drivers/STM32L0xx_HAL_Driver/Src/stm32l0xx_hal_rcc.c.obj
 .debug_info    0x00006ee2      0x499 CMakeFiles/ABCPhase_LowPowerControlModeule.dir/Drivers/STM32L0xx_HAL_Driver/Src/stm32l0xx_hal_rcc_ex.c.obj
 .debug_info    0x0000737b      0x6a1 CMakeFiles/ABCPhase_LowPowerControlModeule.dir/Drivers/STM32L0xx_HAL_Driver/Src/stm32l0xx_hal_gpio.c.obj
 .debug_info    0x00007a1c      0x74e CMakeFiles/ABCPhase_LowPowerControlModeule.dir/Drivers/STM32L0xx_HAL_Driver/Src/stm32l0xx_hal_dma.c.obj
 .debug_info    0x0000816a      0x6d9 CMakeFiles/ABCPhase_LowPowerControlModeule.dir/Drivers/STM32L0xx_HAL_Driver/Src/stm32l0xx_hal_cortex.c.obj
 .debug_info    0x00008843     0x3d3d CMakeFiles/ABCPhase_LowPowerControlModeule.dir/Drivers/STM32L0xx_HAL_Driver/Src/stm32l0xx_hal_uart.c.obj
 .debug_info    0x0000c580      0xd60 CMakeFiles/ABCPhase_LowPowerControlModeule.dir/Drivers/STM32L0xx_HAL_Driver/Src/stm32l0xx_hal_uart_ex.c.obj
 .debug_info    0x0000d2e0      0x309 CMakeFiles/ABCPhase_LowPowerControlModeule.dir/Core/Src/system_stm32l0xx.c.obj
 .debug_info    0x0000d5e9      0x15f CMakeFiles/ABCPhase_LowPowerControlModeule.dir/Core/Src/sysmem.c.obj
 .debug_info    0x0000d748       0x22 CMakeFiles/ABCPhase_LowPowerControlModeule.dir/startup_stm32l031xx.s.obj

.debug_abbrev   0x00000000     0x2b65
 .debug_abbrev  0x00000000      0x107 CMakeFiles/ABCPhase_LowPowerControlModeule.dir/App/app_main.c.obj
 .debug_abbrev  0x00000107      0x1e1 CMakeFiles/ABCPhase_LowPowerControlModeule.dir/App/app_lora.c.obj
 .debug_abbrev  0x000002e8      0x167 CMakeFiles/ABCPhase_LowPowerControlModeule.dir/App/app_lora_procotol.c.obj
 .debug_abbrev  0x0000044f      0x25e CMakeFiles/ABCPhase_LowPowerControlModeule.dir/Bsp/bsp_dbg_uart.c.obj
 .debug_abbrev  0x000006ad      0x25b CMakeFiles/ABCPhase_LowPowerControlModeule.dir/Bsp/bsp_lora_uart.c.obj
 .debug_abbrev  0x00000908      0x209 CMakeFiles/ABCPhase_LowPowerControlModeule.dir/Bsp/bsp_gpio.c.obj
 .debug_abbrev  0x00000b11      0x1d2 CMakeFiles/ABCPhase_LowPowerControlModeule.dir/Bsp/bsp_system.c.obj
 .debug_abbrev  0x00000ce3      0x146 CMakeFiles/ABCPhase_LowPowerControlModeule.dir/Core/Src/main.c.obj
 .debug_abbrev  0x00000e29      0x121 CMakeFiles/ABCPhase_LowPowerControlModeule.dir/Core/Src/gpio.c.obj
 .debug_abbrev  0x00000f4a       0xdc CMakeFiles/ABCPhase_LowPowerControlModeule.dir/Core/Src/dma.c.obj
 .debug_abbrev  0x00001026      0x104 CMakeFiles/ABCPhase_LowPowerControlModeule.dir/Core/Src/iwdg.c.obj
 .debug_abbrev  0x0000112a      0x1c4 CMakeFiles/ABCPhase_LowPowerControlModeule.dir/Core/Src/usart.c.obj
 .debug_abbrev  0x000012ee      0x14f CMakeFiles/ABCPhase_LowPowerControlModeule.dir/Core/Src/stm32l0xx_it.c.obj
 .debug_abbrev  0x0000143d       0x9d CMakeFiles/ABCPhase_LowPowerControlModeule.dir/Core/Src/stm32l0xx_hal_msp.c.obj
 .debug_abbrev  0x000014da      0x135 CMakeFiles/ABCPhase_LowPowerControlModeule.dir/Drivers/STM32L0xx_HAL_Driver/Src/stm32l0xx_hal_iwdg.c.obj
 .debug_abbrev  0x0000160f      0x267 CMakeFiles/ABCPhase_LowPowerControlModeule.dir/Drivers/STM32L0xx_HAL_Driver/Src/stm32l0xx_hal.c.obj
 .debug_abbrev  0x00001876      0x268 CMakeFiles/ABCPhase_LowPowerControlModeule.dir/Drivers/STM32L0xx_HAL_Driver/Src/stm32l0xx_hal_lptim.c.obj
 .debug_abbrev  0x00001ade      0x246 CMakeFiles/ABCPhase_LowPowerControlModeule.dir/Drivers/STM32L0xx_HAL_Driver/Src/stm32l0xx_hal_rcc.c.obj
 .debug_abbrev  0x00001d24      0x1b0 CMakeFiles/ABCPhase_LowPowerControlModeule.dir/Drivers/STM32L0xx_HAL_Driver/Src/stm32l0xx_hal_rcc_ex.c.obj
 .debug_abbrev  0x00001ed4      0x1bb CMakeFiles/ABCPhase_LowPowerControlModeule.dir/Drivers/STM32L0xx_HAL_Driver/Src/stm32l0xx_hal_gpio.c.obj
 .debug_abbrev  0x0000208f      0x1b1 CMakeFiles/ABCPhase_LowPowerControlModeule.dir/Drivers/STM32L0xx_HAL_Driver/Src/stm32l0xx_hal_dma.c.obj
 .debug_abbrev  0x00002240      0x265 CMakeFiles/ABCPhase_LowPowerControlModeule.dir/Drivers/STM32L0xx_HAL_Driver/Src/stm32l0xx_hal_cortex.c.obj
 .debug_abbrev  0x000024a5      0x28a CMakeFiles/ABCPhase_LowPowerControlModeule.dir/Drivers/STM32L0xx_HAL_Driver/Src/stm32l0xx_hal_uart.c.obj
 .debug_abbrev  0x0000272f      0x268 CMakeFiles/ABCPhase_LowPowerControlModeule.dir/Drivers/STM32L0xx_HAL_Driver/Src/stm32l0xx_hal_uart_ex.c.obj
 .debug_abbrev  0x00002997      0x116 CMakeFiles/ABCPhase_LowPowerControlModeule.dir/Core/Src/system_stm32l0xx.c.obj
 .debug_abbrev  0x00002aad       0xa6 CMakeFiles/ABCPhase_LowPowerControlModeule.dir/Core/Src/sysmem.c.obj
 .debug_abbrev  0x00002b53       0x12 CMakeFiles/ABCPhase_LowPowerControlModeule.dir/startup_stm32l031xx.s.obj

.debug_aranges  0x00000000      0xc28
 .debug_aranges
                0x00000000       0x38 CMakeFiles/ABCPhase_LowPowerControlModeule.dir/App/app_main.c.obj
 .debug_aranges
                0x00000038       0x70 CMakeFiles/ABCPhase_LowPowerControlModeule.dir/App/app_lora.c.obj
 .debug_aranges
                0x000000a8       0x70 CMakeFiles/ABCPhase_LowPowerControlModeule.dir/App/app_lora_procotol.c.obj
 .debug_aranges
                0x00000118       0x80 CMakeFiles/ABCPhase_LowPowerControlModeule.dir/Bsp/bsp_dbg_uart.c.obj
 .debug_aranges
                0x00000198       0x68 CMakeFiles/ABCPhase_LowPowerControlModeule.dir/Bsp/bsp_lora_uart.c.obj
 .debug_aranges
                0x00000200       0x50 CMakeFiles/ABCPhase_LowPowerControlModeule.dir/Bsp/bsp_gpio.c.obj
 .debug_aranges
                0x00000250       0x50 CMakeFiles/ABCPhase_LowPowerControlModeule.dir/Bsp/bsp_system.c.obj
 .debug_aranges
                0x000002a0       0x30 CMakeFiles/ABCPhase_LowPowerControlModeule.dir/Core/Src/main.c.obj
 .debug_aranges
                0x000002d0       0x20 CMakeFiles/ABCPhase_LowPowerControlModeule.dir/Core/Src/gpio.c.obj
 .debug_aranges
                0x000002f0       0x20 CMakeFiles/ABCPhase_LowPowerControlModeule.dir/Core/Src/dma.c.obj
 .debug_aranges
                0x00000310       0x20 CMakeFiles/ABCPhase_LowPowerControlModeule.dir/Core/Src/iwdg.c.obj
 .debug_aranges
                0x00000330       0x38 CMakeFiles/ABCPhase_LowPowerControlModeule.dir/Core/Src/usart.c.obj
 .debug_aranges
                0x00000368       0x78 CMakeFiles/ABCPhase_LowPowerControlModeule.dir/Core/Src/stm32l0xx_it.c.obj
 .debug_aranges
                0x000003e0       0x20 CMakeFiles/ABCPhase_LowPowerControlModeule.dir/Core/Src/stm32l0xx_hal_msp.c.obj
 .debug_aranges
                0x00000400       0x28 CMakeFiles/ABCPhase_LowPowerControlModeule.dir/Drivers/STM32L0xx_HAL_Driver/Src/stm32l0xx_hal_iwdg.c.obj
 .debug_aranges
                0x00000428      0x110 CMakeFiles/ABCPhase_LowPowerControlModeule.dir/Drivers/STM32L0xx_HAL_Driver/Src/stm32l0xx_hal.c.obj
 .debug_aranges
                0x00000538      0x168 CMakeFiles/ABCPhase_LowPowerControlModeule.dir/Drivers/STM32L0xx_HAL_Driver/Src/stm32l0xx_hal_lptim.c.obj
 .debug_aranges
                0x000006a0       0x80 CMakeFiles/ABCPhase_LowPowerControlModeule.dir/Drivers/STM32L0xx_HAL_Driver/Src/stm32l0xx_hal_rcc.c.obj
 .debug_aranges
                0x00000720       0x58 CMakeFiles/ABCPhase_LowPowerControlModeule.dir/Drivers/STM32L0xx_HAL_Driver/Src/stm32l0xx_hal_rcc_ex.c.obj
 .debug_aranges
                0x00000778       0x58 CMakeFiles/ABCPhase_LowPowerControlModeule.dir/Drivers/STM32L0xx_HAL_Driver/Src/stm32l0xx_hal_gpio.c.obj
 .debug_aranges
                0x000007d0       0x80 CMakeFiles/ABCPhase_LowPowerControlModeule.dir/Drivers/STM32L0xx_HAL_Driver/Src/stm32l0xx_hal_dma.c.obj
 .debug_aranges
                0x00000850       0xc0 CMakeFiles/ABCPhase_LowPowerControlModeule.dir/Drivers/STM32L0xx_HAL_Driver/Src/stm32l0xx_hal_cortex.c.obj
 .debug_aranges
                0x00000910      0x228 CMakeFiles/ABCPhase_LowPowerControlModeule.dir/Drivers/STM32L0xx_HAL_Driver/Src/stm32l0xx_hal_uart.c.obj
 .debug_aranges
                0x00000b38       0x80 CMakeFiles/ABCPhase_LowPowerControlModeule.dir/Drivers/STM32L0xx_HAL_Driver/Src/stm32l0xx_hal_uart_ex.c.obj
 .debug_aranges
                0x00000bb8       0x28 CMakeFiles/ABCPhase_LowPowerControlModeule.dir/Core/Src/system_stm32l0xx.c.obj
 .debug_aranges
                0x00000be0       0x20 CMakeFiles/ABCPhase_LowPowerControlModeule.dir/Core/Src/sysmem.c.obj
 .debug_aranges
                0x00000c00       0x28 CMakeFiles/ABCPhase_LowPowerControlModeule.dir/startup_stm32l031xx.s.obj

.debug_ranges   0x00000000      0xab0
 .debug_ranges  0x00000000       0x28 CMakeFiles/ABCPhase_LowPowerControlModeule.dir/App/app_main.c.obj
 .debug_ranges  0x00000028       0x60 CMakeFiles/ABCPhase_LowPowerControlModeule.dir/App/app_lora.c.obj
 .debug_ranges  0x00000088       0x60 CMakeFiles/ABCPhase_LowPowerControlModeule.dir/App/app_lora_procotol.c.obj
 .debug_ranges  0x000000e8       0x70 CMakeFiles/ABCPhase_LowPowerControlModeule.dir/Bsp/bsp_dbg_uart.c.obj
 .debug_ranges  0x00000158       0x58 CMakeFiles/ABCPhase_LowPowerControlModeule.dir/Bsp/bsp_lora_uart.c.obj
 .debug_ranges  0x000001b0       0x40 CMakeFiles/ABCPhase_LowPowerControlModeule.dir/Bsp/bsp_gpio.c.obj
 .debug_ranges  0x000001f0       0x40 CMakeFiles/ABCPhase_LowPowerControlModeule.dir/Bsp/bsp_system.c.obj
 .debug_ranges  0x00000230       0x20 CMakeFiles/ABCPhase_LowPowerControlModeule.dir/Core/Src/main.c.obj
 .debug_ranges  0x00000250       0x10 CMakeFiles/ABCPhase_LowPowerControlModeule.dir/Core/Src/gpio.c.obj
 .debug_ranges  0x00000260       0x10 CMakeFiles/ABCPhase_LowPowerControlModeule.dir/Core/Src/dma.c.obj
 .debug_ranges  0x00000270       0x10 CMakeFiles/ABCPhase_LowPowerControlModeule.dir/Core/Src/iwdg.c.obj
 .debug_ranges  0x00000280       0x28 CMakeFiles/ABCPhase_LowPowerControlModeule.dir/Core/Src/usart.c.obj
 .debug_ranges  0x000002a8       0x68 CMakeFiles/ABCPhase_LowPowerControlModeule.dir/Core/Src/stm32l0xx_it.c.obj
 .debug_ranges  0x00000310       0x10 CMakeFiles/ABCPhase_LowPowerControlModeule.dir/Core/Src/stm32l0xx_hal_msp.c.obj
 .debug_ranges  0x00000320       0x18 CMakeFiles/ABCPhase_LowPowerControlModeule.dir/Drivers/STM32L0xx_HAL_Driver/Src/stm32l0xx_hal_iwdg.c.obj
 .debug_ranges  0x00000338      0x100 CMakeFiles/ABCPhase_LowPowerControlModeule.dir/Drivers/STM32L0xx_HAL_Driver/Src/stm32l0xx_hal.c.obj
 .debug_ranges  0x00000438      0x158 CMakeFiles/ABCPhase_LowPowerControlModeule.dir/Drivers/STM32L0xx_HAL_Driver/Src/stm32l0xx_hal_lptim.c.obj
 .debug_ranges  0x00000590       0x70 CMakeFiles/ABCPhase_LowPowerControlModeule.dir/Drivers/STM32L0xx_HAL_Driver/Src/stm32l0xx_hal_rcc.c.obj
 .debug_ranges  0x00000600       0x48 CMakeFiles/ABCPhase_LowPowerControlModeule.dir/Drivers/STM32L0xx_HAL_Driver/Src/stm32l0xx_hal_rcc_ex.c.obj
 .debug_ranges  0x00000648       0x48 CMakeFiles/ABCPhase_LowPowerControlModeule.dir/Drivers/STM32L0xx_HAL_Driver/Src/stm32l0xx_hal_gpio.c.obj
 .debug_ranges  0x00000690       0x70 CMakeFiles/ABCPhase_LowPowerControlModeule.dir/Drivers/STM32L0xx_HAL_Driver/Src/stm32l0xx_hal_dma.c.obj
 .debug_ranges  0x00000700       0xb0 CMakeFiles/ABCPhase_LowPowerControlModeule.dir/Drivers/STM32L0xx_HAL_Driver/Src/stm32l0xx_hal_cortex.c.obj
 .debug_ranges  0x000007b0      0x248 CMakeFiles/ABCPhase_LowPowerControlModeule.dir/Drivers/STM32L0xx_HAL_Driver/Src/stm32l0xx_hal_uart.c.obj
 .debug_ranges  0x000009f8       0x70 CMakeFiles/ABCPhase_LowPowerControlModeule.dir/Drivers/STM32L0xx_HAL_Driver/Src/stm32l0xx_hal_uart_ex.c.obj
 .debug_ranges  0x00000a68       0x18 CMakeFiles/ABCPhase_LowPowerControlModeule.dir/Core/Src/system_stm32l0xx.c.obj
 .debug_ranges  0x00000a80       0x10 CMakeFiles/ABCPhase_LowPowerControlModeule.dir/Core/Src/sysmem.c.obj
 .debug_ranges  0x00000a90       0x20 CMakeFiles/ABCPhase_LowPowerControlModeule.dir/startup_stm32l031xx.s.obj

.debug_macro    0x00000000    0x136db
 .debug_macro   0x00000000      0x222 CMakeFiles/ABCPhase_LowPowerControlModeule.dir/App/app_main.c.obj
 .debug_macro   0x00000222      0xa4e CMakeFiles/ABCPhase_LowPowerControlModeule.dir/App/app_main.c.obj
 .debug_macro   0x00000c70       0x94 CMakeFiles/ABCPhase_LowPowerControlModeule.dir/App/app_main.c.obj
 .debug_macro   0x00000d04       0x22 CMakeFiles/ABCPhase_LowPowerControlModeule.dir/App/app_main.c.obj
 .debug_macro   0x00000d26       0x8e CMakeFiles/ABCPhase_LowPowerControlModeule.dir/App/app_main.c.obj
 .debug_macro   0x00000db4       0x51 CMakeFiles/ABCPhase_LowPowerControlModeule.dir/App/app_main.c.obj
 .debug_macro   0x00000e05      0x103 CMakeFiles/ABCPhase_LowPowerControlModeule.dir/App/app_main.c.obj
 .debug_macro   0x00000f08       0x6a CMakeFiles/ABCPhase_LowPowerControlModeule.dir/App/app_main.c.obj
 .debug_macro   0x00000f72      0x1df CMakeFiles/ABCPhase_LowPowerControlModeule.dir/App/app_main.c.obj
 .debug_macro   0x00001151      0x12b CMakeFiles/ABCPhase_LowPowerControlModeule.dir/App/app_main.c.obj
 .debug_macro   0x0000127c       0x2e CMakeFiles/ABCPhase_LowPowerControlModeule.dir/App/app_main.c.obj
 .debug_macro   0x000012aa       0x28 CMakeFiles/ABCPhase_LowPowerControlModeule.dir/App/app_main.c.obj
 .debug_macro   0x000012d2       0x1c CMakeFiles/ABCPhase_LowPowerControlModeule.dir/App/app_main.c.obj
 .debug_macro   0x000012ee       0x22 CMakeFiles/ABCPhase_LowPowerControlModeule.dir/App/app_main.c.obj
 .debug_macro   0x00001310       0xaf CMakeFiles/ABCPhase_LowPowerControlModeule.dir/App/app_main.c.obj
 .debug_macro   0x000013bf      0x3ad CMakeFiles/ABCPhase_LowPowerControlModeule.dir/App/app_main.c.obj
 .debug_macro   0x0000176c     0x8137 CMakeFiles/ABCPhase_LowPowerControlModeule.dir/App/app_main.c.obj
 .debug_macro   0x000098a3       0x66 CMakeFiles/ABCPhase_LowPowerControlModeule.dir/App/app_main.c.obj
 .debug_macro   0x00009909     0x35ac CMakeFiles/ABCPhase_LowPowerControlModeule.dir/App/app_main.c.obj
 .debug_macro   0x0000ceb5      0x174 CMakeFiles/ABCPhase_LowPowerControlModeule.dir/App/app_main.c.obj
 .debug_macro   0x0000d029       0x5c CMakeFiles/ABCPhase_LowPowerControlModeule.dir/App/app_main.c.obj
 .debug_macro   0x0000d085      0x8b4 CMakeFiles/ABCPhase_LowPowerControlModeule.dir/App/app_main.c.obj
 .debug_macro   0x0000d939      0x474 CMakeFiles/ABCPhase_LowPowerControlModeule.dir/App/app_main.c.obj
 .debug_macro   0x0000ddad      0x189 CMakeFiles/ABCPhase_LowPowerControlModeule.dir/App/app_main.c.obj
 .debug_macro   0x0000df36      0x13f CMakeFiles/ABCPhase_LowPowerControlModeule.dir/App/app_main.c.obj
 .debug_macro   0x0000e075      0x10d CMakeFiles/ABCPhase_LowPowerControlModeule.dir/App/app_main.c.obj
 .debug_macro   0x0000e182       0x82 CMakeFiles/ABCPhase_LowPowerControlModeule.dir/App/app_main.c.obj
 .debug_macro   0x0000e204      0x28e CMakeFiles/ABCPhase_LowPowerControlModeule.dir/App/app_main.c.obj
 .debug_macro   0x0000e492       0x28 CMakeFiles/ABCPhase_LowPowerControlModeule.dir/App/app_main.c.obj
 .debug_macro   0x0000e4ba      0x128 CMakeFiles/ABCPhase_LowPowerControlModeule.dir/App/app_main.c.obj
 .debug_macro   0x0000e5e2      0x23b CMakeFiles/ABCPhase_LowPowerControlModeule.dir/App/app_main.c.obj
 .debug_macro   0x0000e81d      0x22c CMakeFiles/ABCPhase_LowPowerControlModeule.dir/App/app_main.c.obj
 .debug_macro   0x0000ea49       0x5b CMakeFiles/ABCPhase_LowPowerControlModeule.dir/App/app_main.c.obj
 .debug_macro   0x0000eaa4       0xa5 CMakeFiles/ABCPhase_LowPowerControlModeule.dir/App/app_main.c.obj
 .debug_macro   0x0000eb49       0x85 CMakeFiles/ABCPhase_LowPowerControlModeule.dir/App/app_main.c.obj
 .debug_macro   0x0000ebce      0x255 CMakeFiles/ABCPhase_LowPowerControlModeule.dir/App/app_main.c.obj
 .debug_macro   0x0000ee23      0x186 CMakeFiles/ABCPhase_LowPowerControlModeule.dir/App/app_main.c.obj
 .debug_macro   0x0000efa9       0x16 CMakeFiles/ABCPhase_LowPowerControlModeule.dir/App/app_main.c.obj
 .debug_macro   0x0000efbf      0x5cf CMakeFiles/ABCPhase_LowPowerControlModeule.dir/App/app_main.c.obj
 .debug_macro   0x0000f58e       0x44 CMakeFiles/ABCPhase_LowPowerControlModeule.dir/App/app_main.c.obj
 .debug_macro   0x0000f5d2      0x12a CMakeFiles/ABCPhase_LowPowerControlModeule.dir/App/app_main.c.obj
 .debug_macro   0x0000f6fc       0x10 CMakeFiles/ABCPhase_LowPowerControlModeule.dir/App/app_main.c.obj
 .debug_macro   0x0000f70c      0x205 CMakeFiles/ABCPhase_LowPowerControlModeule.dir/App/app_lora.c.obj
 .debug_macro   0x0000f911       0x22 CMakeFiles/ABCPhase_LowPowerControlModeule.dir/App/app_lora.c.obj
 .debug_macro   0x0000f933      0x228 CMakeFiles/ABCPhase_LowPowerControlModeule.dir/App/app_lora_procotol.c.obj
 .debug_macro   0x0000fb5b      0x34c CMakeFiles/ABCPhase_LowPowerControlModeule.dir/Bsp/bsp_dbg_uart.c.obj
 .debug_macro   0x0000fea7       0x58 CMakeFiles/ABCPhase_LowPowerControlModeule.dir/Bsp/bsp_dbg_uart.c.obj
 .debug_macro   0x0000feff       0x64 CMakeFiles/ABCPhase_LowPowerControlModeule.dir/Bsp/bsp_dbg_uart.c.obj
 .debug_macro   0x0000ff63       0x18 CMakeFiles/ABCPhase_LowPowerControlModeule.dir/Bsp/bsp_dbg_uart.c.obj
 .debug_macro   0x0000ff7b       0x35 CMakeFiles/ABCPhase_LowPowerControlModeule.dir/Bsp/bsp_dbg_uart.c.obj
 .debug_macro   0x0000ffb0       0x34 CMakeFiles/ABCPhase_LowPowerControlModeule.dir/Bsp/bsp_dbg_uart.c.obj
 .debug_macro   0x0000ffe4       0x16 CMakeFiles/ABCPhase_LowPowerControlModeule.dir/Bsp/bsp_dbg_uart.c.obj
 .debug_macro   0x0000fffa       0x97 CMakeFiles/ABCPhase_LowPowerControlModeule.dir/Bsp/bsp_dbg_uart.c.obj
 .debug_macro   0x00010091      0x341 CMakeFiles/ABCPhase_LowPowerControlModeule.dir/Bsp/bsp_dbg_uart.c.obj
 .debug_macro   0x000103d2       0xfd CMakeFiles/ABCPhase_LowPowerControlModeule.dir/Bsp/bsp_dbg_uart.c.obj
 .debug_macro   0x000104cf       0x16 CMakeFiles/ABCPhase_LowPowerControlModeule.dir/Bsp/bsp_dbg_uart.c.obj
 .debug_macro   0x000104e5       0x43 CMakeFiles/ABCPhase_LowPowerControlModeule.dir/Bsp/bsp_dbg_uart.c.obj
 .debug_macro   0x00010528       0x34 CMakeFiles/ABCPhase_LowPowerControlModeule.dir/Bsp/bsp_dbg_uart.c.obj
 .debug_macro   0x0001055c       0x10 CMakeFiles/ABCPhase_LowPowerControlModeule.dir/Bsp/bsp_dbg_uart.c.obj
 .debug_macro   0x0001056c       0x58 CMakeFiles/ABCPhase_LowPowerControlModeule.dir/Bsp/bsp_dbg_uart.c.obj
 .debug_macro   0x000105c4      0x182 CMakeFiles/ABCPhase_LowPowerControlModeule.dir/Bsp/bsp_dbg_uart.c.obj
 .debug_macro   0x00010746       0x10 CMakeFiles/ABCPhase_LowPowerControlModeule.dir/Bsp/bsp_dbg_uart.c.obj
 .debug_macro   0x00010756       0x1c CMakeFiles/ABCPhase_LowPowerControlModeule.dir/Bsp/bsp_dbg_uart.c.obj
 .debug_macro   0x00010772       0x52 CMakeFiles/ABCPhase_LowPowerControlModeule.dir/Bsp/bsp_dbg_uart.c.obj
 .debug_macro   0x000107c4       0x22 CMakeFiles/ABCPhase_LowPowerControlModeule.dir/Bsp/bsp_dbg_uart.c.obj
 .debug_macro   0x000107e6       0x10 CMakeFiles/ABCPhase_LowPowerControlModeule.dir/Bsp/bsp_dbg_uart.c.obj
 .debug_macro   0x000107f6       0x52 CMakeFiles/ABCPhase_LowPowerControlModeule.dir/Bsp/bsp_dbg_uart.c.obj
 .debug_macro   0x00010848       0xd5 CMakeFiles/ABCPhase_LowPowerControlModeule.dir/Bsp/bsp_dbg_uart.c.obj
 .debug_macro   0x0001091d       0x1c CMakeFiles/ABCPhase_LowPowerControlModeule.dir/Bsp/bsp_dbg_uart.c.obj
 .debug_macro   0x00010939       0x3d CMakeFiles/ABCPhase_LowPowerControlModeule.dir/Bsp/bsp_dbg_uart.c.obj
 .debug_macro   0x00010976       0x16 CMakeFiles/ABCPhase_LowPowerControlModeule.dir/Bsp/bsp_dbg_uart.c.obj
 .debug_macro   0x0001098c      0x16f CMakeFiles/ABCPhase_LowPowerControlModeule.dir/Bsp/bsp_dbg_uart.c.obj
 .debug_macro   0x00010afb       0x56 CMakeFiles/ABCPhase_LowPowerControlModeule.dir/Bsp/bsp_dbg_uart.c.obj
 .debug_macro   0x00010b51      0x1f2 CMakeFiles/ABCPhase_LowPowerControlModeule.dir/Bsp/bsp_lora_uart.c.obj
 .debug_macro   0x00010d43      0x1de CMakeFiles/ABCPhase_LowPowerControlModeule.dir/Bsp/bsp_gpio.c.obj
 .debug_macro   0x00010f21      0x1eb CMakeFiles/ABCPhase_LowPowerControlModeule.dir/Bsp/bsp_system.c.obj
 .debug_macro   0x0001110c      0x20e CMakeFiles/ABCPhase_LowPowerControlModeule.dir/Core/Src/main.c.obj
 .debug_macro   0x0001131a      0x1d8 CMakeFiles/ABCPhase_LowPowerControlModeule.dir/Core/Src/gpio.c.obj
 .debug_macro   0x000114f2      0x1d8 CMakeFiles/ABCPhase_LowPowerControlModeule.dir/Core/Src/dma.c.obj
 .debug_macro   0x000116ca      0x1d8 CMakeFiles/ABCPhase_LowPowerControlModeule.dir/Core/Src/iwdg.c.obj
 .debug_macro   0x000118a2      0x1d8 CMakeFiles/ABCPhase_LowPowerControlModeule.dir/Core/Src/usart.c.obj
 .debug_macro   0x00011a7a      0x1ef CMakeFiles/ABCPhase_LowPowerControlModeule.dir/Core/Src/stm32l0xx_it.c.obj
 .debug_macro   0x00011c69       0x16 CMakeFiles/ABCPhase_LowPowerControlModeule.dir/Core/Src/stm32l0xx_it.c.obj
 .debug_macro   0x00011c7f      0x1ce CMakeFiles/ABCPhase_LowPowerControlModeule.dir/Core/Src/stm32l0xx_hal_msp.c.obj
 .debug_macro   0x00011e4d      0x1d2 CMakeFiles/ABCPhase_LowPowerControlModeule.dir/Drivers/STM32L0xx_HAL_Driver/Src/stm32l0xx_hal_iwdg.c.obj
 .debug_macro   0x0001201f      0x1e8 CMakeFiles/ABCPhase_LowPowerControlModeule.dir/Drivers/STM32L0xx_HAL_Driver/Src/stm32l0xx_hal.c.obj
 .debug_macro   0x00012207      0x1cc CMakeFiles/ABCPhase_LowPowerControlModeule.dir/Drivers/STM32L0xx_HAL_Driver/Src/stm32l0xx_hal_lptim.c.obj
 .debug_macro   0x000123d3      0x1fa CMakeFiles/ABCPhase_LowPowerControlModeule.dir/Drivers/STM32L0xx_HAL_Driver/Src/stm32l0xx_hal_rcc.c.obj
 .debug_macro   0x000125cd      0x1c4 CMakeFiles/ABCPhase_LowPowerControlModeule.dir/Drivers/STM32L0xx_HAL_Driver/Src/stm32l0xx_hal_rcc_ex.c.obj
 .debug_macro   0x00012791      0x1cb CMakeFiles/ABCPhase_LowPowerControlModeule.dir/Drivers/STM32L0xx_HAL_Driver/Src/stm32l0xx_hal_gpio.c.obj
 .debug_macro   0x0001295c      0x1c4 CMakeFiles/ABCPhase_LowPowerControlModeule.dir/Drivers/STM32L0xx_HAL_Driver/Src/stm32l0xx_hal_dma.c.obj
 .debug_macro   0x00012b20      0x1c4 CMakeFiles/ABCPhase_LowPowerControlModeule.dir/Drivers/STM32L0xx_HAL_Driver/Src/stm32l0xx_hal_cortex.c.obj