Archive member included to satisfy reference by file (symbol)

D:/UserDev/UserTOOL/arm-gnu-toolchain/bin/../lib/gcc/arm-none-eabi/13.3.1/thumb/v6-m/nofp\libc_nano.a(libc_a-exit.o)
                              D:/UserDev/UserTOOL/arm-gnu-toolchain/bin/../lib/gcc/arm-none-eabi/13.3.1/thumb/v6-m/nofp/crt0.o (exit)
D:/UserDev/UserTOOL/arm-gnu-toolchain/bin/../lib/gcc/arm-none-eabi/13.3.1/thumb/v6-m/nofp\libc_nano.a(libc_a-findfp.o)
                              D:/UserDev/UserTOOL/arm-gnu-toolchain/bin/../lib/gcc/arm-none-eabi/13.3.1/thumb/v6-m/nofp\libc_nano.a(libc_a-exit.o) (__stdio_exit_handler)
D:/UserDev/UserTOOL/arm-gnu-toolchain/bin/../lib/gcc/arm-none-eabi/13.3.1/thumb/v6-m/nofp\libc_nano.a(libc_a-fwalk.o)
                              D:/UserDev/UserTOOL/arm-gnu-toolchain/bin/../lib/gcc/arm-none-eabi/13.3.1/thumb/v6-m/nofp\libc_nano.a(libc_a-findfp.o) (_fwalk_sglue)
D:/UserDev/UserTOOL/arm-gnu-toolchain/bin/../lib/gcc/arm-none-eabi/13.3.1/thumb/v6-m/nofp\libc_nano.a(libc_a-stdio.o)
                              D:/UserDev/UserTOOL/arm-gnu-toolchain/bin/../lib/gcc/arm-none-eabi/13.3.1/thumb/v6-m/nofp\libc_nano.a(libc_a-findfp.o) (__sread)
D:/UserDev/UserTOOL/arm-gnu-toolchain/bin/../lib/gcc/arm-none-eabi/13.3.1/thumb/v6-m/nofp\libc_nano.a(libc_a-memset.o)
                              D:/UserDev/UserTOOL/arm-gnu-toolchain/bin/../lib/gcc/arm-none-eabi/13.3.1/thumb/v6-m/nofp/crt0.o (memset)
D:/UserDev/UserTOOL/arm-gnu-toolchain/bin/../lib/gcc/arm-none-eabi/13.3.1/thumb/v6-m/nofp\libc_nano.a(libc_a-closer.o)
                              D:/UserDev/UserTOOL/arm-gnu-toolchain/bin/../lib/gcc/arm-none-eabi/13.3.1/thumb/v6-m/nofp\libc_nano.a(libc_a-stdio.o) (_close_r)
D:/UserDev/UserTOOL/arm-gnu-toolchain/bin/../lib/gcc/arm-none-eabi/13.3.1/thumb/v6-m/nofp\libc_nano.a(libc_a-reent.o)
                              D:/UserDev/UserTOOL/arm-gnu-toolchain/bin/../lib/gcc/arm-none-eabi/13.3.1/thumb/v6-m/nofp\libc_nano.a(libc_a-closer.o) (errno)
D:/UserDev/UserTOOL/arm-gnu-toolchain/bin/../lib/gcc/arm-none-eabi/13.3.1/thumb/v6-m/nofp\libc_nano.a(libc_a-impure.o)
                              D:/UserDev/UserTOOL/arm-gnu-toolchain/bin/../lib/gcc/arm-none-eabi/13.3.1/thumb/v6-m/nofp\libc_nano.a(libc_a-reent.o) (_impure_ptr)
D:/UserDev/UserTOOL/arm-gnu-toolchain/bin/../lib/gcc/arm-none-eabi/13.3.1/thumb/v6-m/nofp\libc_nano.a(libc_a-lseekr.o)
                              D:/UserDev/UserTOOL/arm-gnu-toolchain/bin/../lib/gcc/arm-none-eabi/13.3.1/thumb/v6-m/nofp\libc_nano.a(libc_a-stdio.o) (_lseek_r)
D:/UserDev/UserTOOL/arm-gnu-toolchain/bin/../lib/gcc/arm-none-eabi/13.3.1/thumb/v6-m/nofp\libc_nano.a(libc_a-readr.o)
                              D:/UserDev/UserTOOL/arm-gnu-toolchain/bin/../lib/gcc/arm-none-eabi/13.3.1/thumb/v6-m/nofp\libc_nano.a(libc_a-stdio.o) (_read_r)
D:/UserDev/UserTOOL/arm-gnu-toolchain/bin/../lib/gcc/arm-none-eabi/13.3.1/thumb/v6-m/nofp\libc_nano.a(libc_a-writer.o)
                              D:/UserDev/UserTOOL/arm-gnu-toolchain/bin/../lib/gcc/arm-none-eabi/13.3.1/thumb/v6-m/nofp\libc_nano.a(libc_a-stdio.o) (_write_r)
D:/UserDev/UserTOOL/arm-gnu-toolchain/bin/../lib/gcc/arm-none-eabi/13.3.1/thumb/v6-m/nofp\libc_nano.a(libc_a-init.o)
                              D:/UserDev/UserTOOL/arm-gnu-toolchain/bin/../lib/gcc/arm-none-eabi/13.3.1/thumb/v6-m/nofp/crt0.o (__libc_init_array)
D:/UserDev/UserTOOL/arm-gnu-toolchain/bin/../lib/gcc/arm-none-eabi/13.3.1/thumb/v6-m/nofp\libc_nano.a(libc_a-lock.o)
                              D:/UserDev/UserTOOL/arm-gnu-toolchain/bin/../lib/gcc/arm-none-eabi/13.3.1/thumb/v6-m/nofp\libc_nano.a(libc_a-findfp.o) (__retarget_lock_init_recursive)
D:/UserDev/UserTOOL/arm-gnu-toolchain/bin/../lib/gcc/arm-none-eabi/13.3.1/thumb/v6-m/nofp\libc_nano.a(libc_a-freer.o)
                              D:/UserDev/UserTOOL/arm-gnu-toolchain/bin/../lib/gcc/arm-none-eabi/13.3.1/thumb/v6-m/nofp\libc_nano.a(libc_a-reent.o) (_free_r)
D:/UserDev/UserTOOL/arm-gnu-toolchain/bin/../lib/gcc/arm-none-eabi/13.3.1/thumb/v6-m/nofp\libc_nano.a(libc_a-mallocr.o)
                              D:/UserDev/UserTOOL/arm-gnu-toolchain/bin/../lib/gcc/arm-none-eabi/13.3.1/thumb/v6-m/nofp\libc_nano.a(libc_a-findfp.o) (_malloc_r)
D:/UserDev/UserTOOL/arm-gnu-toolchain/bin/../lib/gcc/arm-none-eabi/13.3.1/thumb/v6-m/nofp\libc_nano.a(libc_a-mlock.o)
                              D:/UserDev/UserTOOL/arm-gnu-toolchain/bin/../lib/gcc/arm-none-eabi/13.3.1/thumb/v6-m/nofp\libc_nano.a(libc_a-freer.o) (__malloc_lock)
D:/UserDev/UserTOOL/arm-gnu-toolchain/bin/../lib/gcc/arm-none-eabi/13.3.1/thumb/v6-m/nofp\libc_nano.a(libc_a-fflush.o)
                              D:/UserDev/UserTOOL/arm-gnu-toolchain/bin/../lib/gcc/arm-none-eabi/13.3.1/thumb/v6-m/nofp\libc_nano.a(libc_a-findfp.o) (_fflush_r)
D:/UserDev/UserTOOL/arm-gnu-toolchain/bin/../lib/gcc/arm-none-eabi/13.3.1/thumb/v6-m/nofp\libc_nano.a(libc_a-sbrkr.o)
[...]
Memory Configuration

Name             Origin             Length             Attributes
RAM              0x20000000         0x00002000         xrw
FLASH            0x08000000         0x00008000         xr
*default*        0x00000000         0xffffffff

Linker script and memory map

LOAD D:/UserDev/UserTOOL/arm-gnu-toolchain/bin/../lib/gcc/arm-none-eabi/13.3.1/thumb/v6-m/nofp/crti.o
LOAD D:/UserDev/UserTOOL/arm-gnu-toolchain/bin/../lib/gcc/arm-none-eabi/13.3.1/thumb/v6-m/nofp/crtbegin.o
LOAD D:/UserDev/UserTOOL/arm-gnu-toolchain/bin/../lib/gcc/arm-none-eabi/13.3.1/thumb/v6-m/nofp/crt0.o
START GROUP
LOAD D:/UserDev/UserTOOL/arm-gnu-toolchain/bin/../lib/gcc/arm-none-eabi/13.3.1/thumb/v6-m/nofp\libc_nano.a
LOAD D:/UserDev/UserTOOL/arm-gnu-toolchain/bin/../lib/gcc/arm-none-eabi/13.3.1/thumb/v6-m/nofp\libm.a
END GROUP
LOAD CMakeFiles/ABCPhase_LowPowerControlModeule.dir/App/app_main.c.obj
LOAD CMakeFiles/ABCPhase_LowPowerControlModeule.dir/App/app_lora.c.obj
LOAD CMakeFiles/ABCPhase_LowPowerControlModeule.dir/App/app_lora_procotol.c.obj
LOAD CMakeFiles/ABCPhase_LowPowerControlModeule.dir/Bsp/bsp_dbg_uart.c.obj
LOAD CMakeFiles/ABCPhase_LowPowerControlModeule.dir/Bsp/bsp_lora_uart.c.obj
LOAD CMakeFiles/ABCPhase_LowPowerControlModeule.dir/Bsp/bsp_gpio.c.obj
LOAD CMakeFiles/ABCPhase_LowPowerControlModeule.dir/Bsp/bsp_system.c.obj
LOAD CMakeFiles/ABCPhase_LowPowerControlModeule.dir/Core/Src/main.c.obj
LOAD CMakeFiles/ABCPhase_LowPowerControlModeule.dir/Core/Src/gpio.c.obj
LOAD CMakeFiles/ABCPhase_LowPowerControlModeule.dir/Core/Src/dma.c.obj
LOAD CMakeFiles/ABCPhase_LowPowerControlModeule.dir/Core/Src/iwdg.c.obj
LOAD CMakeFiles/ABCPhase_LowPowerControlModeule.dir/Core/Src/usart.c.obj
LOAD CMakeFiles/ABCPhase_LowPowerControlModeule.dir/Core/Src/stm32l0xx_it.c.obj
LOAD CMakeFiles/ABCPhase_LowPowerControlModeule.dir/Core/Src/stm32l0xx_hal_msp.c.obj
LOAD CMakeFiles/ABCPhase_LowPowerControlModeule.dir/Drivers/STM32L0xx_HAL_Driver/Src/stm32l0xx_hal_iwdg.c.obj
LOAD CMakeFiles/ABCPhase_LowPowerControlModeule.dir/Drivers/STM32L0xx_HAL_Driver/Src/stm32l0xx_hal.c.obj
LOAD CMakeFiles/ABCPhase_LowPowerControlModeule.dir/Drivers/STM32L0xx_HAL_Driver/Src/stm32l0xx_hal_i2c.c.obj
LOAD CMakeFiles/ABCPhase_LowPowerControlModeule.dir/Drivers/STM32L0xx_HAL_Driver/Src/stm32l0xx_hal_lptim.c.obj
LOAD CMakeFiles/ABCPhase_LowPowerControlModeule.dir/Drivers/STM32L0xx_HAL_Driver/Src/stm32l0xx_hal_i2c_ex.c.obj
LOAD CMakeFiles/ABCPhase_LowPowerControlModeule.dir/Drivers/STM32L0xx_HAL_Driver/Src/stm32l0xx_hal_rcc.c.obj
LOAD CMakeFiles/ABCPhase_LowPowerControlModeule.dir/Drivers/STM32L0xx_HAL_Driver/Src/stm32l0xx_hal_rcc_ex.c.obj
LOAD CMakeFiles/ABCPhase_LowPowerControlModeule.dir/Drivers/STM32L0xx_HAL_Driver/Src/stm32l0xx_hal_flash_ramfunc.c.obj
LOAD CMakeFiles/ABCPhase_LowPowerControlModeule.dir/Drivers/STM32L0xx_HAL_Driver/Src/stm32l0xx_hal_flash.c.obj
LOAD CMakeFiles/ABCPhase_LowPowerControlModeule.dir/Drivers/STM32L0xx_HAL_Driver/Src/stm32l0xx_hal_flash_ex.c.obj
LOAD CMakeFiles/ABCPhase_LowPowerControlModeule.dir/Drivers/STM32L0xx_HAL_Driver/Src/stm32l0xx_hal_gpio.c.obj
LOAD CMakeFiles/ABCPhase_LowPowerControlModeule.dir/Drivers/STM32L0xx_HAL_Driver/Src/stm32l0xx_hal_dma.c.obj
LOAD CMakeFiles/ABCPhase_LowPowerControlModeule.dir/Drivers/STM32L0xx_HAL_Driver/Src/stm32l0xx_hal_pwr.c.obj
LOAD CMakeFiles/ABCPhase_LowPowerControlModeule.dir/Drivers/STM32L0xx_HAL_Driver/Src/stm32l0xx_hal_pwr_ex.c.obj
LOAD CMakeFiles/ABCPhase_LowPowerControlModeule.dir/Drivers/STM32L0xx_HAL_Driver/Src/stm32l0xx_hal_cortex.c.obj
LOAD CMakeFiles/ABCPhase_LowPowerControlModeule.dir/Drivers/STM32L0xx_HAL_Driver/Src/stm32l0xx_hal_exti.c.obj
LOAD CMakeFiles/ABCPhase_LowPowerControlModeule.dir/Drivers/STM32L0xx_HAL_Driver/Src/stm32l0xx_hal_uart.c.obj
LOAD CMakeFiles/ABCPhase_LowPowerControlModeule.dir/Drivers/STM32L0xx_HAL_Driver/Src/stm32l0xx_hal_uart_ex.c.obj
LOAD CMakeFiles/ABCPhase_LowPowerControlModeule.dir/Core/Src/system_stm32l0xx.c.obj
LOAD CMakeFiles/ABCPhase_LowPowerControlModeule.dir/Core/Src/sysmem.c.obj
LOAD CMakeFiles/ABCPhase_LowPowerControlModeule.dir/Core/Src/syscalls.c.obj
LOAD CMakeFiles/ABCPhase_LowPowerControlModeule.dir/startup_stm32l031xx.s.obj
START GROUP
LOAD D:/UserDev/UserTOOL/arm-gnu-toolchain/bin/../lib/gcc/arm-none-eabi/13.3.1/thumb/v6-m/nofp\libgcc.a
LOAD D:/UserDev/UserTOOL/arm-gnu-toolchain/bin/../lib/gcc/arm-none-eabi/13.3.1/thumb/v6-m/nofp\libg_nano.a
LOAD D:/UserDev/UserTOOL/arm-gnu-toolchain/bin/../lib/gcc/arm-none-eabi/13.3.1/thumb/v6-m/nofp\libc_nano.a
END GROUP
START GROUP
LOAD D:/UserDev/UserTOOL/arm-gnu-toolchain/bin/../lib/gcc/arm-none-eabi/13.3.1/thumb/v6-m/nofp\libgcc.a
LOAD D:/UserDev/UserTOOL/arm-gnu-toolchain/bin/../lib/gcc/arm-none-eabi/13.3.1/thumb/v6-m/nofp\libc_nano.a
END GROUP
LOAD D:/UserDev/UserTOOL/arm-gnu-toolchain/bin/../lib/gcc/arm-none-eabi/13.3.1/thumb/v6-m/nofp/crtend.o
LOAD D:/UserDev/UserTOOL/arm-gnu-toolchain/bin/../lib/gcc/arm-none-eabi/13.3.1/thumb/v6-m/nofp/crtn.o
                0x20002000                        _estack = (ORIGIN (RAM) + LENGTH (RAM))
                0x00000200                        _Min_Heap_Size = 0x200
                0x00000400                        _Min_Stack_Size = 0x400

.isr_vector     0x08000000       0xc0
                0x08000000                        . = ALIGN (0x4)
 *(.isr_vector)
 .isr_vector    0x08000000       0xc0 CMakeFiles/ABCPhase_LowPowerControlModeule.dir/startup_stm32l031xx.s.obj
                0x08000000                g_pfnVectors
                0x080000c0                        . = ALIGN (0x4)

.text           0x080000c0     0x5818
                0x080000c0                        . = ALIGN (0x4)
 *(.text)
 .text          0x080000c0      0x114 D:/UserDev/UserTOOL/arm-gnu-toolchain/bin/../lib/gcc/arm-none-eabi/13.3.1/thumb/v6-m/nofp\libgcc.a(_udivsi3.o)
                0x080000c0                __aeabi_uidiv
                0x080000c0                __udivsi3
                0x080001cc                __aeabi_uidivmod
 .text          0x080001d4        0x4 D:/UserDev/UserTOOL/arm-gnu-toolchain/bin/../lib/gcc/arm-none-eabi/13.3.1/thumb/v6-m/nofp\libgcc.a(_dvmd_tls.o)
                0x080001d4                __aeabi_idiv0
                0x080001d4                __aeabi_ldiv0
 .text          0x080001d8       0x40 D:/UserDev/UserTOOL/arm-gnu-toolchain/bin/../lib/gcc/arm-none-eabi/13.3.1/thumb/v6-m/nofp\libgcc.a(_aeabi_uldivmod.o)
                0x080001d8                __aeabi_uldivmod
 .text          0x08000218       0x18 D:/UserDev/UserTOOL/arm-gnu-toolchain/bin/../lib/gcc/arm-none-eabi/13.3.1/thumb/v6-m/nofp\libgcc.a(_clzdi2.o)
                0x08000218                __clzdi2
 .text          0x08000230       0x3c D:/UserDev/UserTOOL/arm-gnu-toolchain/bin/../lib/gcc/arm-none-eabi/13.3.1/thumb/v6-m/nofp\libgcc.a(_clzsi2.o)
                0x08000230                __clzsi2
 .text          0x0800026c       0x14 D:/UserDev/UserTOOL/arm-gnu-toolchain/bin/../lib/gcc/arm-none-eabi/13.3.1/thumb/v6-m/nofp\libgcc.a(_thumb1_case_shi.o)
                0x0800026c                __gnu_thumb1_case_shi
 *(.text*)
 .text.deregister_tm_clones
                0x08000280       0x20 D:/UserDev/UserTOOL/arm-gnu-toolchain/bin/../lib/gcc/arm-none-eabi/13.3.1/thumb/v6-m/nofp/crtbegin.o
 .text.register_tm_clones
                0x080002a0       0x28 D:/UserDev/UserTOOL/arm-gnu-toolchain/bin/../lib/gcc/arm-none-eabi/13.3.1/thumb/v6-m/nofp/crtbegin.o
 .text.__do_global_dtors_aux
                0x080002c8       0x2c D:/UserDev/UserTOOL/arm-gnu-toolchain/bin/../lib/gcc/arm-none-eabi/13.3.1/thumb/v6-m/nofp/crtbegin.o
 .text.frame_dummy
                0x080002f4       0x24 D:/UserDev/UserTOOL/arm-gnu-toolchain/bin/../lib/gcc/arm-none-eabi/13.3.1/thumb/v6-m/nofp/crtbegin.o
 .text.memset   0x08000318       0x10 D:/UserDev/UserTOOL/arm-gnu-toolchain/bin/../lib/gcc/arm-none-eabi/13.3.1/thumb/v6-m/nofp\libc_nano.a(libc_a-memset.o)
                0x08000318                memset
 .text.__libc_init_array
                0x08000328       0x48 D:/UserDev/UserTOOL/arm-gnu-toolchain/bin/../lib/gcc/arm-none-eabi/13.3.1/thumb/v6-m/nofp\libc_nano.a(libc_a-init.o)
                0x08000328                __libc_init_array
 .text.__retarget_lock_acquire_recursive
                0x08000370        0x2 D:/UserDev/UserTOOL/arm-gnu-toolchain/bin/../lib/gcc/arm-none-eabi/13.3.1/thumb/v6-m/nofp\libc_nano.a(libc_a-lock.o)
                0x08000370                __retarget_lock_acquire_recursive
 .text.__retarget_lock_release_recursive
                0x08000372        0x2 D:/UserDev/UserTOOL/arm-gnu-toolchain/bin/../lib/gcc/arm-none-eabi/13.3.1/thumb/v6-m/nofp\libc_nano.a(libc_a-lock.o)
                0x08000372                __retarget_lock_release_recursive
 .text._free_r  0x08000374       0x94 D:/UserDev/UserTOOL/arm-gnu-toolchain/bin/../lib/gcc/arm-none-eabi/13.3.1/thumb/v6-m/nofp\libc_nano.a(libc_a-freer.o)
                0x08000374                _free_r
 .text.sbrk_aligned
                0x08000408       0x44 D:/UserDev/UserTOOL/arm-gnu-toolchain/bin/../lib/gcc/arm-none-eabi/13.3.1/thumb/v6-m/nofp\libc_nano.a(libc_a-mallocr.o)
 .text._malloc_r
                0x0800044c      0x100 D:/UserDev/UserTOOL/arm-gnu-toolchain/bin/../lib/gcc/arm-none-eabi/13.3.1/thumb/v6-m/nofp\libc_nano.a(libc_a-mallocr.o)
                0x0800044c                _malloc_r
 .text.__malloc_lock
                0x0800054c       0x10 D:/UserDev/UserTOOL/arm-gnu-toolchain/bin/../lib/gcc/arm-none-eabi/13.3.1/thumb/v6-m/nofp\libc_nano.a(libc_a-mlock.o)
                0x0800054c                __malloc_lock
 .text.__malloc_unlock
                0x0800055c       0x10 D:/UserDev/UserTOOL/arm-gnu-toolchain/bin/../lib/gcc/arm-none-eabi/13.3.1/thumb/v6-m/nofp\libc_nano.a(libc_a-mlock.o)
                0x0800055c                __malloc_unlock
 .text._sbrk_r  0x0800056c       0x24 D:/UserDev/UserTOOL/arm-gnu-toolchain/bin/../lib/gcc/arm-none-eabi/13.3.1/thumb/v6-m/nofp\libc_nano.a(libc_a-sbrkr.o)
                0x0800056c                _sbrk_r
 .text.app_sig_debounce_confirm
                0x08000590       0x50 CMakeFiles/ABCPhase_LowPowerControlModeule.dir/App/app_main.c.obj
 .text.app_init
                0x080005e0       0x8c CMakeFiles/ABCPhase_LowPowerControlModeule.dir/App/app_main.c.obj
                0x080005e0                app_init
 .text.app_task
                0x0800066c       0xd4 CMakeFiles/ABCPhase_LowPowerControlModeule.dir/App/app_main.c.obj
                0x0800066c                app_task
 .text.lora_callback
                0x08000740       0x30 CMakeFiles/ABCPhase_LowPowerControlModeule.dir/App/app_lora.c.obj
 .text.app_lora_init
                0x08000770       0x38 CMakeFiles/ABCPhase_LowPowerControlModeule.dir/App/app_lora.c.obj
                0x08000770                app_lora_init
 .text.app_lora_set_mode
                0x080007a8       0x54 CMakeFiles/ABCPhase_LowPowerControlModeule.dir/App/app_lora.c.obj
                0x080007a8                app_lora_set_mode
 .text.app_lora_send_bytes
                0x080007fc       0x38 CMakeFiles/ABCPhase_LowPowerControlModeule.dir/App/app_lora.c.obj
                0x080007fc                app_lora_send_bytes
 .text.app_lora_read_byte
                0x08000834       0x2c CMakeFiles/ABCPhase_LowPowerControlModeule.dir/App/app_lora.c.obj
                0x08000834                app_lora_read_byte
 .text.app_lora_wakeup_flag
                0x08000860       0x14 CMakeFiles/ABCPhase_LowPowerControlModeule.dir/App/app_lora.c.obj
                0x08000860                app_lora_wakeup_flag
 .text.app_lora_get_status
                0x08000874       0x14 CMakeFiles/ABCPhase_LowPowerControlModeule.dir/App/app_lora.c.obj
                0x08000874                app_lora_get_status
 .text.lora_crc8_cal
                0x08000888       0xae CMakeFiles/ABCPhase_LowPowerControlModeule.dir/App/app_lora_procotol.c.obj
 .text.lora_cfg_flush_rx
                0x08000936       0x1e CMakeFiles/ABCPhase_LowPowerControlModeule.dir/App/app_lora_procotol.c.obj
 .text.lora_cfg_mode_enter
                0x08000954       0x42 CMakeFiles/ABCPhase_LowPowerControlModeule.dir/App/app_lora_procotol.c.obj
 .text.lora_cfg_mode_exit
                0x08000996       0x16 CMakeFiles/ABCPhase_LowPowerControlModeule.dir/App/app_lora_procotol.c.obj
 .text.lora_cfg_transaction
                0x080009ac       0xc8 CMakeFiles/ABCPhase_LowPowerControlModeule.dir/App/app_lora_procotol.c.obj
 .text.app_lora_cfg_read
                0x08000a74       0xaa CMakeFiles/ABCPhase_LowPowerControlModeule.dir/App/app_lora_procotol.c.obj
                0x08000a74                app_lora_cfg_read
 .text.lora_cfg_write_read_verify
                0x08000b1e       0xf6 CMakeFiles/ABCPhase_LowPowerControlModeule.dir/App/app_lora_procotol.c.obj
 .text.app_lora_cfg_reg_verify
                0x08000c14       0x2a CMakeFiles/ABCPhase_LowPowerControlModeule.dir/App/app_lora_procotol.c.obj
                0x08000c14                app_lora_cfg_reg_verify
 *fill*         0x08000c3e        0x2 
 .text.app_lora_signal
                0x08000c40       0x44 CMakeFiles/ABCPhase_LowPowerControlModeule.dir/App/app_lora_procotol.c.obj
                0x08000c40                app_lora_signal
 .text.app_lora_power
                0x08000c84       0x44 CMakeFiles/ABCPhase_LowPowerControlModeule.dir/App/app_lora_procotol.c.obj
                0x08000c84                app_lora_power
 .text.lora_rx_parse
                0x08000cc8       0x5c CMakeFiles/ABCPhase_LowPowerControlModeule.dir/App/app_lora_procotol.c.obj
 .text.lora_rx_byte
                0x08000d24       0xe0 CMakeFiles/ABCPhase_LowPowerControlModeule.dir/App/app_lora_procotol.c.obj
 .text.app_lora_process
                0x08000e04       0x64 CMakeFiles/ABCPhase_LowPowerControlModeule.dir/App/app_lora_procotol.c.obj
                0x08000e04                app_lora_process
 .text.dbg_fifo_push
                0x08000e68       0x5c CMakeFiles/ABCPhase_LowPowerControlModeule.dir/Bsp/bsp_dbg_uart.c.obj
 .text.dbg_rx_start
                0x08000ec4       0x20 CMakeFiles/ABCPhase_LowPowerControlModeule.dir/Bsp/bsp_dbg_uart.c.obj
 .text.dbg_wait_tx_done
                0x08000ee4       0x42 CMakeFiles/ABCPhase_LowPowerControlModeule.dir/Bsp/bsp_dbg_uart.c.obj
 .text.dbg_uart_init
                0x08000f26        0xe CMakeFiles/ABCPhase_LowPowerControlModeule.dir/Bsp/bsp_dbg_uart.c.obj
                0x08000f26                dbg_uart_init
 .text.dbg_send
                0x08000f34       0x5c CMakeFiles/ABCPhase_LowPowerControlModeule.dir/Bsp/bsp_dbg_uart.c.obj
                0x08000f34                dbg_send
 .text.dbg_printf
                0x08000f90       0x58 CMakeFiles/ABCPhase_LowPowerControlModeule.dir/Bsp/bsp_dbg_uart.c.obj
                0x08000f90                dbg_printf
 .text.dbg_uart_rx_event
                0x08000fe8       0x5c CMakeFiles/ABCPhase_LowPowerControlModeule.dir/Bsp/bsp_dbg_uart.c.obj
 .text.dbg_uart_rx_restart
                0x08001044        0xe CMakeFiles/ABCPhase_LowPowerControlModeule.dir/Bsp/bsp_dbg_uart.c.obj
 *fill*         0x08001052        0x2 
 .text.HAL_UARTEx_RxEventCallback
                0x08001054       0x5c CMakeFiles/ABCPhase_LowPowerControlModeule.dir/Bsp/bsp_dbg_uart.c.obj
                0x08001054                HAL_UARTEx_RxEventCallback
 .text.HAL_UART_ErrorCallback
                0x080010b0       0x38 CMakeFiles/ABCPhase_LowPowerControlModeule.dir/Bsp/bsp_dbg_uart.c.obj
                0x080010b0                HAL_UART_ErrorCallback
 .text.lora_fifo_push
                0x080010e8       0x5c CMakeFiles/ABCPhase_LowPowerControlModeule.dir/Bsp/bsp_lora_uart.c.obj
 .text.lora_rx_start
                0x08001144       0x20 CMakeFiles/ABCPhase_LowPowerControlModeule.dir/Bsp/bsp_lora_uart.c.obj
 .text.lora_wait_tx_done
                0x08001164       0x42 CMakeFiles/ABCPhase_LowPowerControlModeule.dir/Bsp/bsp_lora_uart.c.obj
 .text.lora_uart_init
                0x080011a6        0xe CMakeFiles/ABCPhase_LowPowerControlModeule.dir/Bsp/bsp_lora_uart.c.obj
                0x080011a6                lora_uart_init
 .text.lora_send
                0x080011b4       0x5c CMakeFiles/ABCPhase_LowPowerControlModeule.dir/Bsp/bsp_lora_uart.c.obj
                0x080011b4                lora_send
 .text.lora_rx_available
                0x08001210       0x28 CMakeFiles/ABCPhase_LowPowerControlModeule.dir/Bsp/bsp_lora_uart.c.obj
                0x08001210                lora_rx_available
 .text.lora_rx_get
                0x08001238       0x58 CMakeFiles/ABCPhase_LowPowerControlModeule.dir/Bsp/bsp_lora_uart.c.obj
                0x08001238                lora_rx_get
 .text.lora_rx_peek
                0x08001290       0x44 CMakeFiles/ABCPhase_LowPowerControlModeule.dir/Bsp/bsp_lora_uart.c.obj
                0x08001290                lora_rx_peek
 .text.lora_rx_get_bytes
                0x080012d4       0x70 CMakeFiles/ABCPhase_LowPowerControlModeule.dir/Bsp/bsp_lora_uart.c.obj
                0x080012d4                lora_rx_get_bytes
 .text.lora_uart_rx_event
                0x08001344       0x5c CMakeFiles/ABCPhase_LowPowerControlModeule.dir/Bsp/bsp_lora_uart.c.obj
                0x08001344                lora_uart_rx_event
 .text.lora_uart_rx_restart
                0x080013a0        0xe CMakeFiles/ABCPhase_LowPowerControlModeule.dir/Bsp/bsp_lora_uart.c.obj
                0x080013a0                lora_uart_rx_restart
 *fill*         0x080013ae        0x2 
 .text.bsp_gpio_init
                0x080013b0      0x1b8 CMakeFiles/ABCPhase_LowPowerControlModeule.dir/Bsp/bsp_gpio.c.obj
                0x080013b0                bsp_gpio_init
 .text.bsp_gpio_sig_level
                0x08001568       0x58 CMakeFiles/ABCPhase_LowPowerControlModeule.dir/Bsp/bsp_gpio.c.obj
                0x08001568                bsp_gpio_sig_level
 .text.bsp_gpio_set_level
                0x080015c0       0x5c CMakeFiles/ABCPhase_LowPowerControlModeule.dir/Bsp/bsp_gpio.c.obj
                0x080015c0                bsp_gpio_set_level
 .text.bsp_gpio_register_exti_callback
                0x0800161c       0x4c CMakeFiles/ABCPhase_LowPowerControlModeule.dir/Bsp/bsp_gpio.c.obj
                0x0800161c                bsp_gpio_register_exti_callback
 .text.bsp_gpio_get_wake_events
                0x08001668       0x14 CMakeFiles/ABCPhase_LowPowerControlModeule.dir/Bsp/bsp_gpio.c.obj
                0x08001668                bsp_gpio_get_wake_events
 .text.bsp_gpio_clear_wake_events
                0x0800167c       0x14 CMakeFiles/ABCPhase_LowPowerControlModeule.dir/Bsp/bsp_gpio.c.obj
                0x0800167c                bsp_gpio_clear_wake_events
 .text.HAL_GPIO_EXTI_Callback
                0x08001690       0x9c CMakeFiles/ABCPhase_LowPowerControlModeule.dir/Bsp/bsp_gpio.c.obj
                0x08001690                HAL_GPIO_EXTI_Callback
 .text.bsp_power_enter_stop
                0x0800172c       0x1e CMakeFiles/ABCPhase_LowPowerControlModeule.dir/Bsp/bsp_system.c.obj
                0x0800172c                bsp_power_enter_stop
 *fill*         0x0800174a        0x2 
 .text.bsp_system_debug_enable_stop_watch
                0x0800174c       0x3c CMakeFiles/ABCPhase_LowPowerControlModeule.dir/Bsp/bsp_system.c.obj
                0x0800174c                bsp_system_debug_enable_stop_watch
 .text.main     0x08001788       0x26 CMakeFiles/ABCPhase_LowPowerControlModeule.dir/Core/Src/main.c.obj
                0x08001788                main
 *fill*         0x080017ae        0x2 
 .text.SystemClock_Config
                0x080017b0       0xe8 CMakeFiles/ABCPhase_LowPowerControlModeule.dir/Core/Src/main.c.obj
                0x080017b0                SystemClock_Config
 .text.Error_Handler
                0x08001898        0xc CMakeFiles/ABCPhase_LowPowerControlModeule.dir/Core/Src/main.c.obj
                0x08001898                Error_Handler
 .text.MX_GPIO_Init
                0x080018a4       0xd0 CMakeFiles/ABCPhase_LowPowerControlModeule.dir/Core/Src/gpio.c.obj
                0x080018a4                MX_GPIO_Init
 .text.MX_DMA_Init
                0x08001974       0x4c CMakeFiles/ABCPhase_LowPowerControlModeule.dir/Core/Src/dma.c.obj
                0x08001974                MX_DMA_Init
 .text.MX_LPUART1_UART_Init
                0x080019c0       0x5c CMakeFiles/ABCPhase_LowPowerControlModeule.dir/Core/Src/usart.c.obj
                0x080019c0                MX_LPUART1_UART_Init
 .text.MX_USART2_UART_Init
                0x08001a1c       0x60 CMakeFiles/ABCPhase_LowPowerControlModeule.dir/Core/Src/usart.c.obj
                0x08001a1c                MX_USART2_UART_Init
 .text.HAL_UART_MspInit
                0x08001a7c      0x27c CMakeFiles/ABCPhase_LowPowerControlModeule.dir/Core/Src/usart.c.obj
                0x08001a7c                HAL_UART_MspInit
 .text.NMI_Handler
                0x08001cf8        0x8 CMakeFiles/ABCPhase_LowPowerControlModeule.dir/Core/Src/stm32l0xx_it.c.obj
                0x08001cf8                NMI_Handler
 .text.HardFault_Handler
                0x08001d00        0x8 CMakeFiles/ABCPhase_LowPowerControlModeule.dir/Core/Src/stm32l0xx_it.c.obj
                0x08001d00                HardFault_Handler
 .text.SVC_Handler
                0x08001d08        0xa CMakeFiles/ABCPhase_LowPowerControlModeule.dir/Core/Src/stm32l0xx_it.c.obj
                0x08001d08                SVC_Handler
 .text.PendSV_Handler
                0x08001d12        0xa CMakeFiles/ABCPhase_LowPowerControlModeule.dir/Core/Src/stm32l0xx_it.c.obj
                0x08001d12                PendSV_Handler
 .text.SysTick_Handler
                0x08001d1c        0xe CMakeFiles/ABCPhase_LowPowerControlModeule.dir/Core/Src/stm32l0xx_it.c.obj
                0x08001d1c                SysTick_Handler
 *fill*         0x08001d2a        0x2 
 .text.DMA1_Channel2_3_IRQHandler
                0x08001d2c       0x24 CMakeFiles/ABCPhase_LowPowerControlModeule.dir/Core/Src/stm32l0xx_it.c.obj
                0x08001d2c                DMA1_Channel2_3_IRQHandler
 .text.DMA1_Channel4_5_6_7_IRQHandler
                0x08001d50       0x24 CMakeFiles/ABCPhase_LowPowerControlModeule.dir/Core/Src/stm32l0xx_it.c.obj
                0x08001d50                DMA1_Channel4_5_6_7_IRQHandler
 .text.USART2_IRQHandler
                0x08001d74       0x18 CMakeFiles/ABCPhase_LowPowerControlModeule.dir/Core/Src/stm32l0xx_it.c.obj
                0x08001d74                USART2_IRQHandler
 .text.LPUART1_IRQHandler
                0x08001d8c       0x18 CMakeFiles/ABCPhase_LowPowerControlModeule.dir/Core/Src/stm32l0xx_it.c.obj
                0x08001d8c                LPUART1_IRQHandler
 .text.EXTI0_1_IRQHandler
                0x08001da4       0x16 CMakeFiles/ABCPhase_LowPowerControlModeule.dir/Core/Src/stm32l0xx_it.c.obj
                0x08001da4                EXTI0_1_IRQHandler
 .text.EXTI2_3_IRQHandler
                0x08001dba       0x10 CMakeFiles/ABCPhase_LowPowerControlModeule.dir/Core/Src/stm32l0xx_it.c.obj
                0x08001dba                EXTI2_3_IRQHandler
 *fill*         0x08001dca        0x2 
 .text.HAL_MspInit
                0x08001dcc       0x28 CMakeFiles/ABCPhase_LowPowerControlModeule.dir/Core/Src/stm32l0xx_hal_msp.c.obj
                0x08001dcc                HAL_MspInit
 .text.HAL_Init
                0x08001df4       0x40 CMakeFiles/ABCPhase_LowPowerControlModeule.dir/Drivers/STM32L0xx_HAL_Driver/Src/stm32l0xx_hal.c.obj
                0x08001df4                HAL_Init
 .text.HAL_InitTick
                0x08001e34       0x68 CMakeFiles/ABCPhase_LowPowerControlModeule.dir/Drivers/STM32L0xx_HAL_Driver/Src/stm32l0xx_hal.c.obj
                0x08001e34                HAL_InitTick
 .text.HAL_IncTick
                0x08001e9c       0x24 CMakeFiles/ABCPhase_LowPowerControlModeule.dir/Drivers/STM32L0xx_HAL_Driver/Src/stm32l0xx_hal.c.obj
                0x08001e9c                HAL_IncTick
 .text.HAL_GetTick
                0x08001ec0       0x14 CMakeFiles/ABCPhase_LowPowerControlModeule.dir/Drivers/STM32L0xx_HAL_Driver/Src/stm32l0xx_hal.c.obj
                0x08001ec0                HAL_GetTick
 .text.HAL_Delay
                0x08001ed4       0x48 CMakeFiles/ABCPhase_LowPowerControlModeule.dir/Drivers/STM32L0xx_HAL_Driver/Src/stm32l0xx_hal.c.obj
                0x08001ed4                HAL_Delay
 .text.HAL_SuspendTick
                0x08001f1c       0x1c CMakeFiles/ABCPhase_LowPowerControlModeule.dir/Drivers/STM32L0xx_HAL_Driver/Src/stm32l0xx_hal.c.obj
                0x08001f1c                HAL_SuspendTick
 .text.HAL_ResumeTick
                0x08001f38       0x1c CMakeFiles/ABCPhase_LowPowerControlModeule.dir/Drivers/STM32L0xx_HAL_Driver/Src/stm32l0xx_hal.c.obj
                0x08001f38                HAL_ResumeTick
 .text.HAL_RCC_OscConfig
                0x08001f54      0x6f8 CMakeFiles/ABCPhase_LowPowerControlModeule.dir/Drivers/STM32L0xx_HAL_Driver/Src/stm32l0xx_hal_rcc.c.obj
                0x08001f54                HAL_RCC_OscConfig
 .text.HAL_RCC_ClockConfig
                0x0800264c      0x290 CMakeFiles/ABCPhase_LowPowerControlModeule.dir/Drivers/STM32L0xx_HAL_Driver/Src/stm32l0xx_hal_rcc.c.obj
                0x0800264c                HAL_RCC_ClockConfig
 .text.HAL_RCC_GetSysClockFreq
                0x080028dc      0x10c CMakeFiles/ABCPhase_LowPowerControlModeule.dir/Drivers/STM32L0xx_HAL_Driver/Src/stm32l0xx_hal_rcc.c.obj
                0x080028dc                HAL_RCC_GetSysClockFreq
 .text.HAL_RCC_GetHCLKFreq
                0x080029e8       0x14 CMakeFiles/ABCPhase_LowPowerControlModeule.dir/Drivers/STM32L0xx_HAL_Driver/Src/stm32l0xx_hal_rcc.c.obj
                0x080029e8                HAL_RCC_GetHCLKFreq
 .text.HAL_RCC_GetPCLK1Freq
                0x080029fc       0x2c CMakeFiles/ABCPhase_LowPowerControlModeule.dir/Drivers/STM32L0xx_HAL_Driver/Src/stm32l0xx_hal_rcc.c.obj
                0x080029fc                HAL_RCC_GetPCLK1Freq
 .text.HAL_RCC_GetPCLK2Freq
                0x08002a28       0x2c CMakeFiles/ABCPhase_LowPowerControlModeule.dir/Drivers/STM32L0xx_HAL_Driver/Src/stm32l0xx_hal_rcc.c.obj
                0x08002a28                HAL_RCC_GetPCLK2Freq
 .text.HAL_RCCEx_PeriphCLKConfig
                0x08002a54      0x258 CMakeFiles/ABCPhase_LowPowerControlModeule.dir/Drivers/STM32L0xx_HAL_Driver/Src/stm32l0xx_hal_rcc_ex.c.obj
                0x08002a54                HAL_RCCEx_PeriphCLKConfig
 .text.HAL_GPIO_Init
                0x08002cac      0x2dc CMakeFiles/ABCPhase_LowPowerControlModeule.dir/Drivers/STM32L0xx_HAL_Driver/Src/stm32l0xx_hal_gpio.c.obj
                0x08002cac                HAL_GPIO_Init
 .text.HAL_GPIO_ReadPin
                0x08002f88       0x3a CMakeFiles/ABCPhase_LowPowerControlModeule.dir/Drivers/STM32L0xx_HAL_Driver/Src/stm32l0xx_hal_gpio.c.obj
                0x08002f88                HAL_GPIO_ReadPin
 .text.HAL_GPIO_WritePin
                0x08002fc2       0x3a CMakeFiles/ABCPhase_LowPowerControlModeule.dir/Drivers/STM32L0xx_HAL_Driver/Src/stm32l0xx_hal_gpio.c.obj
                0x08002fc2                HAL_GPIO_WritePin
 .text.HAL_GPIO_EXTI_IRQHandler
                0x08002ffc       0x38 CMakeFiles/ABCPhase_LowPowerControlModeule.dir/Drivers/STM32L0xx_HAL_Driver/Src/stm32l0xx_hal_gpio.c.obj
                0x08002ffc                HAL_GPIO_EXTI_IRQHandler
 .text.HAL_DMA_Init
                0x08003034       0xf0 CMakeFiles/ABCPhase_LowPowerControlModeule.dir/Drivers/STM32L0xx_HAL_Driver/Src/stm32l0xx_hal_dma.c.obj
                0x08003034                HAL_DMA_Init
 .text.HAL_DMA_Start_IT
                0x08003124       0xcc CMakeFiles/ABCPhase_LowPowerControlModeule.dir/Drivers/STM32L0xx_HAL_Driver/Src/stm32l0xx_hal_dma.c.obj
                0x08003124                HAL_DMA_Start_IT
 .text.HAL_DMA_Abort
                0x080031f0       0x80 CMakeFiles/ABCPhase_LowPowerControlModeule.dir/Drivers/STM32L0xx_HAL_Driver/Src/stm32l0xx_hal_dma.c.obj
                0x080031f0                HAL_DMA_Abort
 .text.HAL_DMA_Abort_IT
                0x08003270       0x8e CMakeFiles/ABCPhase_LowPowerControlModeule.dir/Drivers/STM32L0xx_HAL_Driver/Src/stm32l0xx_hal_dma.c.obj
                0x08003270                HAL_DMA_Abort_IT
 .text.HAL_DMA_IRQHandler
                0x080032fe      0x15c CMakeFiles/ABCPhase_LowPowerControlModeule.dir/Drivers/STM32L0xx_HAL_Driver/Src/stm32l0xx_hal_dma.c.obj
                0x080032fe                HAL_DMA_IRQHandler
 .text.DMA_SetConfig
                0x0800345a       0x5c CMakeFiles/ABCPhase_LowPowerControlModeule.dir/Drivers/STM32L0xx_HAL_Driver/Src/stm32l0xx_hal_dma.c.obj
 *fill*         0x080034b6        0x2 
 .text.HAL_PWR_EnterSTOPMode
                0x080034b8       0xb8 CMakeFiles/ABCPhase_LowPowerControlModeule.dir/Drivers/STM32L0xx_HAL_Driver/Src/stm32l0xx_hal_pwr.c.obj
                0x080034b8                HAL_PWR_EnterSTOPMode
 .text.__NVIC_EnableIRQ
                0x08003570       0x34 CMakeFiles/ABCPhase_LowPowerControlModeule.dir/Drivers/STM32L0xx_HAL_Driver/Src/stm32l0xx_hal_cortex.c.obj
 .text.__NVIC_SetPriority
                0x080035a4       0xdc CMakeFiles/ABCPhase_LowPowerControlModeule.dir/Drivers/STM32L0xx_HAL_Driver/Src/stm32l0xx_hal_cortex.c.obj
 .text.SysTick_Config
                0x08003680       0x48 CMakeFiles/ABCPhase_LowPowerControlModeule.dir/Drivers/STM32L0xx_HAL_Driver/Src/stm32l0xx_hal_cortex.c.obj
 .text.HAL_NVIC_SetPriority
                0x080036c8       0x2a CMakeFiles/ABCPhase_LowPowerControlModeule.dir/Drivers/STM32L0xx_HAL_Driver/Src/stm32l0xx_hal_cortex.c.obj
                0x080036c8                HAL_NVIC_SetPriority
 .text.HAL_NVIC_EnableIRQ
                0x080036f2       0x20 CMakeFiles/ABCPhase_LowPowerControlModeule.dir/Drivers/STM32L0xx_HAL_Driver/Src/stm32l0xx_hal_cortex.c.obj
                0x080036f2                HAL_NVIC_EnableIRQ
 .text.HAL_SYSTICK_Config
                0x08003712       0x1a CMakeFiles/ABCPhase_LowPowerControlModeule.dir/Drivers/STM32L0xx_HAL_Driver/Src/stm32l0xx_hal_cortex.c.obj
                0x08003712                HAL_SYSTICK_Config
 .text.HAL_UART_Init
                0x0800372c       0xa8 CMakeFiles/ABCPhase_LowPowerControlModeule.dir/Drivers/STM32L0xx_HAL_Driver/Src/stm32l0xx_hal_uart.c.obj
                0x0800372c                HAL_UART_Init
 .text.HAL_UART_Transmit
                0x080037d4      0x13e CMakeFiles/ABCPhase_LowPowerControlModeule.dir/Drivers/STM32L0xx_HAL_Driver/Src/stm32l0xx_hal_uart.c.obj
                0x080037d4                HAL_UART_Transmit
 *fill*         0x08003912        0x2 
 .text.HAL_UART_Transmit_DMA
                0x08003914      0x120 CMakeFiles/ABCPhase_LowPowerControlModeule.dir/Drivers/STM32L0xx_HAL_Driver/Src/stm32l0xx_hal_uart.c.obj
                0x08003914                HAL_UART_Transmit_DMA
 .text.HAL_UART_IRQHandler
                0x08003a34      0x600 CMakeFiles/ABCPhase_LowPowerControlModeule.dir/Drivers/STM32L0xx_HAL_Driver/Src/stm32l0xx_hal_uart.c.obj
                0x08003a34                HAL_UART_IRQHandler
 .text.HAL_UART_TxCpltCallback
                0x08004034       0x10 CMakeFiles/ABCPhase_LowPowerControlModeule.dir/Drivers/STM32L0xx_HAL_Driver/Src/stm32l0xx_hal_uart.c.obj
                0x08004034                HAL_UART_TxCpltCallback
 .text.HAL_UART_TxHalfCpltCallback
                0x08004044       0x10 CMakeFiles/ABCPhase_LowPowerControlModeule.dir/Drivers/STM32L0xx_HAL_Driver/Src/stm32l0xx_hal_uart.c.obj
                0x08004044                HAL_UART_TxHalfCpltCallback
 .text.HAL_UART_RxCpltCallback
                0x08004054       0x10 CMakeFiles/ABCPhase_LowPowerControlModeule.dir/Drivers/STM32L0xx_HAL_Driver/Src/stm32l0xx_hal_uart.c.obj
                0x08004054                HAL_UART_RxCpltCallback
 .text.HAL_UART_RxHalfCpltCallback
                0x08004064       0x10 CMakeFiles/ABCPhase_LowPowerControlModeule.dir/Drivers/STM32L0xx_HAL_Driver/Src/stm32l0xx_hal_uart.c.obj
                0x08004064                HAL_UART_RxHalfCpltCallback
 .text.UART_SetConfig
                0x08004074      0x494 CMakeFiles/ABCPhase_LowPowerControlModeule.dir/Drivers/STM32L0xx_HAL_Driver/Src/stm32l0xx_hal_uart.c.obj
                0x08004074                UART_SetConfig
 .text.UART_AdvFeatureConfig
                0x08004508      0x168 CMakeFiles/ABCPhase_LowPowerControlModeule.dir/Drivers/STM32L0xx_HAL_Driver/Src/stm32l0xx_hal_uart.c.obj
                0x08004508                UART_AdvFeatureConfig
 .text.UART_CheckIdleState
                0x08004670      0x150 CMakeFiles/ABCPhase_LowPowerControlModeule.dir/Drivers/STM32L0xx_HAL_Driver/Src/stm32l0xx_hal_uart.c.obj
                0x08004670                UART_CheckIdleState
 .text.UART_WaitOnFlagUntilTimeout
                0x080047c0       0xde CMakeFiles/ABCPhase_LowPowerControlModeule.dir/Drivers/STM32L0xx_HAL_Driver/Src/stm32l0xx_hal_uart.c.obj
                0x080047c0                UART_WaitOnFlagUntilTimeout
 *fill*         0x0800489e        0x2 
 .text.UART_Start_Receive_DMA
                0x080048a0      0x140 CMakeFiles/ABCPhase_LowPowerControlModeule.dir/Drivers/STM32L0xx_HAL_Driver/Src/stm32l0xx_hal_uart.c.obj
                0x080048a0                UART_Start_Receive_DMA
 .text.UART_EndTxTransfer
                0x080049e0       0x48 CMakeFiles/ABCPhase_LowPowerControlModeule.dir/Drivers/STM32L0xx_HAL_Driver/Src/stm32l0xx_hal_uart.c.obj
 .text.UART_EndRxTransfer
                0x08004a28       0xc8 CMakeFiles/ABCPhase_LowPowerControlModeule.dir/Drivers/STM32L0xx_HAL_Driver/Src/stm32l0xx_hal_uart.c.obj
 .text.UART_DMATransmitCplt
                0x08004af0       0x98 CMakeFiles/ABCPhase_LowPowerControlModeule.dir/Drivers/STM32L0xx_HAL_Driver/Src/stm32l0xx_hal_uart.c.obj
 .text.UART_DMATxHalfCplt
                0x08004b88       0x1e CMakeFiles/ABCPhase_LowPowerControlModeule.dir/Drivers/STM32L0xx_HAL_Driver/Src/stm32l0xx_hal_uart.c.obj
 *fill*         0x08004ba6        0x2 
 .text.UART_DMAReceiveCplt
                0x08004ba8      0x168 CMakeFiles/ABCPhase_LowPowerControlModeule.dir/Drivers/STM32L0xx_HAL_Driver/Src/stm32l0xx_hal_uart.c.obj
 .text.UART_DMARxHalfCplt
                0x08004d10       0x7e CMakeFiles/ABCPhase_LowPowerControlModeule.dir/Drivers/STM32L0xx_HAL_Driver/Src/stm32l0xx_hal_uart.c.obj
 .text.UART_DMAError
                0x08004d8e       0x84 CMakeFiles/ABCPhase_LowPowerControlModeule.dir/Drivers/STM32L0xx_HAL_Driver/Src/stm32l0xx_hal_uart.c.obj
 .text.UART_DMAAbortOnError
                0x08004e12       0x26 CMakeFiles/ABCPhase_LowPowerControlModeule.dir/Drivers/STM32L0xx_HAL_Driver/Src/stm32l0xx_hal_uart.c.obj
 .text.UART_EndTransmit_IT
                0x08004e38       0x56 CMakeFiles/ABCPhase_LowPowerControlModeule.dir/Drivers/STM32L0xx_HAL_Driver/Src/stm32l0xx_hal_uart.c.obj
 .text.HAL_UARTEx_WakeupCallback
                0x08004e8e       0x10 CMakeFiles/ABCPhase_LowPowerControlModeule.dir/Drivers/STM32L0xx_HAL_Driver/Src/stm32l0xx_hal_uart_ex.c.obj
                0x08004e8e                HAL_UARTEx_WakeupCallback
 .text.HAL_UARTEx_ReceiveToIdle_DMA
                0x08004e9e       0xd0 CMakeFiles/ABCPhase_LowPowerControlModeule.dir/Drivers/STM32L0xx_HAL_Driver/Src/stm32l0xx_hal_uart_ex.c.obj
                0x08004e9e                HAL_UARTEx_ReceiveToIdle_DMA
 .text.SystemInit
                0x08004f6e        0xa CMakeFiles/ABCPhase_LowPowerControlModeule.dir/Core/Src/system_stm32l0xx.c.obj
                0x08004f6e                SystemInit
 .text._sbrk    0x08004f78       0x6c CMakeFiles/ABCPhase_LowPowerControlModeule.dir/Core/Src/sysmem.c.obj
                0x08004f78                _sbrk
 .text.Reset_Handler
                0x08004fe4       0x50 CMakeFiles/ABCPhase_LowPowerControlModeule.dir/startup_stm32l031xx.s.obj
                0x08004fe4                Reset_Handler
 .text.Default_Handler
                0x08005034        0x2 CMakeFiles/ABCPhase_LowPowerControlModeule.dir/startup_stm32l031xx.s.obj
                0x08005034                ADC1_COMP_IRQHandler
                0x08005034                PVD_IRQHandler
                0x08005034                I2C1_IRQHandler
                0x08005034                SPI1_IRQHandler
                0x08005034                RTC_IRQHandler
                0x08005034                EXTI4_15_IRQHandler
                0x08005034                RCC_IRQHandler
                0x08005034                DMA1_Channel1_IRQHandler
                0x08005034                Default_Handler
                0x08005034                TIM22_IRQHandler
                0x08005034                TIM21_IRQHandler
                0x08005034                WWDG_IRQHandler
                0x08005034                TIM2_IRQHandler
                0x08005034                FLASH_IRQHandler
                0x08005034                LPTIM1_IRQHandler
 *fill*         0x08005036        0x2 
 .text.__udivmoddi4
                0x08005038      0x198 D:/UserDev/UserTOOL/arm-gnu-toolchain/bin/../lib/gcc/arm-none-eabi/13.3.1/thumb/v6-m/nofp\libgcc.a(_udivmoddi4.o)
                0x08005038                __udivmoddi4
 .text._vsnprintf_r
                0x080051d0       0x5a D:/UserDev/UserTOOL/arm-gnu-toolchain/bin/../lib/gcc/arm-none-eabi/13.3.1/thumb/v6-m/nofp\libg_nano.a(libc_a-vsnprintf.o)
                0x080051d0                _vsniprintf_r
                0x080051d0                _vsnprintf_r
 *fill*         0x0800522a        0x2 
 .text.vsnprintf
                0x0800522c       0x18 D:/UserDev/UserTOOL/arm-gnu-toolchain/bin/../lib/gcc/arm-none-eabi/13.3.1/thumb/v6-m/nofp\libg_nano.a(libc_a-vsnprintf.o)
                0x0800522c                vsniprintf
                0x0800522c                vsnprintf
 .text.__errno  0x08005244        0xc D:/UserDev/UserTOOL/arm-gnu-toolchain/bin/../lib/gcc/arm-none-eabi/13.3.1/thumb/v6-m/nofp\libg_nano.a(libc_a-errno.o)
                0x08005244                __errno
 .text.__ssputs_r
                0x08005250       0xc0 D:/UserDev/UserTOOL/arm-gnu-toolchain/bin/../lib/gcc/arm-none-eabi/13.3.1/thumb/v6-m/nofp\libg_nano.a(libc_a-nano-svfprintf.o)
                0x08005250                __ssputs_r
 .text._svfprintf_r
                0x08005310      0x1fc D:/UserDev/UserTOOL/arm-gnu-toolchain/bin/../lib/gcc/arm-none-eabi/13.3.1/thumb/v6-m/nofp\libg_nano.a(libc_a-nano-svfprintf.o)
                0x08005310                _svfiprintf_r
                0x08005310                _svfprintf_r
 .text._printf_common
                0x0800550c       0xde D:/UserDev/UserTOOL/arm-gnu-toolchain/bin/../lib/gcc/arm-none-eabi/13.3.1/thumb/v6-m/nofp\libg_nano.a(libc_a-nano-vfprintf_i.o)
                0x0800550c                _printf_common
 *fill*         0x080055ea        0x2 
 .text._printf_i
                0x080055ec      0x218 D:/UserDev/UserTOOL/arm-gnu-toolchain/bin/../lib/gcc/arm-none-eabi/13.3.1/thumb/v6-m/nofp\libg_nano.a(libc_a-nano-vfprintf_i.o)
                0x080055ec                _printf_i
 .text.memmove  0x08005804       0x24 D:/UserDev/UserTOOL/arm-gnu-toolchain/bin/../lib/gcc/arm-none-eabi/13.3.1/thumb/v6-m/nofp\libg_nano.a(libc_a-memmove.o)
                0x08005804                memmove
 .text.memchr   0x08005828       0x16 D:/UserDev/UserTOOL/arm-gnu-toolchain/bin/../lib/gcc/arm-none-eabi/13.3.1/thumb/v6-m/nofp\libg_nano.a(libc_a-memchr-stub.o)
                0x08005828                memchr
 .text.memcpy   0x0800583e       0x12 D:/UserDev/UserTOOL/arm-gnu-toolchain/bin/../lib/gcc/arm-none-eabi/13.3.1/thumb/v6-m/nofp\libg_nano.a(libc_a-memcpy-stub.o)
                0x0800583e                memcpy
 .text._realloc_r
                0x08005850       0x60 D:/UserDev/UserTOOL/arm-gnu-toolchain/bin/../lib/gcc/arm-none-eabi/13.3.1/thumb/v6-m/nofp\libg_nano.a(libc_a-reallocr.o)
                0x08005850                _realloc_r
 .text._malloc_usable_size_r
                0x080058b0       0x10 D:/UserDev/UserTOOL/arm-gnu-toolchain/bin/../lib/gcc/arm-none-eabi/13.3.1/thumb/v6-m/nofp\libg_nano.a(libc_a-msizer.o)
                0x080058b0                _malloc_usable_size_r
 *(.glue_7)
 .glue_7        0x080058c0        0x0 linker stubs
 *(.glue_7t)
 .glue_7t       0x080058c0        0x0 linker stubs
 *(.eh_frame)
 .eh_frame      0x080058c0        0x0 D:/UserDev/UserTOOL/arm-gnu-toolchain/bin/../lib/gcc/arm-none-eabi/13.3.1/thumb/v6-m/nofp/crtbegin.o
 *(.init)
 .init          0x080058c0        0x4 D:/UserDev/UserTOOL/arm-gnu-toolchain/bin/../lib/gcc/arm-none-eabi/13.3.1/thumb/v6-m/nofp/crti.o
                0x080058c0                _init
 .init          0x080058c4        0x8 D:/UserDev/UserTOOL/arm-gnu-toolchain/bin/../lib/gcc/arm-none-eabi/13.3.1/thumb/v6-m/nofp/crtn.o
 *(.fini)
 .fini          0x080058cc        0x4 D:/UserDev/UserTOOL/arm-gnu-toolchain/bin/../lib/gcc/arm-none-eabi/13.3.1/thumb/v6-m/nofp/crti.o
                0x080058cc                _fini
 .fini          0x080058d0        0x8 D:/UserDev/UserTOOL/arm-gnu-toolchain/bin/../lib/gcc/arm-none-eabi/13.3.1/thumb/v6-m/nofp/crtn.o
                0x080058d8                        . = ALIGN (0x4)
                0x080058d8                        _etext = .

.vfp11_veneer   0x080058d8        0x0
 .vfp11_veneer  0x080058d8        0x0 linker stubs

.v4_bx          0x080058d8        0x0
 .v4_bx         0x080058d8        0x0 linker stubs

.iplt           0x080058d8        0x0
 .iplt          0x080058d8        0x0 D:/UserDev/UserTOOL/arm-gnu-toolchain/bin/../lib/gcc/arm-none-eabi/13.3.1/thumb/v6-m/nofp/crtbegin.o

.rodata         0x080058d8      0x270
                0x080058d8                        . = ALIGN (0x4)
 *(.rodata)
 .rodata        0x080058d8       0xfa CMakeFiles/ABCPhase_LowPowerControlModeule.dir/App/app_main.c.obj
 *(.rodata*)
 *fill*         0x080059d2        0x2 
 .rodata.s_sig_map
                0x080059d4       0xd8 CMakeFiles/ABCPhase_LowPowerControlModeule.dir/Bsp/bsp_gpio.c.obj
 .rodata.UART_SetConfig
                0x08005aac       0x48 CMakeFiles/ABCPhase_LowPowerControlModeule.dir/Drivers/STM32L0xx_HAL_Driver/Src/stm32l0xx_hal_uart.c.obj
 .rodata.AHBPrescTable
                0x08005af4       0x10 CMakeFiles/ABCPhase_LowPowerControlModeule.dir/Core/Src/system_stm32l0xx.c.obj
                0x08005af4                AHBPrescTable
 .rodata.APBPrescTable
                0x08005b04        0x8 CMakeFiles/ABCPhase_LowPowerControlModeule.dir/Core/Src/system_stm32l0xx.c.obj
                0x08005b04                APBPrescTable
 .rodata.PLLMulTable
                0x08005b0c        0x9 CMakeFiles/ABCPhase_LowPowerControlModeule.dir/Core/Src/system_stm32l0xx.c.obj
                0x08005b0c                PLLMulTable
 .rodata._svfprintf_r.str1.1
                0x08005b15       0x33 D:/UserDev/UserTOOL/arm-gnu-toolchain/bin/../lib/gcc/arm-none-eabi/13.3.1/thumb/v6-m/nofp\libg_nano.a(libc_a-nano-svfprintf.o)
                                 0x11 (size before relaxing)
 .rodata._printf_i.str1.1
                0x08005b48       0x22 D:/UserDev/UserTOOL/arm-gnu-toolchain/bin/../lib/gcc/arm-none-eabi/13.3.1/thumb/v6-m/nofp\libg_nano.a(libc_a-nano-vfprintf_i.o)
                0x08005b6c                        . = ALIGN (0x4)

.ARM.extab
 *(.ARM.extab* .gnu.linkonce.armextab.*)

.ARM            0x08005b48        0x8
                0x08005b48                        __exidx_start = .
 *(.ARM.exidx*)
 .ARM.exidx.text.__udivmoddi4
                0x08005b48        0x8 D:/UserDev/UserTOOL/arm-gnu-toolchain/bin/../lib/gcc/arm-none-eabi/13.3.1/thumb/v6-m/nofp\libgcc.a(_udivmoddi4.o)
                0x08005b50                        __exidx_end = .

.rel.dyn        0x08005b50        0x0
 .rel.iplt      0x08005b50        0x0 D:/UserDev/UserTOOL/arm-gnu-toolchain/bin/../lib/gcc/arm-none-eabi/13.3.1/thumb/v6-m/nofp/crtbegin.o

.preinit_array  0x08005b50        0x0
                0x08005b50                        PROVIDE (__preinit_array_start = .)
 *(.preinit_array*)
                0x08005b50                        PROVIDE (__preinit_array_end = .)

.init_array     0x08005b50        0x4
                0x08005b50                        PROVIDE (__init_array_start = .)
 *(SORT_BY_NAME(.init_array.*))
 *(.init_array*)
 .init_array    0x08005b50        0x4 D:/UserDev/UserTOOL/arm-gnu-toolchain/bin/../lib/gcc/arm-none-eabi/13.3.1/thumb/v6-m/nofp/crtbegin.o
                0x08005b54                        PROVIDE (__init_array_end = .)

.fini_array     0x08005b54        0x4
                [!provide]                        PROVIDE (__fini_array_start = .)
 *(SORT_BY_NAME(.fini_array.*))
 *(.fini_array*)
 .fini_array    0x08005b54        0x4 D:/UserDev/UserTOOL/arm-gnu-toolchain/bin/../lib/gcc/arm-none-eabi/13.3.1/thumb/v6-m/nofp/crtbegin.o
                [!provide]                        PROVIDE (__fini_array_end = .)
                0x08005b58                        _sidata = LOADADDR (.data)

.data           0x20000000       0x88 load address 0x08005b58
                0x20000000                        . = ALIGN (0x4)
                0x20000000                        _sdata = .
 *(.data)
 *(.data*)
 .data._impure_ptr
                0x20000000        0x4 D:/UserDev/UserTOOL/arm-gnu-toolchain/bin/../lib/gcc/arm-none-eabi/13.3.1/thumb/v6-m/nofp\libc_nano.a(libc_a-impure.o)
                0x20000000                _impure_ptr
 .data._impure_data
                0x20000004       0x4c D:/UserDev/UserTOOL/arm-gnu-toolchain/bin/../lib/gcc/arm-none-eabi/13.3.1/thumb/v6-m/nofp\libc_nano.a(libc_a-impure.o)
                0x20000004                _impure_data
 .data.app_lora_status_t
                0x20000050        0x8 CMakeFiles/ABCPhase_LowPowerControlModeule.dir/App/app_lora.c.obj
 .data.lora_drv
                0x20000058       0x14 CMakeFiles/ABCPhase_LowPowerControlModeule.dir/App/app_lora.c.obj
 .data.lora_sig_frame
                0x2000006c        0x5 CMakeFiles/ABCPhase_LowPowerControlModeule.dir/App/app_lora_procotol.c.obj
 *fill*         0x20000071        0x3 
 .data.lora_power_frame
                0x20000074        0x5 CMakeFiles/ABCPhase_LowPowerControlModeule.dir/App/app_lora_procotol.c.obj
 *fill*         0x20000079        0x3 
 .data.uwTickPrio
                0x2000007c        0x4 CMakeFiles/ABCPhase_LowPowerControlModeule.dir/Drivers/STM32L0xx_HAL_Driver/Src/stm32l0xx_hal.c.obj
                0x2000007c                uwTickPrio
 .data.uwTickFreq
                0x20000080        0x1 CMakeFiles/ABCPhase_LowPowerControlModeule.dir/Drivers/STM32L0xx_HAL_Driver/Src/stm32l0xx_hal.c.obj
                0x20000080                uwTickFreq
 *fill*         0x20000081        0x3 
 .data.SystemCoreClock
                0x20000084        0x4 CMakeFiles/ABCPhase_LowPowerControlModeule.dir/Core/Src/system_stm32l0xx.c.obj
                0x20000084                SystemCoreClock
                0x20000088                        . = ALIGN (0x4)
                0x20000088                        _edata = .

.tm_clone_table
                0x20000088        0x0 load address 0x08005be0
 .tm_clone_table
                0x20000088        0x0 D:/UserDev/UserTOOL/arm-gnu-toolchain/bin/../lib/gcc/arm-none-eabi/13.3.1/thumb/v6-m/nofp/crtbegin.o
 .tm_clone_table
                0x20000088        0x0 D:/UserDev/UserTOOL/arm-gnu-toolchain/bin/../lib/gcc/arm-none-eabi/13.3.1/thumb/v6-m/nofp/crtend.o

.igot.plt       0x20000088        0x0 load address 0x08005be0
 .igot.plt      0x20000088        0x0 D:/UserDev/UserTOOL/arm-gnu-toolchain/bin/../lib/gcc/arm-none-eabi/13.3.1/thumb/v6-m/nofp/crtbegin.o
                0x20000088                        . = ALIGN (0x4)

.bss            0x20000088      0x610 load address 0x08005be0
                0x20000088                        _sbss = .
                0x20000088                        __bss_start__ = _sbss
 *(.bss)
 *(.bss*)
 .bss.completed.1
                0x20000088        0x1 D:/UserDev/UserTOOL/arm-gnu-toolchain/bin/../lib/gcc/arm-none-eabi/13.3.1/thumb/v6-m/nofp/crtbegin.o
 *fill*         0x20000089        0x3 
 .bss.object.0  0x2000008c       0x18 D:/UserDev/UserTOOL/arm-gnu-toolchain/bin/../lib/gcc/arm-none-eabi/13.3.1/thumb/v6-m/nofp/crtbegin.o
 .bss.__sf      0x200000a4      0x138 D:/UserDev/UserTOOL/arm-gnu-toolchain/bin/../lib/gcc/arm-none-eabi/13.3.1/thumb/v6-m/nofp\libc_nano.a(libc_a-findfp.o)
                0x200000a4                __sf
 .bss.errno     0x200001dc        0x4 D:/UserDev/UserTOOL/arm-gnu-toolchain/bin/../lib/gcc/arm-none-eabi/13.3.1/thumb/v6-m/nofp\libc_nano.a(libc_a-reent.o)
                0x200001dc                errno
 .bss.__lock___malloc_recursive_mutex
                0x200001e0        0x1 D:/UserDev/UserTOOL/arm-gnu-toolchain/bin/../lib/gcc/arm-none-eabi/13.3.1/thumb/v6-m/nofp\libc_nano.a(libc_a-lock.o)
                0x200001e0                __lock___malloc_recursive_mutex
 *fill*         0x200001e1        0x3 
 .bss.__malloc_sbrk_start
                0x200001e4        0x4 D:/UserDev/UserTOOL/arm-gnu-toolchain/bin/../lib/gcc/arm-none-eabi/13.3.1/thumb/v6-m/nofp\libc_nano.a(libc_a-mallocr.o)
                0x200001e4                __malloc_sbrk_start
 .bss.__malloc_free_list
                0x200001e8        0x4 D:/UserDev/UserTOOL/arm-gnu-toolchain/bin/../lib/gcc/arm-none-eabi/13.3.1/thumb/v6-m/nofp\libc_nano.a(libc_a-mallocr.o)
                0x200001e8                __malloc_free_list
 .bss.s_prev_low.0
                0x200001ec        0x3 CMakeFiles/ABCPhase_LowPowerControlModeule.dir/App/app_main.c.obj
 *fill*         0x200001ef        0x1 
 .bss.lora      0x200001f0        0x6 CMakeFiles/ABCPhase_LowPowerControlModeule.dir/App/app_lora.c.obj
 .bss.lora_wakeup
                0x200001f6        0x1 CMakeFiles/ABCPhase_LowPowerControlModeule.dir/App/app_lora.c.obj
                0x200001f6                lora_wakeup
 *fill*         0x200001f7        0x1 
 .bss.lora_wakeup_cb
                0x200001f8        0x4 CMakeFiles/ABCPhase_LowPowerControlModeule.dir/App/app_lora.c.obj
 .bss.signal_status
                0x200001fc        0x4 CMakeFiles/ABCPhase_LowPowerControlModeule.dir/App/app_lora_procotol.c.obj
 .bss.power_status
                0x20000200        0x4 CMakeFiles/ABCPhase_LowPowerControlModeule.dir/App/app_lora_procotol.c.obj
 .bss.s_rx_buf  0x20000204       0x10 CMakeFiles/ABCPhase_LowPowerControlModeule.dir/App/app_lora_procotol.c.obj
 .bss.s_rx_idx  0x20000214        0x1 CMakeFiles/ABCPhase_LowPowerControlModeule.dir/App/app_lora_procotol.c.obj
 *fill*         0x20000215        0x3 
 .bss.s_rx_tick
                0x20000218        0x4 CMakeFiles/ABCPhase_LowPowerControlModeule.dir/App/app_lora_procotol.c.obj
 .bss.s_rx_dma  0x2000021c       0x40 CMakeFiles/ABCPhase_LowPowerControlModeule.dir/Bsp/bsp_dbg_uart.c.obj
 .bss.s_rx_fifo
                0x2000025c       0x80 CMakeFiles/ABCPhase_LowPowerControlModeule.dir/Bsp/bsp_dbg_uart.c.obj
 .bss.s_rx_head
                0x200002dc        0x2 CMakeFiles/ABCPhase_LowPowerControlModeule.dir/Bsp/bsp_dbg_uart.c.obj
 .bss.s_rx_tail
                0x200002de        0x2 CMakeFiles/ABCPhase_LowPowerControlModeule.dir/Bsp/bsp_dbg_uart.c.obj
 .bss.s_printf_buf
                0x200002e0       0xa0 CMakeFiles/ABCPhase_LowPowerControlModeule.dir/Bsp/bsp_dbg_uart.c.obj
 .bss.s_rx_dma  0x20000380       0x40 CMakeFiles/ABCPhase_LowPowerControlModeule.dir/Bsp/bsp_lora_uart.c.obj
 .bss.s_rx_fifo
                0x200003c0       0x80 CMakeFiles/ABCPhase_LowPowerControlModeule.dir/Bsp/bsp_lora_uart.c.obj
 .bss.s_rx_head
                0x20000440        0x2 CMakeFiles/ABCPhase_LowPowerControlModeule.dir/Bsp/bsp_lora_uart.c.obj
 .bss.s_rx_tail
                0x20000442        0x2 CMakeFiles/ABCPhase_LowPowerControlModeule.dir/Bsp/bsp_lora_uart.c.obj
 .bss.s_wake_events
                0x20000444        0x4 CMakeFiles/ABCPhase_LowPowerControlModeule.dir/Bsp/bsp_gpio.c.obj
 .bss.s_exti_callbacks
                0x20000448       0x18 CMakeFiles/ABCPhase_LowPowerControlModeule.dir/Bsp/bsp_gpio.c.obj
 .bss.hlpuart1  0x20000460       0x88 CMakeFiles/ABCPhase_LowPowerControlModeule.dir/Core/Src/usart.c.obj
                0x20000460                hlpuart1
 .bss.huart2    0x200004e8       0x88 CMakeFiles/ABCPhase_LowPowerControlModeule.dir/Core/Src/usart.c.obj
                0x200004e8                huart2
 .bss.hdma_lpuart1_rx
                0x20000570       0x48 CMakeFiles/ABCPhase_LowPowerControlModeule.dir/Core/Src/usart.c.obj
                0x20000570                hdma_lpuart1_rx
 .bss.hdma_lpuart1_tx
                0x200005b8       0x48 CMakeFiles/ABCPhase_LowPowerControlModeule.dir/Core/Src/usart.c.obj
                0x200005b8                hdma_lpuart1_tx
 .bss.hdma_usart2_rx
                0x20000600       0x48 CMakeFiles/ABCPhase_LowPowerControlModeule.dir/Core/Src/usart.c.obj
                0x20000600                hdma_usart2_rx
 .bss.hdma_usart2_tx
                0x20000648       0x48 CMakeFiles/ABCPhase_LowPowerControlModeule.dir/Core/Src/usart.c.obj
                0x20000648                hdma_usart2_tx
 .bss.uwTick    0x20000690        0x4 CMakeFiles/ABCPhase_LowPowerControlModeule.dir/Drivers/STM32L0xx_HAL_Driver/Src/stm32l0xx_hal.c.obj
                0x20000690                uwTick
 .bss.__sbrk_heap_end
                0x20000694        0x4 CMakeFiles/ABCPhase_LowPowerControlModeule.dir/Core/Src/sysmem.c.obj
 *(COMMON)
                0x20000698                        . = ALIGN (0x4)
                0x20000698                        _ebss = .
                0x20000698                        __bss_end__ = _ebss

._user_heap_stack
                0x20000698      0x600 load address 0x08005be0
                0x20000698                        . = ALIGN (0x8)
                [!provide]                        PROVIDE (end = .)
                0x20000698                        PROVIDE (_end = .)
                0x20000898                        . = (. + _Min_Heap_Size)
 *fill*         0x20000698      0x200 
                0x20000c98                        . = (. + _Min_Stack_Size)
 *fill*         0x20000898      0x400 
                0x20000c98                        . = ALIGN (0x8)

/DISCARD/
 libc.a(*)
 libm.a(*)
 libgcc.a(*)
OUTPUT(ABCPhase_LowPowerControlModeule.elf elf32-littlearm)
LOAD linker stubs
LOAD D:/UserDev/UserTOOL/arm-gnu-toolchain/bin/../lib/gcc/arm-none-eabi/13.3.1/thumb/v6-m/nofp\libc.a
LOAD D:/UserDev/UserTOOL/arm-gnu-toolchain/bin/../lib/gcc/arm-none-eabi/13.3.1/thumb/v6-m/nofp\libm.a
LOAD D:/UserDev/UserTOOL/arm-gnu-toolchain/bin/../lib/gcc/arm-none-eabi/13.3.1/thumb/v6-m/nofp\libgcc.a

.ARM.attributes
                0x00000000       0x28
 .ARM.attributes
                0x00000000       0x1e D:/UserDev/UserTOOL/arm-gnu-toolchain/bin/../lib/gcc/arm-none-eabi/13.3.1/thumb/v6-m/nofp/crti.o
 .ARM.attributes
                0x0000001e       0x2c D:/UserDev/UserTOOL/arm-gnu-toolchain/bin/../lib/gcc/arm-none-eabi/13.3.1/thumb/v6-m/nofp/crtbegin.o
 .ARM.attributes
                0x0000004a       0x2c D:/UserDev/UserTOOL/arm-gnu-toolchain/bin/../lib/gcc/arm-none-eabi/13.3.1/thumb/v6-m/nofp\libc_nano.a(libc_a-findfp.o)
 .ARM.attributes
                0x00000076       0x2c D:/UserDev/UserTOOL/arm-gnu-toolchain/bin/../lib/gcc/arm-none-eabi/13.3.1/thumb/v6-m/nofp\libc_nano.a(libc_a-memset.o)
 .ARM.attributes
                0x000000a2       0x2c D:/UserDev/UserTOOL/arm-gnu-toolchain/bin/../lib/gcc/arm-none-eabi/13.3.1/thumb/v6-m/nofp\libc_nano.a(libc_a-reent.o)
 .ARM.attributes
                0x000000ce       0x2c D:/UserDev/UserTOOL/arm-gnu-toolchain/bin/../lib/gcc/arm-none-eabi/13.3.1/thumb/v6-m/nofp\libc_nano.a(libc_a-impure.o)
 .ARM.attributes
                0x000000fa       0x2c D:/UserDev/UserTOOL/arm-gnu-toolchain/bin/../lib/gcc/arm-none-eabi/13.3.1/thumb/v6-m/nofp\libc_nano.a(libc_a-init.o)
 .ARM.attributes
                0x00000126       0x2c D:/UserDev/UserTOOL/arm-gnu-toolchain/bin/../lib/gcc/arm-none-eabi/13.3.1/thumb/v6-m/nofp\libc_nano.a(libc_a-lock.o)
 .ARM.attributes
                0x00000152       0x2c D:/UserDev/UserTOOL/arm-gnu-toolchain/bin/../lib/gcc/arm-none-eabi/13.3.1/thumb/v6-m/nofp\libc_nano.a(libc_a-freer.o)
 .ARM.attributes
                0x0000017e       0x2c D:/UserDev/UserTOOL/arm-gnu-toolchain/bin/../lib/gcc/arm-none-eabi/13.3.1/thumb/v6-m/nofp\libc_nano.a(libc_a-mallocr.o)
 .ARM.attributes
                0x000001aa       0x2c D:/UserDev/UserTOOL/arm-gnu-toolchain/bin/../lib/gcc/arm-none-eabi/13.3.1/thumb/v6-m/nofp\libc_nano.a(libc_a-mlock.o)
 .ARM.attributes
                0x000001d6       0x2c D:/UserDev/UserTOOL/arm-gnu-toolchain/bin/../lib/gcc/arm-none-eabi/13.3.1/thumb/v6-m/nofp\libc_nano.a(libc_a-sbrkr.o)
 .ARM.attributes
                0x00000202       0x2c CMakeFiles/ABCPhase_LowPowerControlModeule.dir/App/app_main.c.obj
 .ARM.attributes
                0x0000022e       0x2c CMakeFiles/ABCPhase_LowPowerControlModeule.dir/App/app_lora.c.obj
 .ARM.attributes
                0x0000025a       0x2c CMakeFiles/ABCPhase_LowPowerControlModeule.dir/App/app_lora_procotol.c.obj
 .ARM.attributes
                0x00000286       0x2c CMakeFiles/ABCPhase_LowPowerControlModeule.dir/Bsp/bsp_dbg_uart.c.obj
 .ARM.attributes
                0x000002b2       0x2c CMakeFiles/ABCPhase_LowPowerControlModeule.dir/Bsp/bsp_lora_uart.c.obj
 .ARM.attributes
                0x000002de       0x2c CMakeFiles/ABCPhase_LowPowerControlModeule.dir/Bsp/bsp_gpio.c.obj
 .ARM.attributes
                0x0000030a       0x2c CMakeFiles/ABCPhase_LowPowerControlModeule.dir/Bsp/bsp_system.c.obj
 .ARM.attributes
                0x00000336       0x2c CMakeFiles/ABCPhase_LowPowerControlModeule.dir/Core/Src/main.c.obj
 .ARM.attributes
                0x00000362       0x2c CMakeFiles/ABCPhase_LowPowerControlModeule.dir/Core/Src/gpio.c.obj
 .ARM.attributes
                0x0000038e       0x2c CMakeFiles/ABCPhase_LowPowerControlModeule.dir/Core/Src/dma.c.obj
 .ARM.attributes
                0x000003ba       0x2c CMakeFiles/ABCPhase_LowPowerControlModeule.dir/Core/Src/usart.c.obj
 .ARM.attributes
                0x000003e6       0x2c CMakeFiles/ABCPhase_LowPowerControlModeule.dir/Core/Src/stm32l0xx_it.c.obj
 .ARM.attributes
                0x00000412       0x2c CMakeFiles/ABCPhase_LowPowerControlModeule.dir/Core/Src/stm32l0xx_hal_msp.c.obj
 .ARM.attributes
                0x0000043e       0x2c CMakeFiles/ABCPhase_LowPowerControlModeule.dir/Drivers/STM32L0xx_HAL_Driver/Src/stm32l0xx_hal.c.obj
 .ARM.attributes
                0x0000046a       0x2c CMakeFiles/ABCPhase_LowPowerControlModeule.dir/Drivers/STM32L0xx_HAL_Driver/Src/stm32l0xx_hal_rcc.c.obj
 .ARM.attributes
                0x00000496       0x2c CMakeFiles/ABCPhase_LowPowerControlModeule.dir/Drivers/STM32L0xx_HAL_Driver/Src/stm32l0xx_hal_rcc_ex.c.obj
 .ARM.attributes
                0x000004c2       0x2c CMakeFiles/ABCPhase_LowPowerControlModeule.dir/Drivers/STM32L0xx_HAL_Driver/Src/stm32l0xx_hal_gpio.c.obj
 .ARM.attributes
                0x000004ee       0x2c CMakeFiles/ABCPhase_LowPowerControlModeule.dir/Drivers/STM32L0xx_HAL_Driver/Src/stm32l0xx_hal_dma.c.obj
 .ARM.attributes
                0x0000051a       0x2c CMakeFiles/ABCPhase_LowPowerControlModeule.dir/Drivers/STM32L0xx_HAL_Driver/Src/stm32l0xx_hal_pwr.c.obj
 .ARM.attributes
                0x00000546       0x2c CMakeFiles/ABCPhase_LowPowerControlModeule.dir/Drivers/STM32L0xx_HAL_Driver/Src/stm32l0xx_hal_cortex.c.obj
 .ARM.attributes
                0x00000572       0x2c CMakeFiles/ABCPhase_LowPowerControlModeule.dir/Drivers/STM32L0xx_HAL_Driver/Src/stm32l0xx_hal_uart.c.obj
 .ARM.attributes
                0x0000059e       0x2c CMakeFiles/ABCPhase_LowPowerControlModeule.dir/Drivers/STM32L0xx_HAL_Driver/Src/stm32l0xx_hal_uart_ex.c.obj
 .ARM.attributes
                0x000005ca       0x2c CMakeFiles/ABCPhase_LowPowerControlModeule.dir/Core/Src/system_stm32l0xx.c.obj
 .ARM.attributes
                0x000005f6       0x2c CMakeFiles/ABCPhase_LowPowerControlModeule.dir/Core/Src/sysmem.c.obj
 .ARM.attributes
                0x00000622       0x22 CMakeFiles/ABCPhase_LowPowerControlModeule.dir/startup_stm32l031xx.s.obj
 .ARM.attributes
                0x00000644       0x1e D:/UserDev/UserTOOL/arm-gnu-toolchain/bin/../lib/gcc/arm-none-eabi/13.3.1/thumb/v6-m/nofp\libgcc.a(_udivsi3.o)
 .ARM.attributes
                0x00000662       0x1e D:/UserDev/UserTOOL/arm-gnu-toolchain/bin/../lib/gcc/arm-none-eabi/13.3.1/thumb/v6-m/nofp\libgcc.a(_dvmd_tls.o)
 .ARM.attributes
                0x00000680       0x1e D:/UserDev/UserTOOL/arm-gnu-toolchain/bin/../lib/gcc/arm-none-eabi/13.3.1/thumb/v6-m/nofp\libgcc.a(_aeabi_uldivmod.o)
 .ARM.attributes
                0x0000069e       0x2c D:/UserDev/UserTOOL/arm-gnu-toolchain/bin/../lib/gcc/arm-none-eabi/13.3.1/thumb/v6-m/nofp\libgcc.a(_udivmoddi4.o)
 .ARM.attributes
                0x000006ca       0x1e D:/UserDev/UserTOOL/arm-gnu-toolchain/bin/../lib/gcc/arm-none-eabi/13.3.1/thumb/v6-m/nofp\libgcc.a(_clzdi2.o)
 .ARM.attributes
                0x000006e8       0x1e D:/UserDev/UserTOOL/arm-gnu-toolchain/bin/../lib/gcc/arm-none-eabi/13.3.1/thumb/v6-m/nofp\libgcc.a(_clzsi2.o)
 .ARM.attributes
                0x00000706       0x2c D:/UserDev/UserTOOL/arm-gnu-toolchain/bin/../lib/gcc/arm-none-eabi/13.3.1/thumb/v6-m/nofp\libg_nano.a(libc_a-vsnprintf.o)
 .ARM.attributes
                0x00000732       0x2c D:/UserDev/UserTOOL/arm-gnu-toolchain/bin/../lib/gcc/arm-none-eabi/13.3.1/thumb/v6-m/nofp\libg_nano.a(libc_a-errno.o)
 .ARM.attributes
                0x0000075e       0x2c D:/UserDev/UserTOOL/arm-gnu-toolchain/bin/../lib/gcc/arm-none-eabi/13.3.1/thumb/v6-m/nofp\libg_nano.a(libc_a-nano-svfprintf.o)
 .ARM.attributes
                0x0000078a       0x2c D:/UserDev/UserTOOL/arm-gnu-toolchain/bin/../lib/gcc/arm-none-eabi/13.3.1/thumb/v6-m/nofp\libg_nano.a(libc_a-nano-vfprintf_i.o)
 .ARM.attributes
                0x000007b6       0x2c D:/UserDev/UserTOOL/arm-gnu-toolchain/bin/../lib/gcc/arm-none-eabi/13.3.1/thumb/v6-m/nofp\libg_nano.a(libc_a-memmove.o)
 .ARM.attributes
                0x000007e2       0x2c D:/UserDev/UserTOOL/arm-gnu-toolchain/bin/../lib/gcc/arm-none-eabi/13.3.1/thumb/v6-m/nofp\libg_nano.a(libc_a-memchr-stub.o)
 .ARM.attributes
                0x0000080e       0x2c D:/UserDev/UserTOOL/arm-gnu-toolchain/bin/../lib/gcc/arm-none-eabi/13.3.1/thumb/v6-m/nofp\libg_nano.a(libc_a-memcpy-stub.o)
 .ARM.attributes
                0x0000083a       0x2c D:/UserDev/UserTOOL/arm-gnu-toolchain/bin/../lib/gcc/arm-none-eabi/13.3.1/thumb/v6-m/nofp\libg_nano.a(libc_a-reallocr.o)
 .ARM.attributes
                0x00000866       0x2c D:/UserDev/UserTOOL/arm-gnu-toolchain/bin/../lib/gcc/arm-none-eabi/13.3.1/thumb/v6-m/nofp\libg_nano.a(libc_a-msizer.o)
 .ARM.attributes
                0x00000892       0x1e D:/UserDev/UserTOOL/arm-gnu-toolchain/bin/../lib/gcc/arm-none-eabi/13.3.1/thumb/v6-m/nofp\libgcc.a(_thumb1_case_shi.o)
 .ARM.attributes
                0x000008b0       0x2c D:/UserDev/UserTOOL/arm-gnu-toolchain/bin/../lib/gcc/arm-none-eabi/13.3.1/thumb/v6-m/nofp/crtend.o
 .ARM.attributes
                0x000008dc       0x1e D:/UserDev/UserTOOL/arm-gnu-toolchain/bin/../lib/gcc/arm-none-eabi/13.3.1/thumb/v6-m/nofp/crtn.o

.comment        0x00000000       0x45
 .comment       0x00000000       0x45 CMakeFiles/ABCPhase_LowPowerControlModeule.dir/App/app_main.c.obj
                                 0x46 (size before relaxing)
 .comment       0x00000045       0x46 CMakeFiles/ABCPhase_LowPowerControlModeule.dir/App/app_lora.c.obj
 .comment       0x00000045       0x46 CMakeFiles/ABCPhase_LowPowerControlModeule.dir/App/app_lora_procotol.c.obj
 .comment       0x00000045       0x46 CMakeFiles/ABCPhase_LowPowerControlModeule.dir/Bsp/bsp_dbg_uart.c.obj
 .comment       0x00000045       0x46 CMakeFiles/ABCPhase_LowPowerControlModeule.dir/Bsp/bsp_lora_uart.c.obj
 .comment       0x00000045       0x46 CMakeFiles/ABCPhase_LowPowerControlModeule.dir/Bsp/bsp_gpio.c.obj
 .comment       0x00000045       0x46 CMakeFiles/ABCPhase_LowPowerControlModeule.dir/Bsp/bsp_system.c.obj
 .comment       0x00000045       0x46 CMakeFiles/ABCPhase_LowPowerControlModeule.dir/Core/Src/main.c.obj
 .comment       0x00000045       0x46 CMakeFiles/ABCPhase_LowPowerControlModeule.dir/Core/Src/gpio.c.obj
 .comment       0x00000045       0x46 CMakeFiles/ABCPhase_LowPowerControlModeule.dir/Core/Src/dma.c.obj
 .comment       0x00000045       0x46 CMakeFiles/ABCPhase_LowPowerControlModeule.dir/Core/Src/usart.c.obj
 .comment       0x00000045       0x46 CMakeFiles/ABCPhase_LowPowerControlModeule.dir/Core/Src/stm32l0xx_it.c.obj
 .comment       0x00000045       0x46 CMakeFiles/ABCPhase_LowPowerControlModeule.dir/Core/Src/stm32l0xx_hal_msp.c.obj
 .comment       0x00000045       0x46 CMakeFiles/ABCPhase_LowPowerControlModeule.dir/Drivers/STM32L0xx_HAL_Driver/Src/stm32l0xx_hal.c.obj
 .comment       0x00000045       0x46 CMakeFiles/ABCPhase_LowPowerControlModeule.dir/Drivers/STM32L0xx_HAL_Driver/Src/stm32l0xx_hal_rcc.c.obj
 .comment       0x00000045       0x46 CMakeFiles/ABCPhase_LowPowerControlModeule.dir/Drivers/STM32L0xx_HAL_Driver/Src/stm32l0xx_hal_rcc_ex.c.obj
 .comment       0x00000045       0x46 CMakeFiles/ABCPhase_LowPowerControlModeule.dir/Drivers/STM32L0xx_HAL_Driver/Src/stm32l0xx_hal_gpio.c.obj
 .comment       0x00000045       0x46 CMakeFiles/ABCPhase_LowPowerControlModeule.dir/Drivers/STM32L0xx_HAL_Driver/Src/stm32l0xx_hal_dma.c.obj
 .comment       0x00000045       0x46 CMakeFiles/ABCPhase_LowPowerControlModeule.dir/Drivers/STM32L0xx_HAL_Driver/Src/stm32l0xx_hal_pwr.c.obj
 .comment       0x00000045       0x46 CMakeFiles/ABCPhase_LowPowerControlModeule.dir/Drivers/STM32L0xx_HAL_Driver/Src/stm32l0xx_hal_cortex.c.obj
 .comment       0x00000045       0x46 CMakeFiles/ABCPhase_LowPowerControlModeule.dir/Drivers/STM32L0xx_HAL_Driver/Src/stm32l0xx_hal_uart.c.obj
 .comment       0x00000045       0x46 CMakeFiles/ABCPhase_LowPowerControlModeule.dir/Drivers/STM32L0xx_HAL_Driver/Src/stm32l0xx_hal_uart_ex.c.obj
 .comment       0x00000045       0x46 CMakeFiles/ABCPhase_LowPowerControlModeule.dir/Core/Src/system_stm32l0xx.c.obj
 .comment       0x00000045       0x46 CMakeFiles/ABCPhase_LowPowerControlModeule.dir/Core/Src/sysmem.c.obj

.debug_frame    0x00000000     0x28f8
 .debug_frame   0x00000000      0x138 D:/UserDev/UserTOOL/arm-gnu-toolchain/bin/../lib/gcc/arm-none-eabi/13.3.1/thumb/v6-m/nofp\libc_nano.a(libc_a-findfp.o)
 .debug_frame   0x00000138       0x20 D:/UserDev/UserTOOL/arm-gnu-toolchain/bin/../lib/gcc/arm-none-eabi/13.3.1/thumb/v6-m/nofp\libc_nano.a(libc_a-memset.o)
 .debug_frame   0x00000158       0x2c D:/UserDev/UserTOOL/arm-gnu-toolchain/bin/../lib/gcc/arm-none-eabi/13.3.1/thumb/v6-m/nofp\libc_nano.a(libc_a-reent.o)
 .debug_frame   0x00000184       0x2c D:/UserDev/UserTOOL/arm-gnu-toolchain/bin/../lib/gcc/arm-none-eabi/13.3.1/thumb/v6-m/nofp\libc_nano.a(libc_a-init.o)
 .debug_frame   0x000001b0       0xb0 D:/UserDev/UserTOOL/arm-gnu-toolchain/bin/../lib/gcc/arm-none-eabi/13.3.1/thumb/v6-m/nofp\libc_nano.a(libc_a-lock.o)
 .debug_frame   0x00000260       0x2c D:/UserDev/UserTOOL/arm-gnu-toolchain/bin/../lib/gcc/arm-none-eabi/13.3.1/thumb/v6-m/nofp\libc_nano.a(libc_a-freer.o)
 .debug_frame   0x0000028c       0x50 D:/UserDev/UserTOOL/arm-gnu-toolchain/bin/../lib/gcc/arm-none-eabi/13.3.1/thumb/v6-m/nofp\libc_nano.a(libc_a-mallocr.o)
 .debug_frame   0x000002dc       0x40 D:/UserDev/UserTOOL/arm-gnu-toolchain/bin/../lib/gcc/arm-none-eabi/13.3.1/thumb/v6-m/nofp\libc_nano.a(libc_a-mlock.o)
 .debug_frame   0x0000031c       0x2c D:/UserDev/UserTOOL/arm-gnu-toolchain/bin/../lib/gcc/arm-none-eabi/13.3.1/thumb/v6-m/nofp\libc_nano.a(libc_a-sbrkr.o)
 .debug_frame   0x00000348       0x8c CMakeFiles/ABCPhase_LowPowerControlModeule.dir/App/app_main.c.obj
 .debug_frame   0x000003d4      0x19c CMakeFiles/ABCPhase_LowPowerControlModeule.dir/App/app_lora.c.obj
 .debug_frame   0x00000570      0x22c CMakeFiles/ABCPhase_LowPowerControlModeule.dir/App/app_lora_procotol.c.obj
 .debug_frame   0x0000079c      0x1a0 CMakeFiles/ABCPhase_LowPowerControlModeule.dir/Bsp/bsp_dbg_uart.c.obj
 .debug_frame   0x0000093c      0x160 CMakeFiles/ABCPhase_LowPowerControlModeule.dir/Bsp/bsp_lora_uart.c.obj
 .debug_frame   0x00000a9c       0xe8 CMakeFiles/ABCPhase_LowPowerControlModeule.dir/Bsp/bsp_gpio.c.obj
 .debug_frame   0x00000b84       0x4c CMakeFiles/ABCPhase_LowPowerControlModeule.dir/Bsp/bsp_system.c.obj
 .debug_frame   0x00000bd0       0x68 CMakeFiles/ABCPhase_LowPowerControlModeule.dir/Core/Src/main.c.obj
 .debug_frame   0x00000c38       0x30 CMakeFiles/ABCPhase_LowPowerControlModeule.dir/Core/Src/gpio.c.obj
 .debug_frame   0x00000c68       0x30 CMakeFiles/ABCPhase_LowPowerControlModeule.dir/Core/Src/dma.c.obj
 .debug_frame   0x00000c98       0x88 CMakeFiles/ABCPhase_LowPowerControlModeule.dir/Core/Src/usart.c.obj
 .debug_frame   0x00000d20      0x144 CMakeFiles/ABCPhase_LowPowerControlModeule.dir/Core/Src/stm32l0xx_it.c.obj
 .debug_frame   0x00000e64       0x2c CMakeFiles/ABCPhase_LowPowerControlModeule.dir/Core/Src/stm32l0xx_hal_msp.c.obj
 .debug_frame   0x00000e90      0x394 CMakeFiles/ABCPhase_LowPowerControlModeule.dir/Drivers/STM32L0xx_HAL_Driver/Src/stm32l0xx_hal.c.obj
 .debug_frame   0x00001224      0x1a4 CMakeFiles/ABCPhase_LowPowerControlModeule.dir/Drivers/STM32L0xx_HAL_Driver/Src/stm32l0xx_hal_rcc.c.obj
 .debug_frame   0x000013c8       0xfc CMakeFiles/ABCPhase_LowPowerControlModeule.dir/Drivers/STM32L0xx_HAL_Driver/Src/stm32l0xx_hal_rcc_ex.c.obj
 .debug_frame   0x000014c4      0x110 CMakeFiles/ABCPhase_LowPowerControlModeule.dir/Drivers/STM32L0xx_HAL_Driver/Src/stm32l0xx_hal_gpio.c.obj
 .debug_frame   0x000015d4      0x1b0 CMakeFiles/ABCPhase_LowPowerControlModeule.dir/Drivers/STM32L0xx_HAL_Driver/Src/stm32l0xx_hal_dma.c.obj
 .debug_frame   0x00001784      0x200 CMakeFiles/ABCPhase_LowPowerControlModeule.dir/Drivers/STM32L0xx_HAL_Driver/Src/stm32l0xx_hal_pwr.c.obj
 .debug_frame   0x00001984      0x2a0 CMakeFiles/ABCPhase_LowPowerControlModeule.dir/Drivers/STM32L0xx_HAL_Driver/Src/stm32l0xx_hal_cortex.c.obj
 .debug_frame   0x00001c24      0x854 CMakeFiles/ABCPhase_LowPowerControlModeule.dir/Drivers/STM32L0xx_HAL_Driver/Src/stm32l0xx_hal_uart.c.obj
 .debug_frame   0x00002478      0x1b4 CMakeFiles/ABCPhase_LowPowerControlModeule.dir/Drivers/STM32L0xx_HAL_Driver/Src/stm32l0xx_hal_uart_ex.c.obj
 .debug_frame   0x0000262c       0x4c CMakeFiles/ABCPhase_LowPowerControlModeule.dir/Core/Src/system_stm32l0xx.c.obj
 .debug_frame   0x00002678       0x30 CMakeFiles/ABCPhase_LowPowerControlModeule.dir/Core/Src/sysmem.c.obj
 .debug_frame   0x000026a8       0x20 D:/UserDev/UserTOOL/arm-gnu-toolchain/bin/../lib/gcc/arm-none-eabi/13.3.1/thumb/v6-m/nofp\libgcc.a(_udivsi3.o)
 .debug_frame   0x000026c8       0x3c D:/UserDev/UserTOOL/arm-gnu-toolchain/bin/../lib/gcc/arm-none-eabi/13.3.1/thumb/v6-m/nofp\libgcc.a(_udivmoddi4.o)
 .debug_frame   0x00002704       0x48 D:/UserDev/UserTOOL/arm-gnu-toolchain/bin/../lib/gcc/arm-none-eabi/13.3.1/thumb/v6-m/nofp\libg_nano.a(libc_a-vsnprintf.o)
 .debug_frame   0x0000274c       0x20 D:/UserDev/UserTOOL/arm-gnu-toolchain/bin/../lib/gcc/arm-none-eabi/13.3.1/thumb/v6-m/nofp\libg_nano.a(libc_a-errno.o)
 .debug_frame   0x0000276c       0x74 D:/UserDev/UserTOOL/arm-gnu-toolchain/bin/../lib/gcc/arm-none-eabi/13.3.1/thumb/v6-m/nofp\libg_nano.a(libc_a-nano-svfprintf.o)
 .debug_frame   0x000027e0       0x54 D:/UserDev/UserTOOL/arm-gnu-toolchain/bin/../lib/gcc/arm-none-eabi/13.3.1/thumb/v6-m/nofp\libg_nano.a(libc_a-nano-vfprintf_i.o)
 .debug_frame   0x00002834       0x28 D:/UserDev/UserTOOL/arm-gnu-toolchain/bin/../lib/gcc/arm-none-eabi/13.3.1/thumb/v6-m/nofp\libg_nano.a(libc_a-memmove.o)
 .debug_frame   0x0000285c       0x20 D:/UserDev/UserTOOL/arm-gnu-toolchain/bin/../lib/gcc/arm-none-eabi/13.3.1/thumb/v6-m/nofp\libg_nano.a(libc_a-memchr-stub.o)
 .debug_frame   0x0000287c       0x28 D:/UserDev/UserTOOL/arm-gnu-toolchain/bin/../lib/gcc/arm-none-eabi/13.3.1/thumb/v6-m/nofp\libg_nano.a(libc_a-memcpy-stub.o)
 .debug_frame   0x000028a4       0x34 D:/UserDev/UserTOOL/arm-gnu-toolchain/bin/../lib/gcc/arm-none-eabi/13.3.1/thumb/v6-m/nofp\libg_nano.a(libc_a-reallocr.o)
 .debug_frame   0x000028d8       0x20 D:/UserDev/UserTOOL/arm-gnu-toolchain/bin/../lib/gcc/arm-none-eabi/13.3.1/thumb/v6-m/nofp\libg_nano.a(libc_a-msizer.o)

.debug_info     0x00000000     0xc88f
 .debug_info    0x00000000      0x4d6 CMakeFiles/ABCPhase_LowPowerControlModeule.dir/App/app_main.c.obj
 .debug_info    0x000004d6      0x5a7 CMakeFiles/ABCPhase_LowPowerControlModeule.dir/App/app_lora.c.obj
 .debug_info    0x00000a7d      0x7f0 CMakeFiles/ABCPhase_LowPowerControlModeule.dir/App/app_lora_procotol.c.obj
 .debug_info    0x0000126d      0xa06 CMakeFiles/ABCPhase_LowPowerControlModeule.dir/Bsp/bsp_dbg_uart.c.obj
 .debug_info    0x00001c73      0x8eb CMakeFiles/ABCPhase_LowPowerControlModeule.dir/Bsp/bsp_lora_uart.c.obj
 .debug_info    0x0000255e      0x6f9 CMakeFiles/ABCPhase_LowPowerControlModeule.dir/Bsp/bsp_gpio.c.obj
 .debug_info    0x00002c57      0x156 CMakeFiles/ABCPhase_LowPowerControlModeule.dir/Bsp/bsp_system.c.obj
 .debug_info    0x00002dad      0x39d CMakeFiles/ABCPhase_LowPowerControlModeule.dir/Core/Src/main.c.obj
 .debug_info    0x0000314a      0x368 CMakeFiles/ABCPhase_LowPowerControlModeule.dir/Core/Src/gpio.c.obj
 .debug_info    0x000034b2      0x2af CMakeFiles/ABCPhase_LowPowerControlModeule.dir/Core/Src/dma.c.obj
 .debug_info    0x00003761      0xb0e CMakeFiles/ABCPhase_LowPowerControlModeule.dir/Core/Src/usart.c.obj
 .debug_info    0x0000426f      0x759 CMakeFiles/ABCPhase_LowPowerControlModeule.dir/Core/Src/stm32l0xx_it.c.obj
 .debug_info    0x000049c8      0x1ba CMakeFiles/ABCPhase_LowPowerControlModeule.dir/Core/Src/stm32l0xx_hal_msp.c.obj
 .debug_info    0x00004b82      0x818 CMakeFiles/ABCPhase_LowPowerControlModeule.dir/Drivers/STM32L0xx_HAL_Driver/Src/stm32l0xx_hal.c.obj
 .debug_info    0x0000539a      0x96b CMakeFiles/ABCPhase_LowPowerControlModeule.dir/Drivers/STM32L0xx_HAL_Driver/Src/stm32l0xx_hal_rcc.c.obj
 .debug_info    0x00005d05      0x46d CMakeFiles/ABCPhase_LowPowerControlModeule.dir/Drivers/STM32L0xx_HAL_Driver/Src/stm32l0xx_hal_rcc_ex.c.obj
 .debug_info    0x00006172      0x624 CMakeFiles/ABCPhase_LowPowerControlModeule.dir/Drivers/STM32L0xx_HAL_Driver/Src/stm32l0xx_hal_gpio.c.obj
 .debug_info    0x00006796      0x70b CMakeFiles/ABCPhase_LowPowerControlModeule.dir/Drivers/STM32L0xx_HAL_Driver/Src/stm32l0xx_hal_dma.c.obj
 .debug_info    0x00006ea1      0x5fe CMakeFiles/ABCPhase_LowPowerControlModeule.dir/Drivers/STM32L0xx_HAL_Driver/Src/stm32l0xx_hal_pwr.c.obj
 .debug_info    0x0000749f      0x678 CMakeFiles/ABCPhase_LowPowerControlModeule.dir/Drivers/STM32L0xx_HAL_Driver/Src/stm32l0xx_hal_cortex.c.obj
 .debug_info    0x00007b17     0x3b66 CMakeFiles/ABCPhase_LowPowerControlModeule.dir/Drivers/STM32L0xx_HAL_Driver/Src/stm32l0xx_hal_uart.c.obj
 .debug_info    0x0000b67d      0xdaa CMakeFiles/ABCPhase_LowPowerControlModeule.dir/Drivers/STM32L0xx_HAL_Driver/Src/stm32l0xx_hal_uart_ex.c.obj
 .debug_info    0x0000c427      0x2d0 CMakeFiles/ABCPhase_LowPowerControlModeule.dir/Core/Src/system_stm32l0xx.c.obj
 .debug_info    0x0000c6f7      0x168 CMakeFiles/ABCPhase_LowPowerControlModeule.dir/Core/Src/sysmem.c.obj
 .debug_info    0x0000c85f       0x30 CMakeFiles/ABCPhase_LowPowerControlModeule.dir/startup_stm32l031xx.s.obj

.debug_abbrev   0x00000000     0x2ebd
 .debug_abbrev  0x00000000      0x1f4 CMakeFiles/ABCPhase_LowPowerControlModeule.dir/App/app_main.c.obj
 .debug_abbrev  0x000001f4      0x270 CMakeFiles/ABCPhase_LowPowerControlModeule.dir/App/app_lora.c.obj
 .debug_abbrev  0x00000464      0x30f CMakeFiles/ABCPhase_LowPowerControlModeule.dir/App/app_lora_procotol.c.obj
 .debug_abbrev  0x00000773      0x2d7 CMakeFiles/ABCPhase_LowPowerControlModeule.dir/Bsp/bsp_dbg_uart.c.obj
 .debug_abbrev  0x00000a4a      0x2ad CMakeFiles/ABCPhase_LowPowerControlModeule.dir/Bsp/bsp_lora_uart.c.obj
 .debug_abbrev  0x00000cf7      0x255 CMakeFiles/ABCPhase_LowPowerControlModeule.dir/Bsp/bsp_gpio.c.obj
 .debug_abbrev  0x00000f4c       0xfe CMakeFiles/ABCPhase_LowPowerControlModeule.dir/Bsp/bsp_system.c.obj
 .debug_abbrev  0x0000104a      0x1a2 CMakeFiles/ABCPhase_LowPowerControlModeule.dir/Core/Src/main.c.obj
 .debug_abbrev  0x000011ec      0x14f CMakeFiles/ABCPhase_LowPowerControlModeule.dir/Core/Src/gpio.c.obj
 .debug_abbrev  0x0000133b       0xfc CMakeFiles/ABCPhase_LowPowerControlModeule.dir/Core/Src/dma.c.obj
 .debug_abbrev  0x00001437      0x230 CMakeFiles/ABCPhase_LowPowerControlModeule.dir/Core/Src/usart.c.obj
 .debug_abbrev  0x00001667      0x184 CMakeFiles/ABCPhase_LowPowerControlModeule.dir/Core/Src/stm32l0xx_it.c.obj
 .debug_abbrev  0x000017eb       0x9f CMakeFiles/ABCPhase_LowPowerControlModeule.dir/Core/Src/stm32l0xx_hal_msp.c.obj
 .debug_abbrev  0x0000188a      0x2a4 CMakeFiles/ABCPhase_LowPowerControlModeule.dir/Drivers/STM32L0xx_HAL_Driver/Src/stm32l0xx_hal.c.obj
 .debug_abbrev  0x00001b2e      0x295 CMakeFiles/ABCPhase_LowPowerControlModeule.dir/Drivers/STM32L0xx_HAL_Driver/Src/stm32l0xx_hal_rcc.c.obj
 .debug_abbrev  0x00001dc3      0x1d2 CMakeFiles/ABCPhase_LowPowerControlModeule.dir/Drivers/STM32L0xx_HAL_Driver/Src/stm32l0xx_hal_rcc_ex.c.obj
 .debug_abbrev  0x00001f95      0x1ca CMakeFiles/ABCPhase_LowPowerControlModeule.dir/Drivers/STM32L0xx_HAL_Driver/Src/stm32l0xx_hal_gpio.c.obj
 .debug_abbrev  0x0000215f      0x1cd CMakeFiles/ABCPhase_LowPowerControlModeule.dir/Drivers/STM32L0xx_HAL_Driver/Src/stm32l0xx_hal_dma.c.obj
 .debug_abbrev  0x0000232c      0x18c CMakeFiles/ABCPhase_LowPowerControlModeule.dir/Drivers/STM32L0xx_HAL_Driver/Src/stm32l0xx_hal_pwr.c.obj
 .debug_abbrev  0x000024b8      0x26f CMakeFiles/ABCPhase_LowPowerControlModeule.dir/Drivers/STM32L0xx_HAL_Driver/Src/stm32l0xx_hal_cortex.c.obj
 .debug_abbrev  0x00002727      0x2e0 CMakeFiles/ABCPhase_LowPowerControlModeule.dir/Drivers/STM32L0xx_HAL_Driver/Src/stm32l0xx_hal_uart.c.obj
 .debug_abbrev  0x00002a07      0x2ba CMakeFiles/ABCPhase_LowPowerControlModeule.dir/Drivers/STM32L0xx_HAL_Driver/Src/stm32l0xx_hal_uart_ex.c.obj
 .debug_abbrev  0x00002cc1      0x11c CMakeFiles/ABCPhase_LowPowerControlModeule.dir/Core/Src/system_stm32l0xx.c.obj
 .debug_abbrev  0x00002ddd       0xbc CMakeFiles/ABCPhase_LowPowerControlModeule.dir/Core/Src/sysmem.c.obj
 .debug_abbrev  0x00002e99       0x24 CMakeFiles/ABCPhase_LowPowerControlModeule.dir/startup_stm32l031xx.s.obj

.debug_aranges  0x00000000      0xb30
 .debug_aranges
                0x00000000       0x38 CMakeFiles/ABCPhase_LowPowerControlModeule.dir/App/app_main.c.obj
 .debug_aranges
                0x00000038       0x80 CMakeFiles/ABCPhase_LowPowerControlModeule.dir/App/app_lora.c.obj
 .debug_aranges
                0x000000b8       0xa0 CMakeFiles/ABCPhase_LowPowerControlModeule.dir/App/app_lora_procotol.c.obj
 .debug_aranges
                0x00000158       0x80 CMakeFiles/ABCPhase_LowPowerControlModeule.dir/Bsp/bsp_dbg_uart.c.obj
 .debug_aranges
                0x000001d8       0x70 CMakeFiles/ABCPhase_LowPowerControlModeule.dir/Bsp/bsp_lora_uart.c.obj
 .debug_aranges
                0x00000248       0x50 CMakeFiles/ABCPhase_LowPowerControlModeule.dir/Bsp/bsp_gpio.c.obj
 .debug_aranges
                0x00000298       0x28 CMakeFiles/ABCPhase_LowPowerControlModeule.dir/Bsp/bsp_system.c.obj
 .debug_aranges
                0x000002c0       0x30 CMakeFiles/ABCPhase_LowPowerControlModeule.dir/Core/Src/main.c.obj
 .debug_aranges
                0x000002f0       0x20 CMakeFiles/ABCPhase_LowPowerControlModeule.dir/Core/Src/gpio.c.obj
 .debug_aranges
                0x00000310       0x20 CMakeFiles/ABCPhase_LowPowerControlModeule.dir/Core/Src/dma.c.obj
 .debug_aranges
                0x00000330       0x38 CMakeFiles/ABCPhase_LowPowerControlModeule.dir/Core/Src/usart.c.obj
 .debug_aranges
                0x00000368       0x70 CMakeFiles/ABCPhase_LowPowerControlModeule.dir/Core/Src/stm32l0xx_it.c.obj
 .debug_aranges
                0x000003d8       0x20 CMakeFiles/ABCPhase_LowPowerControlModeule.dir/Core/Src/stm32l0xx_hal_msp.c.obj
 .debug_aranges
                0x000003f8      0x110 CMakeFiles/ABCPhase_LowPowerControlModeule.dir/Drivers/STM32L0xx_HAL_Driver/Src/stm32l0xx_hal.c.obj
 .debug_aranges
                0x00000508       0x80 CMakeFiles/ABCPhase_LowPowerControlModeule.dir/Drivers/STM32L0xx_HAL_Driver/Src/stm32l0xx_hal_rcc.c.obj
 .debug_aranges
                0x00000588       0x58 CMakeFiles/ABCPhase_LowPowerControlModeule.dir/Drivers/STM32L0xx_HAL_Driver/Src/stm32l0xx_hal_rcc_ex.c.obj
 .debug_aranges
                0x000005e0       0x58 CMakeFiles/ABCPhase_LowPowerControlModeule.dir/Drivers/STM32L0xx_HAL_Driver/Src/stm32l0xx_hal_gpio.c.obj
 .debug_aranges
                0x00000638       0x80 CMakeFiles/ABCPhase_LowPowerControlModeule.dir/Drivers/STM32L0xx_HAL_Driver/Src/stm32l0xx_hal_dma.c.obj
 .debug_aranges
                0x000006b8       0xa0 CMakeFiles/ABCPhase_LowPowerControlModeule.dir/Drivers/STM32L0xx_HAL_Driver/Src/stm32l0xx_hal_pwr.c.obj
 .debug_aranges
                0x00000758       0xc0 CMakeFiles/ABCPhase_LowPowerControlModeule.dir/Drivers/STM32L0xx_HAL_Driver/Src/stm32l0xx_hal_cortex.c.obj
 .debug_aranges
                0x00000818      0x228 CMakeFiles/ABCPhase_LowPowerControlModeule.dir/Drivers/STM32L0xx_HAL_Driver/Src/stm32l0xx_hal_uart.c.obj
 .debug_aranges
                0x00000a40       0x80 CMakeFiles/ABCPhase_LowPowerControlModeule.dir/Drivers/STM32L0xx_HAL_Driver/Src/stm32l0xx_hal_uart_ex.c.obj
 .debug_aranges
                0x00000ac0       0x28 CMakeFiles/ABCPhase_LowPowerControlModeule.dir/Core/Src/system_stm32l0xx.c.obj
 .debug_aranges
                0x00000ae8       0x20 CMakeFiles/ABCPhase_LowPowerControlModeule.dir/Core/Src/sysmem.c.obj
 .debug_aranges
                0x00000b08       0x28 CMakeFiles/ABCPhase_LowPowerControlModeule.dir/startup_stm32l031xx.s.obj

.debug_rnglists
                0x00000000      0x862
 .debug_rnglists
                0x00000000       0x27 CMakeFiles/ABCPhase_LowPowerControlModeule.dir/App/app_main.c.obj
 .debug_rnglists
                0x00000027       0x5b CMakeFiles/ABCPhase_LowPowerControlModeule.dir/App/app_lora.c.obj
 .debug_rnglists
                0x00000082       0x85 CMakeFiles/ABCPhase_LowPowerControlModeule.dir/App/app_lora_procotol.c.obj
 .debug_rnglists
                0x00000107       0x5b CMakeFiles/ABCPhase_LowPowerControlModeule.dir/Bsp/bsp_dbg_uart.c.obj
 .debug_rnglists
                0x00000162       0x4f CMakeFiles/ABCPhase_LowPowerControlModeule.dir/Bsp/bsp_lora_uart.c.obj
 .debug_rnglists
                0x000001b1       0x39 CMakeFiles/ABCPhase_LowPowerControlModeule.dir/Bsp/bsp_gpio.c.obj
 .debug_rnglists
                0x000001ea       0x19 CMakeFiles/ABCPhase_LowPowerControlModeule.dir/Bsp/bsp_system.c.obj
 .debug_rnglists
                0x00000203       0x20 CMakeFiles/ABCPhase_LowPowerControlModeule.dir/Core/Src/main.c.obj
 .debug_rnglists
                0x00000223       0x14 CMakeFiles/ABCPhase_LowPowerControlModeule.dir/Core/Src/gpio.c.obj
 .debug_rnglists
                0x00000237       0x13 CMakeFiles/ABCPhase_LowPowerControlModeule.dir/Core/Src/dma.c.obj
 .debug_rnglists
                0x0000024a       0x27 CMakeFiles/ABCPhase_LowPowerControlModeule.dir/Core/Src/usart.c.obj
 .debug_rnglists
                0x00000271       0x4f CMakeFiles/ABCPhase_LowPowerControlModeule.dir/Core/Src/stm32l0xx_it.c.obj
 .debug_rnglists
                0x000002c0       0x13 CMakeFiles/ABCPhase_LowPowerControlModeule.dir/Core/Src/stm32l0xx_hal_msp.c.obj
 .debug_rnglists
                0x000002d3       0xc7 CMakeFiles/ABCPhase_LowPowerControlModeule.dir/Drivers/STM32L0xx_HAL_Driver/Src/stm32l0xx_hal.c.obj
 .debug_rnglists
                0x0000039a       0x61 CMakeFiles/ABCPhase_LowPowerControlModeule.dir/Drivers/STM32L0xx_HAL_Driver/Src/stm32l0xx_hal_rcc.c.obj
 .debug_rnglists
                0x000003fb       0x40 CMakeFiles/ABCPhase_LowPowerControlModeule.dir/Drivers/STM32L0xx_HAL_Driver/Src/stm32l0xx_hal_rcc_ex.c.obj
 .debug_rnglists
                0x0000043b       0x3f CMakeFiles/ABCPhase_LowPowerControlModeule.dir/Drivers/STM32L0xx_HAL_Driver/Src/stm32l0xx_hal_gpio.c.obj
 .debug_rnglists
                0x0000047a       0x65 CMakeFiles/ABCPhase_LowPowerControlModeule.dir/Drivers/STM32L0xx_HAL_Driver/Src/stm32l0xx_hal_dma.c.obj
 .debug_rnglists
                0x000004df       0x76 CMakeFiles/ABCPhase_LowPowerControlModeule.dir/Drivers/STM32L0xx_HAL_Driver/Src/stm32l0xx_hal_pwr.c.obj
 .debug_rnglists
                0x00000555       0x8c CMakeFiles/ABCPhase_LowPowerControlModeule.dir/Drivers/STM32L0xx_HAL_Driver/Src/stm32l0xx_hal_cortex.c.obj
 .debug_rnglists
                0x000005e1      0x1db CMakeFiles/ABCPhase_LowPowerControlModeule.dir/Drivers/STM32L0xx_HAL_Driver/Src/stm32l0xx_hal_uart.c.obj
 .debug_rnglists
                0x000007bc       0x60 CMakeFiles/ABCPhase_LowPowerControlModeule.dir/Drivers/STM32L0xx_HAL_Driver/Src/stm32l0xx_hal_uart_ex.c.obj
 .debug_rnglists
                0x0000081c       0x1a CMakeFiles/ABCPhase_LowPowerControlModeule.dir/Core/Src/system_stm32l0xx.c.obj
 .debug_rnglists
                0x00000836       0x13 CMakeFiles/ABCPhase_LowPowerControlModeule.dir/Core/Src/sysmem.c.obj
 .debug_rnglists
                0x00000849       0x19 CMakeFiles/ABCPhase_LowPowerControlModeule.dir/startup_stm32l031xx.s.obj

.debug_macro    0x00000000    0x13346
 .debug_macro   0x00000000      0x223 CMakeFiles/ABCPhase_LowPowerControlModeule.dir/App/app_main.c.obj
 .debug_macro   0x00000223      0xaae CMakeFiles/ABCPhase_LowPowerControlModeule.dir/App/app_main.c.obj
 .debug_macro   0x00000cd1       0x8e CMakeFiles/ABCPhase_LowPowerControlModeule.dir/App/app_main.c.obj
 .debug_macro   0x00000d5f       0x22 CMakeFiles/ABCPhase_LowPowerControlModeule.dir/App/app_main.c.obj
 .debug_macro   0x00000d81       0x8e CMakeFiles/ABCPhase_LowPowerControlModeule.dir/App/app_main.c.obj
 .debug_macro   0x00000e0f       0x51 CMakeFiles/ABCPhase_LowPowerControlModeule.dir/App/app_main.c.obj
 .debug_macro   0x00000e60      0x103 CMakeFiles/ABCPhase_LowPowerControlModeule.dir/App/app_main.c.obj
 .debug_macro   0x00000f63       0x6a CMakeFiles/ABCPhase_LowPowerControlModeule.dir/App/app_main.c.obj
 .debug_macro   0x00000fcd      0x1df CMakeFiles/ABCPhase_LowPowerControlModeule.dir/App/app_main.c.obj
 .debug_macro   0x000011ac      0x12b CMakeFiles/ABCPhase_LowPowerControlModeule.dir/App/app_main.c.obj
 .debug_macro   0x000012d7       0x2e CMakeFiles/ABCPhase_LowPowerControlModeule.dir/App/app_main.c.obj
 .debug_macro   0x00001305       0x28 CMakeFiles/ABCPhase_LowPowerControlModeule.dir/App/app_main.c.obj
 .debug_macro   0x0000132d       0x1c CMakeFiles/ABCPhase_LowPowerControlModeule.dir/App/app_main.c.obj
 .debug_macro   0x00001349       0x22 CMakeFiles/ABCPhase_LowPowerControlModeule.dir/App/app_main.c.obj
 .debug_macro   0x0000136b       0xaf CMakeFiles/ABCPhase_LowPowerControlModeule.dir/App/app_main.c.obj
 .debug_macro   0x0000141a      0x3ad CMakeFiles/ABCPhase_LowPowerControlModeule.dir/App/app_main.c.obj
 .debug_macro   0x000017c7     0x8137 CMakeFiles/ABCPhase_LowPowerControlModeule.dir/App/app_main.c.obj
 .debug_macro   0x000098fe       0x66 CMakeFiles/ABCPhase_LowPowerControlModeule.dir/App/app_main.c.obj
 .debug_macro   0x00009964     0x35ac CMakeFiles/ABCPhase_LowPowerControlModeule.dir/App/app_main.c.obj
 .debug_macro   0x0000cf10      0x190 CMakeFiles/ABCPhase_LowPowerControlModeule.dir/App/app_main.c.obj
 .debug_macro   0x0000d0a0       0x5c CMakeFiles/ABCPhase_LowPowerControlModeule.dir/App/app_main.c.obj
 .debug_macro   0x0000d0fc      0x8b4 CMakeFiles/ABCPhase_LowPowerControlModeule.dir/App/app_main.c.obj
 .debug_macro   0x0000d9b0      0x474 CMakeFiles/ABCPhase_LowPowerControlModeule.dir/App/app_main.c.obj
 .debug_macro   0x0000de24      0x189 CMakeFiles/ABCPhase_LowPowerControlModeule.dir/App/app_main.c.obj
 .debug_macro   0x0000dfad      0x13f CMakeFiles/ABCPhase_LowPowerControlModeule.dir/App/app_main.c.obj
 .debug_macro   0x0000e0ec      0x10d CMakeFiles/ABCPhase_LowPowerControlModeule.dir/App/app_main.c.obj
 .debug_macro   0x0000e1f9       0x82 CMakeFiles/ABCPhase_LowPowerControlModeule.dir/App/app_main.c.obj
 .debug_macro   0x0000e27b      0x28e CMakeFiles/ABCPhase_LowPowerControlModeule.dir/App/app_main.c.obj
 .debug_macro   0x0000e509       0x28 CMakeFiles/ABCPhase_LowPowerControlModeule.dir/App/app_main.c.obj
 .debug_macro   0x0000e531      0x128 CMakeFiles/ABCPhase_LowPowerControlModeule.dir/App/app_main.c.obj
 .debug_macro   0x0000e659      0x23b CMakeFiles/ABCPhase_LowPowerControlModeule.dir/App/app_main.c.obj
 .debug_macro   0x0000e894      0x22c CMakeFiles/ABCPhase_LowPowerControlModeule.dir/App/app_main.c.obj
 .debug_macro   0x0000eac0       0x5b CMakeFiles/ABCPhase_LowPowerControlModeule.dir/App/app_main.c.obj
 .debug_macro   0x0000eb1b       0xa5 CMakeFiles/ABCPhase_LowPowerControlModeule.dir/App/app_main.c.obj
 .debug_macro   0x0000ebc0       0x85 CMakeFiles/ABCPhase_LowPowerControlModeule.dir/App/app_main.c.obj
 .debug_macro   0x0000ec45      0x255 CMakeFiles/ABCPhase_LowPowerControlModeule.dir/App/app_main.c.obj
 .debug_macro   0x0000ee9a      0x186 CMakeFiles/ABCPhase_LowPowerControlModeule.dir/App/app_main.c.obj
 .debug_macro   0x0000f020       0x16 CMakeFiles/ABCPhase_LowPowerControlModeule.dir/App/app_main.c.obj
 .debug_macro   0x0000f036      0x5cf CMakeFiles/ABCPhase_LowPowerControlModeule.dir/App/app_main.c.obj
 .debug_macro   0x0000f605       0x44 CMakeFiles/ABCPhase_LowPowerControlModeule.dir/App/app_main.c.obj
 .debug_macro   0x0000f649      0x12a CMakeFiles/ABCPhase_LowPowerControlModeule.dir/App/app_main.c.obj
 .debug_macro   0x0000f773      0x204 CMakeFiles/ABCPhase_LowPowerControlModeule.dir/App/app_lora.c.obj
 .debug_macro   0x0000f977       0x22 CMakeFiles/ABCPhase_LowPowerControlModeule.dir/App/app_lora.c.obj
 .debug_macro   0x0000f999       0x10 CMakeFiles/ABCPhase_LowPowerControlModeule.dir/App/app_lora.c.obj
 .debug_macro   0x0000f9a9      0x32e CMakeFiles/ABCPhase_LowPowerControlModeule.dir/App/app_lora_procotol.c.obj
 .debug_macro   0x0000fcd7       0x7b CMakeFiles/ABCPhase_LowPowerControlModeule.dir/App/app_lora_procotol.c.obj
 .debug_macro   0x0000fd52       0x24 CMakeFiles/ABCPhase_LowPowerControlModeule.dir/App/app_lora_procotol.c.obj
 .debug_macro   0x0000fd76       0x3c CMakeFiles/ABCPhase_LowPowerControlModeule.dir/App/app_lora_procotol.c.obj
 .debug_macro   0x0000fdb2       0x34 CMakeFiles/ABCPhase_LowPowerControlModeule.dir/App/app_lora_procotol.c.obj
 .debug_macro   0x0000fde6      0x370 CMakeFiles/ABCPhase_LowPowerControlModeule.dir/App/app_lora_procotol.c.obj
 .debug_macro   0x00010156       0x16 CMakeFiles/ABCPhase_LowPowerControlModeule.dir/App/app_lora_procotol.c.obj
 .debug_macro   0x0001016c       0x4a CMakeFiles/ABCPhase_LowPowerControlModeule.dir/App/app_lora_procotol.c.obj
 .debug_macro   0x000101b6       0x34 CMakeFiles/ABCPhase_LowPowerControlModeule.dir/App/app_lora_procotol.c.obj
 .debug_macro   0x000101ea       0x10 CMakeFiles/ABCPhase_LowPowerControlModeule.dir/App/app_lora_procotol.c.obj
 .debug_macro   0x000101fa       0x58 CMakeFiles/ABCPhase_LowPowerControlModeule.dir/App/app_lora_procotol.c.obj
 .debug_macro   0x00010252      0x1e5 CMakeFiles/ABCPhase_LowPowerControlModeule.dir/App/app_lora_procotol.c.obj
 .debug_macro   0x00010437       0x10 CMakeFiles/ABCPhase_LowPowerControlModeule.dir/App/app_lora_procotol.c.obj
 .debug_macro   0x00010447       0x3c CMakeFiles/ABCPhase_LowPowerControlModeule.dir/App/app_lora_procotol.c.obj
 .debug_macro   0x00010483       0x56 CMakeFiles/ABCPhase_LowPowerControlModeule.dir/App/app_lora_procotol.c.obj
 .debug_macro   0x000104d9      0x2c5 CMakeFiles/ABCPhase_LowPowerControlModeule.dir/Bsp/bsp_dbg_uart.c.obj
 .debug_macro   0x0001079e       0x58 CMakeFiles/ABCPhase_LowPowerControlModeule.dir/Bsp/bsp_dbg_uart.c.obj
 .debug_macro   0x000107f6       0x16 CMakeFiles/ABCPhase_LowPowerControlModeule.dir/Bsp/bsp_dbg_uart.c.obj
 .debug_macro   0x0001080c       0x9e CMakeFiles/ABCPhase_LowPowerControlModeule.dir/Bsp/bsp_dbg_uart.c.obj
 .debug_macro   0x000108aa      0x112 CMakeFiles/ABCPhase_LowPowerControlModeule.dir/Bsp/bsp_dbg_uart.c.obj
 .debug_macro   0x000109bc       0x16 CMakeFiles/ABCPhase_LowPowerControlModeule.dir/Bsp/bsp_dbg_uart.c.obj
 .debug_macro   0x000109d2       0x16 CMakeFiles/ABCPhase_LowPowerControlModeule.dir/Bsp/bsp_dbg_uart.c.obj
 .debug_macro   0x000109e8      0x170 CMakeFiles/ABCPhase_LowPowerControlModeule.dir/Bsp/bsp_dbg_uart.c.obj
 .debug_macro   0x00010b58      0x1f2 CMakeFiles/ABCPhase_LowPowerControlModeule.dir/Bsp/bsp_lora_uart.c.obj
 .debug_macro   0x00010d4a      0x1e4 CMakeFiles/ABCPhase_LowPowerControlModeule.dir/Bsp/bsp_gpio.c.obj
 .debug_macro   0x00010f2e      0x1d8 CMakeFiles/ABCPhase_LowPowerControlModeule.dir/Bsp/bsp_system.c.obj
 .debug_macro   0x00011106      0x20d CMakeFiles/ABCPhase_LowPowerControlModeule.dir/Core/Src/main.c.obj
 .debug_macro   0x00011313      0x1d8 CMakeFiles/ABCPhase_LowPowerControlModeule.dir/Core/Src/gpio.c.obj
 .debug_macro   0x000114eb      0x1d8 CMakeFiles/ABCPhase_LowPowerControlModeule.dir/Core/Src/dma.c.obj
 .debug_macro   0x000116c3      0x1d8 CMakeFiles/ABCPhase_LowPowerControlModeule.dir/Core/Src/usart.c.obj
 .debug_macro   0x0001189b      0x1e6 CMakeFiles/ABCPhase_LowPowerControlModeule.dir/Core/Src/stm32l0xx_it.c.obj
 .debug_macro   0x00011a81      0x1ce CMakeFiles/ABCPhase_LowPowerControlModeule.dir/Core/Src/stm32l0xx_hal_msp.c.obj
 .debug_macro   0x00011c4f      0x1e8 CMakeFiles/ABCPhase_LowPowerControlModeule.dir/Drivers/STM32L0xx_HAL_Driver/Src/stm32l0xx_hal.c.obj
 .debug_macro   0x00011e37      0x1fa CMakeFiles/ABCPhase_LowPowerControlModeule.dir/Drivers/STM32L0xx_HAL_Driver/Src/stm32l0xx_hal_rcc.c.obj
 .debug_macro   0x00012031      0x1c4 CMakeFiles/ABCPhase_LowPowerControlModeule.dir/Drivers/STM32L0xx_HAL_Driver/Src/stm32l0xx_hal_rcc_ex.c.obj
 .debug_macro   0x000121f5      0x1cb CMakeFiles/ABCPhase_LowPowerControlModeule.dir/Drivers/STM32L0xx_HAL_Driver/Src/stm32l0xx_hal_gpio.c.obj
 .debug_macro   0x000123c0      0x1c4 CMakeFiles/ABCPhase_LowPowerControlModeule.dir/Drivers/STM32L0xx_HAL_Driver/Src/stm32l0xx_hal_dma.c.obj
 .debug_macro   0x00012584      0x1dc CMakeFiles/ABCPhase_LowPowerControlModeule.dir/Drivers/STM32L0xx_HAL_Driver/Src/stm32l0xx_hal_pwr.c.obj
 .debug_macro   0x00012760      0x1c4 CMakeFiles/ABCPhase_LowPowerControlModeule.dir/Drivers/STM32L0xx_HAL_Driver/Src/stm32l0xx_hal_cortex.c.obj
 .debug_macro   0x00012924      0x1ef CMakeFiles/ABCPhase_LowPowerControlModeule.dir/Drivers/STM32L0xx_HAL_Driver/Src/stm32l0xx_hal_uart.c.obj
 .debug_macro   0x00012b13      0x1c4 CMakeFiles/ABCPhase_LowPowerControlModeule.dir/Drivers/STM32L0xx_HAL_Driver/Src/stm32l0xx_hal_uart_ex.c.obj
 .debug_macro   0x00012cd7      0x1c4 CMakeFiles/ABCPhase_LowPowerControlModeule.dir/Core/Src/system_stm32l0xx.c.obj